Archive member included to satisfy reference by file (symbol)

/home/ermenal/.silabs/slt/installs/conan/p/gcc-a442105b5c2637/p/bin/../lib/gcc/arm-none-eabi/12.2.1/thumb/v8-m.main+fp/hard/libgcc.a(_arm_muldf3.o)
                              build/debug/sdk/util/third_party/printf/printf.o (__aeabi_dmul)
/home/ermenal/.silabs/slt/installs/conan/p/gcc-a442105b5c2637/p/bin/../lib/gcc/arm-none-eabi/12.2.1/thumb/v8-m.main+fp/hard/libgcc.a(_arm_addsubdf3.o)
                              build/debug/sdk/util/third_party/printf/printf.o (__aeabi_dsub)
/home/ermenal/.silabs/slt/installs/conan/p/gcc-a442105b5c2637/p/bin/../lib/gcc/arm-none-eabi/12.2.1/thumb/v8-m.main+fp/hard/libgcc.a(_arm_muldivdf3.o)
                              build/debug/sdk/util/third_party/printf/printf.o (__aeabi_ddiv)
/home/ermenal/.silabs/slt/installs/conan/p/gcc-a442105b5c2637/p/bin/../lib/gcc/arm-none-eabi/12.2.1/thumb/v8-m.main+fp/hard/libgcc.a(_arm_cmpdf2.o)
                              build/debug/sdk/util/third_party/printf/printf.o (__aeabi_dcmpeq)
/home/ermenal/.silabs/slt/installs/conan/p/gcc-a442105b5c2637/p/bin/../lib/gcc/arm-none-eabi/12.2.1/thumb/v8-m.main+fp/hard/libgcc.a(_arm_fixdfsi.o)
                              build/debug/sdk/util/third_party/printf/printf.o (__aeabi_d2iz)
/home/ermenal/.silabs/slt/installs/conan/p/gcc-a442105b5c2637/p/bin/../lib/gcc/arm-none-eabi/12.2.1/thumb/v8-m.main+fp/hard/libgcc.a(_arm_fixunsdfsi.o)
                              build/debug/sdk/util/third_party/printf/printf.o (__aeabi_d2uiz)
/home/ermenal/.silabs/slt/installs/conan/p/gcc-a442105b5c2637/p/bin/../lib/gcc/arm-none-eabi/12.2.1/thumb/v8-m.main+fp/hard/libgcc.a(_aeabi_uldivmod.o)
                              build/debug/sdk/platform/emlib/src/em_eusart.o (__aeabi_uldivmod)
/home/ermenal/.silabs/slt/installs/conan/p/gcc-a442105b5c2637/p/bin/../lib/gcc/arm-none-eabi/12.2.1/thumb/v8-m.main+fp/hard/libgcc.a(_udivmoddi4.o)
                              /home/ermenal/.silabs/slt/installs/conan/p/gcc-a442105b5c2637/p/bin/../lib/gcc/arm-none-eabi/12.2.1/thumb/v8-m.main+fp/hard/libgcc.a(_aeabi_uldivmod.o) (__udivmoddi4)
/home/ermenal/.silabs/slt/installs/conan/p/gcc-a442105b5c2637/p/bin/../lib/gcc/arm-none-eabi/12.2.1/thumb/v8-m.main+fp/hard/libgcc.a(_dvmd_tls.o)
                              /home/ermenal/.silabs/slt/installs/conan/p/gcc-a442105b5c2637/p/bin/../lib/gcc/arm-none-eabi/12.2.1/thumb/v8-m.main+fp/hard/libgcc.a(_aeabi_uldivmod.o) (__aeabi_ldiv0)
/home/ermenal/.silabs/slt/installs/conan/p/gcc-a442105b5c2637/p/bin/../lib/gcc/arm-none-eabi/12.2.1/../../../../arm-none-eabi/lib/thumb/v8-m.main+fp/hard/libc_nano.a(libc_a-exit.o)
                              /home/ermenal/.silabs/slt/installs/conan/p/gcc-a442105b5c2637/p/bin/../lib/gcc/arm-none-eabi/12.2.1/../../../../arm-none-eabi/lib/thumb/v8-m.main+fp/hard/crt0.o (exit)
/home/ermenal/.silabs/slt/installs/conan/p/gcc-a442105b5c2637/p/bin/../lib/gcc/arm-none-eabi/12.2.1/../../../../arm-none-eabi/lib/thumb/v8-m.main+fp/hard/libc_nano.a(libc_a-init.o)
                              /home/ermenal/.silabs/slt/installs/conan/p/gcc-a442105b5c2637/p/bin/../lib/gcc/arm-none-eabi/12.2.1/../../../../arm-none-eabi/lib/thumb/v8-m.main+fp/hard/crt0.o (__libc_init_array)
/home/ermenal/.silabs/slt/installs/conan/p/gcc-a442105b5c2637/p/bin/../lib/gcc/arm-none-eabi/12.2.1/../../../../arm-none-eabi/lib/thumb/v8-m.main+fp/hard/libc_nano.a(libc_a-strcmp.o)
                              build/debug/project/autogen/sl_iostream_handles.o (strcmp)
/home/ermenal/.silabs/slt/installs/conan/p/gcc-a442105b5c2637/p/bin/../lib/gcc/arm-none-eabi/12.2.1/../../../../arm-none-eabi/lib/thumb/v8-m.main+fp/hard/libc_nano.a(libc_a-memcpy-stub.o)
                              build/debug/sdk/platform/service/iostream/src/sl_iostream_uart.o (memcpy)
/home/ermenal/.silabs/slt/installs/conan/p/gcc-a442105b5c2637/p/bin/../lib/gcc/arm-none-eabi/12.2.1/../../../../arm-none-eabi/lib/thumb/v8-m.main+fp/hard/libc_nano.a(libc_a-findfp.o)
                              /home/ermenal/.silabs/slt/installs/conan/p/gcc-a442105b5c2637/p/bin/../lib/gcc/arm-none-eabi/12.2.1/../../../../arm-none-eabi/lib/thumb/v8-m.main+fp/hard/libc_nano.a(libc_a-exit.o) (__stdio_exit_handler)
/home/ermenal/.silabs/slt/installs/conan/p/gcc-a442105b5c2637/p/bin/../lib/gcc/arm-none-eabi/12.2.1/../../../../arm-none-eabi/lib/thumb/v8-m.main+fp/hard/libc_nano.a(libc_a-stdio.o)
                              /home/ermenal/.silabs/slt/installs/conan/p/gcc-a442105b5c2637/p/bin/../lib/gcc/arm-none-eabi/12.2.1/../../../../arm-none-eabi/lib/thumb/v8-m.main+fp/hard/libc_nano.a(libc_a-findfp.o) (__sread)
/home/ermenal/.silabs/slt/installs/conan/p/gcc-a442105b5c2637/p/bin/../lib/gcc/arm-none-eabi/12.2.1/../../../../arm-none-eabi/lib/thumb/v8-m.main+fp/hard/libc_nano.a(libc_a-ctype_.o)
                              build/debug/sdk/platform/common/src/sl_string.o (_ctype_)
[...]
Memory Configuration

Name             Origin             Length             Attributes
FLASH            0x000000000802c000 0x0000000000054000 xr
RAM              0x0000000020003000 0x0000000000005000 xrw
*default*        0x0000000000000000 0xffffffffffffffff

Linker script and memory map

LOAD /home/ermenal/.silabs/slt/installs/conan/p/gcc-a442105b5c2637/p/bin/../lib/gcc/arm-none-eabi/12.2.1/thumb/v8-m.main+fp/hard/crti.o
LOAD /home/ermenal/.silabs/slt/installs/conan/p/gcc-a442105b5c2637/p/bin/../lib/gcc/arm-none-eabi/12.2.1/thumb/v8-m.main+fp/hard/crtbegin.o
LOAD /home/ermenal/.silabs/slt/installs/conan/p/gcc-a442105b5c2637/p/bin/../lib/gcc/arm-none-eabi/12.2.1/../../../../arm-none-eabi/lib/thumb/v8-m.main+fp/hard/crt0.o
LOAD build/debug/sdk/hardware/board/src/sl_board_control_gpio.o
LOAD build/debug/sdk/hardware/board/src/sl_board_init.o
LOAD build/debug/sdk/hardware/driver/configuration_over_swo/src/sl_cos.o
LOAD build/debug/sdk/platform/common/src/sl_assert.o
LOAD build/debug/sdk/platform/common/src/sl_core_cortexm.o
LOAD build/debug/sdk/platform/common/src/sl_slist.o
LOAD build/debug/sdk/platform/common/src/sl_string.o
LOAD build/debug/sdk/platform/common/src/sl_syscalls.o
LOAD build/debug/sdk/platform/Device/SiliconLabs/EFR32FG23/Source/startup_efr32fg23.o
LOAD build/debug/sdk/platform/Device/SiliconLabs/EFR32FG23/Source/system_efr32fg23.o
LOAD build/debug/sdk/platform/driver/debug/src/sl_debug_swo.o
LOAD build/debug/sdk/platform/driver/gpio/src/sl_gpio.o
LOAD build/debug/sdk/platform/emdrv/dmadrv/src/dmadrv.o
LOAD build/debug/sdk/platform/emlib/src/em_cmu.o
LOAD build/debug/sdk/platform/emlib/src/em_emu.o
LOAD build/debug/sdk/platform/emlib/src/em_eusart.o
LOAD build/debug/sdk/platform/emlib/src/em_gpio.o
LOAD build/debug/sdk/platform/emlib/src/em_ldma.o
LOAD build/debug/sdk/platform/emlib/src/em_system.o
LOAD build/debug/sdk/platform/peripheral/src/sl_hal_eusart.o
LOAD build/debug/sdk/platform/peripheral/src/sl_hal_gpio.o
LOAD build/debug/sdk/platform/peripheral/src/sl_hal_prs.o
LOAD build/debug/sdk/platform/security/sl_component/sl_mbedtls_support/src/sl_mbedtls.o
LOAD build/debug/sdk/platform/security/sl_component/sl_mbedtls_support/src/sl_psa_crypto.o
LOAD build/debug/sdk/platform/security/sl_component/sl_mbedtls_support/src/sli_psa_crypto.o
LOAD build/debug/sdk/platform/security/sl_component/sl_trustzone/src/sli_tz_ns_interface.o
LOAD build/debug/sdk/platform/security/sl_component/sl_trustzone/src/sli_tz_service_nvm3_ns.o
LOAD build/debug/sdk/platform/security/sl_component/sl_trustzone/src/sli_tz_service_syscfg_ns.o
LOAD build/debug/sdk/platform/service/clock_manager/src/sl_clock_manager.o
LOAD build/debug/sdk/platform/service/clock_manager/src/sl_clock_manager_hal_s2.o
LOAD build/debug/sdk/platform/service/clock_manager/src/sl_clock_manager_init.o
LOAD build/debug/sdk/platform/service/clock_manager/src/sl_clock_manager_init_hal_s2.o
LOAD build/debug/sdk/platform/service/device_init/src/sl_device_init_dcdc_s2.o
LOAD build/debug/sdk/platform/service/device_init/src/sl_device_init_emu_s2.o
LOAD build/debug/sdk/platform/service/device_manager/clocks/sl_device_clock_efr32xg23.o
LOAD build/debug/sdk/platform/service/device_manager/devices/sl_device_peripheral_hal_efr32xg23.o
LOAD build/debug/sdk/platform/service/device_manager/src/sl_device_clock.o
LOAD build/debug/sdk/platform/service/device_manager/src/sl_device_gpio.o
LOAD build/debug/sdk/platform/service/device_manager/src/sl_device_peripheral.o
LOAD build/debug/sdk/platform/service/interrupt_manager/src/sl_interrupt_manager_cortexm.o
LOAD build/debug/sdk/platform/service/iostream/src/sl_iostream.o
LOAD build/debug/sdk/platform/service/iostream/src/sl_iostream_eusart.o
LOAD build/debug/sdk/platform/service/iostream/src/sl_iostream_retarget_stdio.o
LOAD build/debug/sdk/platform/service/iostream/src/sl_iostream_uart.o
LOAD build/debug/sdk/platform/service/memory_manager/src/sl_memory_manager.o
LOAD build/debug/sdk/platform/service/memory_manager/src/sl_memory_manager_dynamic_reservation.o
LOAD build/debug/sdk/platform/service/memory_manager/src/sl_memory_manager_pool.o
LOAD build/debug/sdk/platform/service/memory_manager/src/sl_memory_manager_pool_common.o
LOAD build/debug/sdk/platform/service/memory_manager/src/sl_memory_manager_region.o
LOAD build/debug/sdk/platform/service/memory_manager/src/sl_memory_manager_retarget.o
LOAD build/debug/sdk/platform/service/memory_manager/src/sli_memory_manager_common.o
LOAD build/debug/sdk/platform/service/mpu/src/sl_mpu_s2.o
LOAD build/debug/sdk/platform/service/sl_main/sl_system_compatibility/src/sl_system_compatibility.o
LOAD build/debug/sdk/platform/service/sl_main/src/sl_main_init.o
LOAD build/debug/sdk/platform/service/sl_main/src/sl_main_init_memory.o
LOAD build/debug/sdk/platform/service/sl_main/src/sl_main_process_action.o
LOAD build/debug/sdk/util/third_party/mbedtls/library/constant_time.o
LOAD build/debug/sdk/util/third_party/mbedtls/library/platform.o
LOAD build/debug/sdk/util/third_party/mbedtls/library/platform_util.o
LOAD build/debug/sdk/util/third_party/mbedtls/library/psa_util.o
LOAD build/debug/sdk/util/third_party/mbedtls/library/threading.o
LOAD build/debug/sdk/util/third_party/printf/printf.o
LOAD build/debug/sdk/util/third_party/printf/src/iostream_printf.o
LOAD build/debug/sdk/util/third_party/trusted-firmware-m/interface/src/tfm_crypto_func_api.o
LOAD build/debug/sdk/util/third_party/trusted-firmware-m/interface/src/tfm_its_func_api.o
LOAD build/debug/sdk/util/third_party/trusted-firmware-m/platform/ext/target/siliconlabs/common/tfm_ns_interface.o
LOAD build/debug/project/autogen/sl_board_default_init.o
LOAD build/debug/project/autogen/sl_event_handler.o
LOAD build/debug/project/autogen/sl_iostream_handles.o
LOAD build/debug/project/autogen/sl_iostream_init_eusart_instances.o
LOAD build/debug/project/main.o
START GROUP
LOAD /home/ermenal/.silabs/slt/installs/conan/p/gcc-a442105b5c2637/p/bin/../lib/gcc/arm-none-eabi/12.2.1/thumb/v8-m.main+fp/hard/libgcc.a
LOAD /home/ermenal/.silabs/slt/installs/conan/p/gcc-a442105b5c2637/p/bin/../lib/gcc/arm-none-eabi/12.2.1/../../../../arm-none-eabi/lib/thumb/v8-m.main+fp/hard/libc_nano.a
LOAD /home/ermenal/.silabs/slt/installs/conan/p/gcc-a442105b5c2637/p/bin/../lib/gcc/arm-none-eabi/12.2.1/../../../../arm-none-eabi/lib/thumb/v8-m.main+fp/hard/libm.a
LOAD /home/ermenal/.silabs/slt/installs/conan/p/gcc-a442105b5c2637/p/bin/../lib/gcc/arm-none-eabi/12.2.1/../../../../arm-none-eabi/lib/thumb/v8-m.main+fp/hard/libnosys.a
LOAD ../thesis_project_s/artifact/trustzone_secure_library.o
END GROUP
START GROUP
LOAD /home/ermenal/.silabs/slt/installs/conan/p/gcc-a442105b5c2637/p/bin/../lib/gcc/arm-none-eabi/12.2.1/thumb/v8-m.main+fp/hard/libgcc.a
LOAD /home/ermenal/.silabs/slt/installs/conan/p/gcc-a442105b5c2637/p/bin/../lib/gcc/arm-none-eabi/12.2.1/../../../../arm-none-eabi/lib/thumb/v8-m.main+fp/hard/libc_nano.a
END GROUP
START GROUP
LOAD /home/ermenal/.silabs/slt/installs/conan/p/gcc-a442105b5c2637/p/bin/../lib/gcc/arm-none-eabi/12.2.1/thumb/v8-m.main+fp/hard/libgcc.a
LOAD /home/ermenal/.silabs/slt/installs/conan/p/gcc-a442105b5c2637/p/bin/../lib/gcc/arm-none-eabi/12.2.1/../../../../arm-none-eabi/lib/thumb/v8-m.main+fp/hard/libc_nano.a
END GROUP
LOAD /home/ermenal/.silabs/slt/installs/conan/p/gcc-a442105b5c2637/p/bin/../lib/gcc/arm-none-eabi/12.2.1/thumb/v8-m.main+fp/hard/crtend.o
LOAD /home/ermenal/.silabs/slt/installs/conan/p/gcc-a442105b5c2637/p/bin/../lib/gcc/arm-none-eabi/12.2.1/thumb/v8-m.main+fp/hard/crtn.o

.vectors        0x000000000802c000      0x170
                0x000000000802c000                linker_vectors_begin = .
 *(.vectors)
 .vectors       0x000000000802c000      0x170 build/debug/sdk/platform/Device/SiliconLabs/EFR32FG23/Source/startup_efr32fg23.o
                0x000000000802c000                __Vectors
                0x000000000802c170                linker_vectors_end = .
                0x000000000802c170                __Vectors_End = .
                0x000000000802c170                __Vectors_Size = (__Vectors_End - __Vectors)

.stack          0x0000000020003000     0x1000
                0x0000000020003000                . = ALIGN (0x8)
                0x0000000020003000                __StackLimit = .
 *(.stack*)
 .stack         0x0000000020003000     0x1000 build/debug/sdk/platform/service/memory_manager/src/sl_memory_manager_region.o
                0x0000000020004000                . = ALIGN (0x4)
                0x0000000020004000                __StackTop = .
                0x0000000020004000                PROVIDE (__stack = __StackTop)

.bss            0x0000000020004000      0x440
                0x0000000020004000                . = ALIGN (0x4)
                0x0000000020004000                __bss_start__ = .
 *(SORT_BY_ALIGNMENT(.bss*))
 .bss.object.0  0x0000000020004000       0x18 /home/ermenal/.silabs/slt/installs/conan/p/gcc-a442105b5c2637/p/bin/../lib/gcc/arm-none-eabi/12.2.1/thumb/v8-m.main+fp/hard/crtbegin.o
 .bss.gpio_interrupts
                0x0000000020004018      0x168 build/debug/sdk/platform/driver/gpio/src/sl_gpio.o
 .bss.dmaXfer   0x0000000020004180      0x100 build/debug/sdk/platform/emdrv/dmadrv/src/dmadrv.o
 .bss.chTable   0x0000000020004280       0x80 build/debug/sdk/platform/emdrv/dmadrv/src/dmadrv.o
 .bss.vScaleEM01Config
                0x0000000020004300        0x1 build/debug/sdk/platform/emlib/src/em_emu.o
 *fill*         0x0000000020004301        0x3 
 .bss.sli_iostream_default
                0x0000000020004304        0x4 build/debug/sdk/platform/service/iostream/src/sl_iostream.o
 .bss.sli_general_purpose_heap
                0x0000000020004308       0x28 build/debug/sdk/platform/service/memory_manager/src/sl_memory_manager.o
                0x0000000020004308                sli_general_purpose_heap
 .bss.region_nbr
                0x0000000020004330        0x4 build/debug/sdk/platform/service/mpu/src/sl_mpu_s2.o
 .bss.sl_iostream_recommended_console_stream
                0x0000000020004334        0x4 build/debug/project/autogen/sl_iostream_handles.o
                0x0000000020004334                sl_iostream_recommended_console_stream
 .bss.rx_buffer_vcom
                0x0000000020004338       0x20 build/debug/project/autogen/sl_iostream_init_eusart_instances.o
 .bss.context_vcom
                0x0000000020004358       0xb4 build/debug/project/autogen/sl_iostream_init_eusart_instances.o
 .bss.sl_iostream_vcom
                0x000000002000440c       0x1c build/debug/project/autogen/sl_iostream_init_eusart_instances.o
 .bss.__stdio_exit_handler
                0x0000000020004428        0x4 /home/ermenal/.silabs/slt/installs/conan/p/gcc-a442105b5c2637/p/bin/../lib/gcc/arm-none-eabi/12.2.1/../../../../arm-none-eabi/lib/thumb/v8-m.main+fp/hard/libc_nano.a(libc_a-findfp.o)
                0x0000000020004428                __stdio_exit_handler
 .bss.completed.1
                0x000000002000442c        0x1 /home/ermenal/.silabs/slt/installs/conan/p/gcc-a442105b5c2637/p/bin/../lib/gcc/arm-none-eabi/12.2.1/thumb/v8-m.main+fp/hard/crtbegin.o
 .bss.initialized
                0x000000002000442d        0x1 build/debug/sdk/platform/emdrv/dmadrv/src/dmadrv.o
 .bss.pclkDiv   0x000000002000442e        0x1 build/debug/sdk/platform/emlib/src/em_cmu.o
 .bss.is_interrupt_manager_initialized
                0x000000002000442f        0x1 build/debug/sdk/platform/service/interrupt_manager/src/sl_interrupt_manager_cortexm.o
 .bss.null_byte
                0x0000000020004430        0x1 build/debug/sdk/platform/service/iostream/src/sl_iostream_uart.o
 *(COMMON)
                0x0000000020004440                . = ALIGN (0x20)
 *fill*         0x0000000020004431        0xf 
                0x0000000020004440                __bss_end__ = .

.noinit
 *(.noinit*)

text_application_ram
                0x0000000020004440        0x0 load address 0x000000000802c180
                0x0000000020004440                . = ALIGN (0x20)
                0x0000000020004440                __vma_ramfuncs_start__ = .
                0x0000000020004440                __text_application_ram_start__ = .
 *(text_application_ram)
                0x0000000020004440                . = ALIGN (0x20)
                0x0000000020004440                __vma_ramfuncs_end__ = .
                0x0000000020004440                __text_application_ram_end__ = .
                0x000000000802c180                __lma_ramfuncs_start__ = LOADADDR (text_application_ram)
                0x000000000802c180                __lma_ramfuncs_end__ = (LOADADDR (text_application_ram) + SIZEOF (text_application_ram))

.rodata         0x000000000802c170        0x0
                0x000000000802c170                __rodata_end__ = .

.text           0x000000000802c170     0x54c8
                0x000000000802c170                linker_code_begin = .
 *(SORT_BY_ALIGNMENT(.text*))
 .text.deregister_tm_clones
                0x000000000802c170       0x1c /home/ermenal/.silabs/slt/installs/conan/p/gcc-a442105b5c2637/p/bin/../lib/gcc/arm-none-eabi/12.2.1/thumb/v8-m.main+fp/hard/crtbegin.o
 .text.register_tm_clones
                0x000000000802c18c       0x28 /home/ermenal/.silabs/slt/installs/conan/p/gcc-a442105b5c2637/p/bin/../lib/gcc/arm-none-eabi/12.2.1/thumb/v8-m.main+fp/hard/crtbegin.o
 .text.__do_global_dtors_aux
                0x000000000802c1b4       0x28 /home/ermenal/.silabs/slt/installs/conan/p/gcc-a442105b5c2637/p/bin/../lib/gcc/arm-none-eabi/12.2.1/thumb/v8-m.main+fp/hard/crtbegin.o
 .text.frame_dummy
                0x000000000802c1dc       0x24 /home/ermenal/.silabs/slt/installs/conan/p/gcc-a442105b5c2637/p/bin/../lib/gcc/arm-none-eabi/12.2.1/thumb/v8-m.main+fp/hard/crtbegin.o
 .text          0x000000000802c200       0x7c /home/ermenal/.silabs/slt/installs/conan/p/gcc-a442105b5c2637/p/bin/../lib/gcc/arm-none-eabi/12.2.1/../../../../arm-none-eabi/lib/thumb/v8-m.main+fp/hard/crt0.o
                0x000000000802c200                _stack_init
                0x000000000802c208                _mainCRTStartup
                0x000000000802c208                _start
 .text.sl_board_init
                0x000000000802c27c       0x14 build/debug/sdk/hardware/board/src/sl_board_init.o
                0x000000000802c27c                sl_board_init
 .text.sl_board_preinit
                0x000000000802c290       0x10 build/debug/sdk/hardware/board/src/sl_board_init.o
                0x000000000802c290                sl_board_preinit
 .text.sli_cos_swo_itm_8_write
                0x000000000802c2a0       0xa4 build/debug/sdk/hardware/driver/configuration_over_swo/src/sl_cos.o
 .text.sl_slist_push_back
                0x000000000802c344       0x28 build/debug/sdk/platform/common/src/sl_slist.o
                0x000000000802c344                sl_slist_push_back
 .text.sl_slist_pop
                0x000000000802c36c       0x24 build/debug/sdk/platform/common/src/sl_slist.o
                0x000000000802c36c                sl_slist_pop
 .text.CopyToRam
                0x000000000802c390       0x20 build/debug/sdk/platform/Device/SiliconLabs/EFR32FG23/Source/startup_efr32fg23.o
                0x000000000802c390                CopyToRam
 .text.Reset_Handler
                0x000000000802c3b0       0x6c build/debug/sdk/platform/Device/SiliconLabs/EFR32FG23/Source/startup_efr32fg23.o
                0x000000000802c3b0                Reset_Handler
 .text.SystemInit
                0x000000000802c41c       0x1c build/debug/sdk/platform/Device/SiliconLabs/EFR32FG23/Source/system_efr32fg23.o
                0x000000000802c41c                SystemInit
 .text.SystemHFRCODPLLClockSet
                0x000000000802c438        0xc build/debug/sdk/platform/Device/SiliconLabs/EFR32FG23/Source/system_efr32fg23.o
                0x000000000802c438                SystemHFRCODPLLClockSet
 .text.SystemHFXOClockSet
                0x000000000802c444       0x24 build/debug/sdk/platform/Device/SiliconLabs/EFR32FG23/Source/system_efr32fg23.o
                0x000000000802c444                SystemHFXOClockSet
 .text.sl_debug_swo_init
                0x000000000802c468       0xd4 build/debug/sdk/platform/driver/debug/src/sl_debug_swo.o
                0x000000000802c468                sl_debug_swo_init
 .text.sl_debug_swo_write_u8
                0x000000000802c53c       0x50 build/debug/sdk/platform/driver/debug/src/sl_debug_swo.o
                0x000000000802c53c                sl_debug_swo_write_u8
 .text.sl_gpio_dispatch_interrupt
                0x000000000802c58c       0x54 build/debug/sdk/platform/driver/gpio/src/sl_gpio.o
 .text.sl_gpio_init
                0x000000000802c5e0       0x3c build/debug/sdk/platform/driver/gpio/src/sl_gpio.o
                0x000000000802c5e0                sl_gpio_init
 .text.sl_gpio_set_pin_mode
                0x000000000802c61c       0x90 build/debug/sdk/platform/driver/gpio/src/sl_gpio.o
                0x000000000802c61c                sl_gpio_set_pin_mode
 .text.GPIO_EVEN_IRQHandler
                0x000000000802c6ac       0x28 build/debug/sdk/platform/driver/gpio/src/sl_gpio.o
                0x000000000802c6ac                GPIO_EVEN_IRQHandler
 .text.GPIO_ODD_IRQHandler
                0x000000000802c6d4       0x28 build/debug/sdk/platform/driver/gpio/src/sl_gpio.o
                0x000000000802c6d4                GPIO_ODD_IRQHandler
 .text.StartTransfer
                0x000000000802c6fc      0x1c0 build/debug/sdk/platform/emdrv/dmadrv/src/dmadrv.o
 .text.DMADRV_AllocateChannel
                0x000000000802c8bc       0x64 build/debug/sdk/platform/emdrv/dmadrv/src/dmadrv.o
                0x000000000802c8bc                DMADRV_AllocateChannel
 .text.DMADRV_DeInit
                0x000000000802c920       0x4c build/debug/sdk/platform/emdrv/dmadrv/src/dmadrv.o
                0x000000000802c920                DMADRV_DeInit
 .text.DMADRV_FreeChannel
                0x000000000802c96c       0x54 build/debug/sdk/platform/emdrv/dmadrv/src/dmadrv.o
                0x000000000802c96c                DMADRV_FreeChannel
 .text.DMADRV_Init
                0x000000000802c9c0       0x64 build/debug/sdk/platform/emdrv/dmadrv/src/dmadrv.o
                0x000000000802c9c0                DMADRV_Init
 .text.DMADRV_LdmaStartTransfer
                0x000000000802ca24       0x58 build/debug/sdk/platform/emdrv/dmadrv/src/dmadrv.o
                0x000000000802ca24                DMADRV_LdmaStartTransfer
 .text.DMADRV_PauseTransfer
                0x000000000802ca7c       0x40 build/debug/sdk/platform/emdrv/dmadrv/src/dmadrv.o
                0x000000000802ca7c                DMADRV_PauseTransfer
 .text.DMADRV_ResumeTransfer
                0x000000000802cabc       0x40 build/debug/sdk/platform/emdrv/dmadrv/src/dmadrv.o
                0x000000000802cabc                DMADRV_ResumeTransfer
 .text.LDMA_IRQHandler
                0x000000000802cafc       0x78 build/debug/sdk/platform/emdrv/dmadrv/src/dmadrv.o
                0x000000000802cafc                LDMA_IRQHandler
 .text.rhclkPrescMax
                0x000000000802cb74       0x10 build/debug/sdk/platform/emlib/src/em_cmu.o
 .text.BUS_RegBitWrite
                0x000000000802cb84       0x30 build/debug/sdk/platform/emlib/src/em_cmu.o
 .text.em01GrpaClkGet
                0x000000000802cbb4       0x74 build/debug/sdk/platform/emlib/src/em_cmu.o
 .text.em01GrpcClkGet
                0x000000000802cc28       0x70 build/debug/sdk/platform/emlib/src/em_cmu.o
 .text.eusart0ClkGet
                0x000000000802cc98       0x74 build/debug/sdk/platform/emlib/src/em_cmu.o
 .text.iadcClkGet
                0x000000000802cd0c       0x64 build/debug/sdk/platform/emlib/src/em_cmu.o
 .text.em23GrpaClkGet
                0x000000000802cd70       0x58 build/debug/sdk/platform/emlib/src/em_cmu.o
 .text.wdog0ClkGet
                0x000000000802cdc8       0x64 build/debug/sdk/platform/emlib/src/em_cmu.o
 .text.wdog1ClkGet
                0x000000000802ce2c       0x64 build/debug/sdk/platform/emlib/src/em_cmu.o
 .text.sysrtcClkGet
                0x000000000802ce90       0x58 build/debug/sdk/platform/emlib/src/em_cmu.o
 .text.lcdClkGet
                0x000000000802cee8       0x54 build/debug/sdk/platform/emlib/src/em_cmu.o
 .text.vdac0ClkGet
                0x000000000802cf3c       0x74 build/debug/sdk/platform/emlib/src/em_cmu.o
 .text.pcnt0ClkGet
                0x000000000802cfb0       0x50 build/debug/sdk/platform/emlib/src/em_cmu.o
 .text.lesenseHFClkGet
                0x000000000802d000       0x48 build/debug/sdk/platform/emlib/src/em_cmu.o
 .text.em4GrpaClkGet
                0x000000000802d048       0x58 build/debug/sdk/platform/emlib/src/em_cmu.o
 .text.dpllRefClkGet
                0x000000000802d0a0       0x58 build/debug/sdk/platform/emlib/src/em_cmu.o
 .text.HFRCODPLLDevinfoGet
                0x000000000802d0f8      0x10c build/debug/sdk/platform/emlib/src/em_cmu.o
 .text.BUS_RegMaskedWrite
                0x000000000802d204       0x34 build/debug/sdk/platform/emlib/src/em_cmu.o
 .text.HFRCOEM23DevinfoGet
                0x000000000802d238       0xb8 build/debug/sdk/platform/emlib/src/em_cmu.o
 .text.CMU_ClockDivGet
                0x000000000802d2f0       0x94 build/debug/sdk/platform/emlib/src/em_cmu.o
                0x000000000802d2f0                CMU_ClockDivGet
 .text.flashWaitStateControl
                0x000000000802d384       0x90 build/debug/sdk/platform/emlib/src/em_cmu.o
 .text.CMU_ClockEnable
                0x000000000802d414       0x4c build/debug/sdk/platform/emlib/src/em_cmu.o
                0x000000000802d414                CMU_ClockEnable
 .text.CMU_ClockFreqGet
                0x000000000802d460      0x3cc build/debug/sdk/platform/emlib/src/em_cmu.o
                0x000000000802d460                CMU_ClockFreqGet
 .text.rhclkPrescOptimize
                0x000000000802d82c       0x20 build/debug/sdk/platform/emlib/src/em_cmu.o
 .text.CMU_ClockSelectGet
                0x000000000802d84c      0x1d4 build/debug/sdk/platform/emlib/src/em_cmu.o
                0x000000000802d84c                CMU_ClockSelectGet
 .text.sli_em_cmu_SYSTICEXTCLKENClear
                0x000000000802da20       0x2c build/debug/sdk/platform/emlib/src/em_cmu.o
                0x000000000802da20                sli_em_cmu_SYSTICEXTCLKENClear
 .text.CMU_HFXOInit
                0x000000000802da4c      0x284 build/debug/sdk/platform/emlib/src/em_cmu.o
                0x000000000802da4c                CMU_HFXOInit
 .text.CMU_HFXOCTuneDeltaGet
                0x000000000802dcd0        0xc build/debug/sdk/platform/emlib/src/em_cmu.o
                0x000000000802dcd0                CMU_HFXOCTuneDeltaGet
 .text.CMU_LFXOInit
                0x000000000802dcdc       0xd4 build/debug/sdk/platform/emlib/src/em_cmu.o
                0x000000000802dcdc                CMU_LFXOInit
 .text.CMU_LFXOPrecisionSet
                0x000000000802ddb0        0xc build/debug/sdk/platform/emlib/src/em_cmu.o
                0x000000000802ddb0                CMU_LFXOPrecisionSet
 .text.CMU_HFXOPrecisionSet
                0x000000000802ddbc        0xc build/debug/sdk/platform/emlib/src/em_cmu.o
                0x000000000802ddbc                CMU_HFXOPrecisionSet
 .text.CMU_ClockDivSet
                0x000000000802ddc8      0x114 build/debug/sdk/platform/emlib/src/em_cmu.o
                0x000000000802ddc8                CMU_ClockDivSet
 .text.sli_em_cmu_SYSCLKInitPreClockSelect
                0x000000000802dedc       0x28 build/debug/sdk/platform/emlib/src/em_cmu.o
                0x000000000802dedc                sli_em_cmu_SYSCLKInitPreClockSelect
 .text.pclkDivOptimize
                0x000000000802df04       0x24 build/debug/sdk/platform/emlib/src/em_cmu.o
 .text.sli_em_cmu_SYSCLKInitPostClockSelect
                0x000000000802df28       0x50 build/debug/sdk/platform/emlib/src/em_cmu.o
                0x000000000802df28                sli_em_cmu_SYSCLKInitPostClockSelect
 .text.CMU_HFRCODPLLBandSet
                0x000000000802df78      0x148 build/debug/sdk/platform/emlib/src/em_cmu.o
                0x000000000802df78                CMU_HFRCODPLLBandSet
 .text.CMU_HFRCOEM23BandSet
                0x000000000802e0c0       0x5c build/debug/sdk/platform/emlib/src/em_cmu.o
                0x000000000802e0c0                CMU_HFRCOEM23BandSet
 .text.EMU_EM4Init
                0x000000000802e11c       0x14 build/debug/sdk/platform/emlib/src/em_emu.o
                0x000000000802e11c                EMU_EM4Init
 .text.EMU_VScaleEM01
                0x000000000802e130       0xb8 build/debug/sdk/platform/emlib/src/em_emu.o
                0x000000000802e130                EMU_VScaleEM01
 .text.EMU_VScaleEM01ByClock
                0x000000000802e1e8       0x38 build/debug/sdk/platform/emlib/src/em_emu.o
                0x000000000802e1e8                EMU_VScaleEM01ByClock
 .text.EMU_DCDCModeSet
                0x000000000802e220       0xd0 build/debug/sdk/platform/emlib/src/em_emu.o
                0x000000000802e220                EMU_DCDCModeSet
 .text.EMU_DCDCInit
                0x000000000802e2f0       0x7c build/debug/sdk/platform/emlib/src/em_emu.o
                0x000000000802e2f0                EMU_DCDCInit
 .text.EMU_DCDCSetPFMXModePeakCurrent
                0x000000000802e36c       0x74 build/debug/sdk/platform/emlib/src/em_emu.o
                0x000000000802e36c                EMU_DCDCSetPFMXModePeakCurrent
 .text.EUSART_ClockGet
                0x000000000802e3e0       0x3c build/debug/sdk/platform/emlib/src/em_eusart.o
 .text.EUSART_Reset
                0x000000000802e41c       0x58 build/debug/sdk/platform/emlib/src/em_eusart.o
                0x000000000802e41c                EUSART_Reset
 .text.EUSART_Enable
                0x000000000802e474       0x78 build/debug/sdk/platform/emlib/src/em_eusart.o
                0x000000000802e474                EUSART_Enable
 .text.EUSART_BaudrateSet
                0x000000000802e4ec      0x1dc build/debug/sdk/platform/emlib/src/em_eusart.o
                0x000000000802e4ec                EUSART_BaudrateSet
 .text.EUSART_AsyncInitCommon
                0x000000000802e6c8      0x220 build/debug/sdk/platform/emlib/src/em_eusart.o
 .text.EUSART_UartInitHf
                0x000000000802e8e8       0x68 build/debug/sdk/platform/emlib/src/em_eusart.o
                0x000000000802e8e8                EUSART_UartInitHf
 .text.EUSART_UartInitLf
                0x000000000802e950       0xc4 build/debug/sdk/platform/emlib/src/em_eusart.o
                0x000000000802e950                EUSART_UartInitLf
 .text.BUS_RegMaskedWrite
                0x000000000802ea14       0x34 build/debug/sdk/platform/emlib/src/em_gpio.o
 .text.GPIO_PinOutSet
                0x000000000802ea48       0x54 build/debug/sdk/platform/emlib/src/em_gpio.o
 .text.GPIO_PinOutClear
                0x000000000802ea9c       0x54 build/debug/sdk/platform/emlib/src/em_gpio.o
 .text.GPIO_PinModeSet
                0x000000000802eaf0       0xb8 build/debug/sdk/platform/emlib/src/em_gpio.o
                0x000000000802eaf0                GPIO_PinModeSet
 .text.BUS_RegBitWrite
                0x000000000802eba8       0x30 build/debug/sdk/platform/emlib/src/em_ldma.o
 .text.LDMA_DeInit
                0x000000000802ebd8       0x2c build/debug/sdk/platform/emlib/src/em_ldma.o
                0x000000000802ebd8                LDMA_DeInit
 .text.LDMA_EnableChannelRequest
                0x000000000802ec04       0x2c build/debug/sdk/platform/emlib/src/em_ldma.o
                0x000000000802ec04                LDMA_EnableChannelRequest
 .text.LDMA_Init
                0x000000000802ec30       0x94 build/debug/sdk/platform/emlib/src/em_ldma.o
                0x000000000802ec30                LDMA_Init
 .text.LDMA_StartTransfer
                0x000000000802ecc4      0x104 build/debug/sdk/platform/emlib/src/em_ldma.o
                0x000000000802ecc4                LDMA_StartTransfer
 .text.LDMA_StopTransfer
                0x000000000802edc8       0x38 build/debug/sdk/platform/emlib/src/em_ldma.o
                0x000000000802edc8                LDMA_StopTransfer
 .text.LDMA_TransferDone
                0x000000000802ee00       0x48 build/debug/sdk/platform/emlib/src/em_ldma.o
                0x000000000802ee00                LDMA_TransferDone
 .text.LDMA_TransferRemainingCount
                0x000000000802ee48       0x48 build/debug/sdk/platform/emlib/src/em_ldma.o
                0x000000000802ee48                LDMA_TransferRemainingCount
 .text.sl_hal_gpio_clear_pin
                0x000000000802ee90       0x6c build/debug/sdk/platform/peripheral/src/sl_hal_gpio.o
                0x000000000802ee90                sl_hal_gpio_clear_pin
 .text.sl_hal_gpio_set_pin_mode
                0x000000000802eefc      0x100 build/debug/sdk/platform/peripheral/src/sl_hal_gpio.o
                0x000000000802eefc                sl_hal_gpio_set_pin_mode
 .text.nvm3_initDefault
                0x000000000802effc       0x50 build/debug/sdk/platform/security/sl_component/sl_trustzone/src/sli_tz_service_nvm3_ns.o
                0x000000000802effc                nvm3_initDefault
 .text.sli_tz_syscfg_clear_systicextclken_cfgsystic
                0x000000000802f04c       0x10 build/debug/sdk/platform/security/sl_component/sl_trustzone/src/sli_tz_service_syscfg_ns.o
                0x000000000802f04c                sli_tz_syscfg_clear_systicextclken_cfgsystic
 .text.BUS_RegBitWrite
                0x000000000802f05c       0x30 build/debug/sdk/platform/service/clock_manager/src/sl_clock_manager_hal_s2.o
 .text.init_lfrco
                0x000000000802f08c       0x20 build/debug/sdk/platform/service/clock_manager/src/sl_clock_manager_init_hal_s2.o
 .text.init_lfxo
                0x000000000802f0ac       0x7c build/debug/sdk/platform/service/clock_manager/src/sl_clock_manager_init_hal_s2.o
 .text.init_hfxo
                0x000000000802f128       0x7c build/debug/sdk/platform/service/clock_manager/src/sl_clock_manager_init_hal_s2.o
 .text.init_hfrcodpll
                0x000000000802f1a4       0x10 build/debug/sdk/platform/service/clock_manager/src/sl_clock_manager_init_hal_s2.o
 .text.init_hfrcoem23
                0x000000000802f1b4       0x10 build/debug/sdk/platform/service/clock_manager/src/sl_clock_manager_init_hal_s2.o
 .text.init_clock_branches
                0x000000000802f1c4      0x14c build/debug/sdk/platform/service/clock_manager/src/sl_clock_manager_init_hal_s2.o
 .text.sli_clock_manager_hal_init
                0x000000000802f310       0x3c build/debug/sdk/platform/service/clock_manager/src/sl_clock_manager_init_hal_s2.o
                0x000000000802f310                sli_clock_manager_hal_init
 .text.sl_device_init_dcdc
                0x000000000802f34c       0x30 build/debug/sdk/platform/service/device_init/src/sl_device_init_dcdc_s2.o
                0x000000000802f34c                sl_device_init_dcdc
 .text.sl_device_init_emu
                0x000000000802f37c       0x28 build/debug/sdk/platform/service/device_init/src/sl_device_init_emu_s2.o
                0x000000000802f37c                sl_device_init_emu
 .text.__NVIC_SetPriority
                0x000000000802f3a4       0x28 build/debug/sdk/platform/service/interrupt_manager/src/sl_interrupt_manager_cortexm.o
 .text.enable_interrupt
                0x000000000802f3cc       0x1c build/debug/sdk/platform/service/interrupt_manager/src/sl_interrupt_manager_cortexm.o
 .text.disable_interrupt
                0x000000000802f3e8       0x24 build/debug/sdk/platform/service/interrupt_manager/src/sl_interrupt_manager_cortexm.o
 .text.sl_interrupt_manager_disable_irq
                0x000000000802f40c       0x20 build/debug/sdk/platform/service/interrupt_manager/src/sl_interrupt_manager_cortexm.o
                0x000000000802f40c                sl_interrupt_manager_disable_irq
 .text.sl_interrupt_manager_enable_irq
                0x000000000802f42c       0x20 build/debug/sdk/platform/service/interrupt_manager/src/sl_interrupt_manager_cortexm.o
                0x000000000802f42c                sl_interrupt_manager_enable_irq
 .text.sl_interrupt_manager_is_irq_disabled
                0x000000000802f44c       0x34 build/debug/sdk/platform/service/interrupt_manager/src/sl_interrupt_manager_cortexm.o
                0x000000000802f44c                sl_interrupt_manager_is_irq_disabled
 .text.sl_interrupt_manager_clear_irq_pending
                0x000000000802f480       0x1c build/debug/sdk/platform/service/interrupt_manager/src/sl_interrupt_manager_cortexm.o
                0x000000000802f480                sl_interrupt_manager_clear_irq_pending
 .text.sl_interrupt_manager_set_irq_priority
                0x000000000802f49c       0x38 build/debug/sdk/platform/service/interrupt_manager/src/sl_interrupt_manager_cortexm.o
                0x000000000802f49c                sl_interrupt_manager_set_irq_priority
 .text.sl_interrupt_manager_init
                0x000000000802f4d4       0x38 build/debug/sdk/platform/service/interrupt_manager/src/sl_interrupt_manager_cortexm.o
                0x000000000802f4d4                sl_interrupt_manager_init
 .text.sl_iostream_set_default
                0x000000000802f50c       0x18 build/debug/sdk/platform/service/iostream/src/sl_iostream.o
                0x000000000802f50c                sl_iostream_set_default
 .text.sl_iostream_get_default
                0x000000000802f524       0x18 build/debug/sdk/platform/service/iostream/src/sl_iostream.o
                0x000000000802f524                sl_iostream_get_default
 .text.iostream_to_hal_parity
                0x000000000802f53c       0x2c build/debug/sdk/platform/service/iostream/src/sl_iostream_eusart.o
 .text.iostream_to_hal_stop
                0x000000000802f568       0x38 build/debug/sdk/platform/service/iostream/src/sl_iostream_eusart.o
 .text.iostream_to_hal_flow_control
                0x000000000802f5a0       0x24 build/debug/sdk/platform/service/iostream/src/sl_iostream_eusart.o
 .text.sl_iostream_eusart_init
                0x000000000802f5c4      0x234 build/debug/sdk/platform/service/iostream/src/sl_iostream_eusart.o
                0x000000000802f5c4                sl_iostream_eusart_init
 .text.sl_iostream_eusart_irq_handler
                0x000000000802f7f8       0x14 build/debug/sdk/platform/service/iostream/src/sl_iostream_eusart.o
                0x000000000802f7f8                sl_iostream_eusart_irq_handler
 .text.__rx_buffer_empty
                0x000000000802f80c       0x44 build/debug/sdk/platform/service/iostream/src/sl_iostream_uart.o
 .text.__rx_buffer_full
                0x000000000802f850       0x64 build/debug/sdk/platform/service/iostream/src/sl_iostream_uart.o
 .text.rx_buffer_empty
                0x000000000802f8b4       0x3c build/debug/sdk/platform/service/iostream/src/sl_iostream_uart.o
 .text.__get_write_ptr
                0x000000000802f8f0       0x6c build/debug/sdk/platform/service/iostream/src/sl_iostream_uart.o
 .text.__get_bytes_available
                0x000000000802f95c       0x38 build/debug/sdk/platform/service/iostream/src/sl_iostream_uart.o
 .text.scan_for_ctrl_char
                0x000000000802f994       0xc0 build/debug/sdk/platform/service/iostream/src/sl_iostream_uart.o
 .text.__uart_async_start_write
                0x000000000802fa54       0x7c build/debug/sdk/platform/service/iostream/src/sl_iostream_uart.o
 .text.set_new_data_detect
                0x000000000802fad0      0x1dc build/debug/sdk/platform/service/iostream/src/sl_iostream_uart.o
 .text.update_ring_buffer
                0x000000000802fcac      0x1b4 build/debug/sdk/platform/service/iostream/src/sl_iostream_uart.o
 .text.read_rx_buffer
                0x000000000802fe60      0x110 build/debug/sdk/platform/service/iostream/src/sl_iostream_uart.o
 .text.__uart_async_tx_dma_callback
                0x000000000802ff70       0x40 build/debug/sdk/platform/service/iostream/src/sl_iostream_uart.o
 .text.sli_iostream_uart_context_init
                0x000000000802ffb0      0x16c build/debug/sdk/platform/service/iostream/src/sl_iostream_uart.o
                0x000000000802ffb0                sli_iostream_uart_context_init
 .text.uart_deinit
                0x000000000803011c       0xa0 build/debug/sdk/platform/service/iostream/src/sl_iostream_uart.o
 .text.sl_memory_init
                0x00000000080301bc       0x20 build/debug/sdk/platform/service/memory_manager/src/sl_memory_manager.o
                0x00000000080301bc                sl_memory_init
 .text.sl_memory_get_heap_region
                0x00000000080301dc       0x14 build/debug/sdk/platform/service/memory_manager/src/sl_memory_manager_region.o
                0x00000000080301dc                sl_memory_get_heap_region
 .text.sli_memory_create_heap
                0x00000000080301f0       0x60 build/debug/sdk/platform/service/memory_manager/src/sli_memory_manager_common.o
                0x00000000080301f0                sli_memory_create_heap
 .text.__NVIC_SystemReset
                0x0000000008030250       0x24 build/debug/sdk/platform/service/mpu/src/sl_mpu_s2.o
 .text.ARM_MPU_Disable
                0x0000000008030274       0x28 build/debug/sdk/platform/service/mpu/src/sl_mpu_s2.o
 .text.sl_mpu_disable_execute_from_ram
                0x000000000803029c       0xb0 build/debug/sdk/platform/service/mpu/src/sl_mpu_s2.o
                0x000000000803029c                sl_mpu_disable_execute_from_ram
 .text.sl_mpu_disable_execute
                0x000000000803034c       0xf8 build/debug/sdk/platform/service/mpu/src/sl_mpu_s2.o
                0x000000000803034c                sl_mpu_disable_execute
 .text.CHIP_Init
                0x0000000008030444       0x7c build/debug/sdk/platform/service/sl_main/src/sl_main_init.o
 .text.sl_iostream_set_console_instance
                0x00000000080304c0       0x50 build/debug/project/autogen/sl_iostream_handles.o
                0x00000000080304c0                sl_iostream_set_console_instance
 .text.sl_iostream_eusart_init_vcom
                0x0000000008030510       0xf8 build/debug/project/autogen/sl_iostream_init_eusart_instances.o
                0x0000000008030510                sl_iostream_eusart_init_vcom
 .text.EUSART0_TX_IRQHandler
                0x0000000008030608       0x10 build/debug/project/autogen/sl_iostream_init_eusart_instances.o
                0x0000000008030608                EUSART0_TX_IRQHandler
 .text.EUSART0_RX_IRQHandler
                0x0000000008030618       0x10 build/debug/project/autogen/sl_iostream_init_eusart_instances.o
                0x0000000008030618                EUSART0_RX_IRQHandler
 .text.main     0x0000000008030628       0x28 build/debug/project/main.o
                0x0000000008030628                main
 .text.exit     0x0000000008030650       0x24 /home/ermenal/.silabs/slt/installs/conan/p/gcc-a442105b5c2637/p/bin/../lib/gcc/arm-none-eabi/12.2.1/../../../../arm-none-eabi/lib/thumb/v8-m.main+fp/hard/libc_nano.a(libc_a-exit.o)
                0x0000000008030650                exit
 .text.__libc_init_array
                0x0000000008030674       0x48 /home/ermenal/.silabs/slt/installs/conan/p/gcc-a442105b5c2637/p/bin/../lib/gcc/arm-none-eabi/12.2.1/../../../../arm-none-eabi/lib/thumb/v8-m.main+fp/hard/libc_nano.a(libc_a-init.o)
                0x0000000008030674                __libc_init_array
 .text.sl_board_configure_vcom
                0x00000000080306bc        0x4 build/debug/sdk/hardware/board/src/sl_board_control_gpio.o
                0x00000000080306bc                sl_board_configure_vcom
 .text.sli_cos_vcom_config
                0x00000000080306c0        0xa build/debug/sdk/hardware/driver/configuration_over_swo/src/sl_cos.o
 .text.sl_cos_send_config
                0x00000000080306ca       0x10 build/debug/sdk/hardware/driver/configuration_over_swo/src/sl_cos.o
                0x00000000080306ca                sl_cos_send_config
 .text.sl_cos_config_vcom
                0x00000000080306da       0x24 build/debug/sdk/hardware/driver/configuration_over_swo/src/sl_cos.o
                0x00000000080306da                sl_cos_config_vcom
 .text.assertEFM
                0x00000000080306fe        0x2 build/debug/sdk/platform/common/src/sl_assert.o
                0x00000000080306fe                assertEFM
 .text.sl_slist_init
                0x0000000008030700        0x6 build/debug/sdk/platform/common/src/sl_slist.o
                0x0000000008030700                sl_slist_init
 .text.Default_Handler
                0x0000000008030706        0x2 build/debug/sdk/platform/Device/SiliconLabs/EFR32FG23/Source/startup_efr32fg23.o
                0x0000000008030706                ULFRCO_IRQHandler
                0x0000000008030706                SW2_IRQHandler
                0x0000000008030706                TIMER2_IRQHandler
                0x0000000008030706                DebugMon_Handler
                0x0000000008030706                USART0_TX_IRQHandler
                0x0000000008030706                IADC_IRQHandler
                0x0000000008030706                I2C0_IRQHandler
                0x0000000008030706                LFXO_IRQHandler
                0x0000000008030706                VDAC_IRQHandler
                0x0000000008030706                HardFault_Handler
                0x0000000008030706                SMU_SECURE_IRQHandler
                0x0000000008030706                SysTick_Handler
                0x0000000008030706                SYSRTC_SEQ_IRQHandler
                0x0000000008030706                EMUEFP_IRQHandler
                0x0000000008030706                EUSART2_TX_IRQHandler
                0x0000000008030706                PendSV_Handler
                0x0000000008030706                NMI_Handler
                0x0000000008030706                SYNTH_IRQHandler
                0x0000000008030706                HOSTMAILBOX_IRQHandler
                0x0000000008030706                HFXO0_IRQHandler
                0x0000000008030706                I2C1_IRQHandler
                0x0000000008030706                WDOG0_IRQHandler
                0x0000000008030706                TIMER3_IRQHandler
                0x0000000008030706                SYSCFG_IRQHandler
                0x0000000008030706                RFECA1_IRQHandler
                0x0000000008030706                EMUDG_IRQHandler
                0x0000000008030706                MSC_IRQHandler
                0x0000000008030706                DPLL0_IRQHandler
                0x0000000008030706                UsageFault_Handler
                0x0000000008030706                WDOG1_IRQHandler
                0x0000000008030706                M33CTI1_IRQHandler
                0x0000000008030706                TIMER4_IRQHandler
                0x0000000008030706                SEMBTX_IRQHandler
                0x0000000008030706                SW0_IRQHandler
                0x0000000008030706                TIMER0_IRQHandler
                0x0000000008030706                LCD_IRQHandler
                0x0000000008030706                LETIMER0_IRQHandler
                0x0000000008030706                EUSART1_RX_IRQHandler
                0x0000000008030706                TIMER1_IRQHandler
                0x0000000008030706                HFRCO0_IRQHandler
                0x0000000008030706                SecureFault_Handler
                0x0000000008030706                BUFC_IRQHandler
                0x0000000008030706                DCDC_IRQHandler
                0x0000000008030706                MODEM_IRQHandler
                0x0000000008030706                Default_Handler
                0x0000000008030706                RAC_SEQ_IRQHandler
                0x0000000008030706                FRC_PRI_IRQHandler
                0x0000000008030706                EMU_IRQHandler
                0x0000000008030706                SW3_IRQHandler
                0x0000000008030706                KERNEL0_IRQHandler
                0x0000000008030706                FRC_IRQHandler
                0x0000000008030706                PCNT0_IRQHandler
                0x0000000008030706                KERNEL1_IRQHandler
                0x0000000008030706                AGC_IRQHandler
                0x0000000008030706                EUSART1_TX_IRQHandler
                0x0000000008030706                KEYSCAN_IRQHandler
                0x0000000008030706                sl_app_properties
                0x0000000008030706                HFRCOEM23_IRQHandler
                0x0000000008030706                BURTC_IRQHandler
                0x0000000008030706                SEMBRX_IRQHandler
                0x0000000008030706                RFECA0_IRQHandler
                0x0000000008030706                LFRCO_IRQHandler
                0x0000000008030706                ACMP0_IRQHandler
                0x0000000008030706                USART0_RX_IRQHandler
                0x0000000008030706                SVC_Handler
                0x0000000008030706                EUSART2_RX_IRQHandler
                0x0000000008030706                SMU_S_PRIVILEGED_IRQHandler
                0x0000000008030706                SW1_IRQHandler
                0x0000000008030706                CMU_IRQHandler
                0x0000000008030706                RAC_RSM_IRQHandler
                0x0000000008030706                SETAMPERHOST_IRQHandler
                0x0000000008030706                LESENSE_IRQHandler
                0x0000000008030706                AES_IRQHandler
                0x0000000008030706                M33CTI0_IRQHandler
                0x0000000008030706                ICACHE0_IRQHandler
                0x0000000008030706                SMU_NS_PRIVILEGED_IRQHandler
                0x0000000008030706                FPUEXH_IRQHandler
                0x0000000008030706                PROTIMER_IRQHandler
                0x0000000008030706                ACMP1_IRQHandler
                0x0000000008030706                BusFault_Handler
                0x0000000008030706                MPAHBRAM_IRQHandler
                0x0000000008030706                SYSRTC_APP_IRQHandler
 .text.CopyMemory
                0x0000000008030708       0x14 build/debug/sdk/platform/Device/SiliconLabs/EFR32FG23/Source/startup_efr32fg23.o
                0x0000000008030708                CopyMemory
 .text.sl_debug_swo_enable_itm
                0x000000000803071c       0x16 build/debug/sdk/platform/driver/debug/src/sl_debug_swo.o
                0x000000000803071c                sl_debug_swo_enable_itm
 .text.sl_debug_swo_disable_itm
                0x0000000008030732       0x18 build/debug/sdk/platform/driver/debug/src/sl_debug_swo.o
                0x0000000008030732                sl_debug_swo_disable_itm
 .text.DMADRV_PeripheralMemory
                0x000000000803074a       0x36 build/debug/sdk/platform/emdrv/dmadrv/src/dmadrv.o
                0x000000000803074a                DMADRV_PeripheralMemory
 .text.traceClkGet
                0x0000000008030780       0x16 build/debug/sdk/platform/emlib/src/em_cmu.o
 .text.sysTickClkGet
                0x0000000008030796       0x3c build/debug/sdk/platform/emlib/src/em_cmu.o
 .text.waitStateMax
                0x00000000080307d2        0xe build/debug/sdk/platform/emlib/src/em_cmu.o
 .text.CMU_UpdateWaitStates
                0x00000000080307e0       0x16 build/debug/sdk/platform/emlib/src/em_cmu.o
                0x00000000080307e0                CMU_UpdateWaitStates
 .text.pclkDivMax
                0x00000000080307f6        0xe build/debug/sdk/platform/emlib/src/em_cmu.o
 .text.EMU_EFPEM01VScale
                0x0000000008030804        0x2 build/debug/sdk/platform/emlib/src/em_emu.o
                0x0000000008030804                EMU_EFPEM01VScale
 .text.EMU_DCDCUpdatedHook
                0x0000000008030806        0x2 build/debug/sdk/platform/emlib/src/em_emu.o
                0x0000000008030806                EMU_DCDCUpdatedHook
 .text.EUSART_Disable
                0x0000000008030808       0x3e build/debug/sdk/platform/emlib/src/em_eusart.o
 .text.EUSART_Tx
                0x0000000008030846        0xc build/debug/sdk/platform/emlib/src/em_eusart.o
                0x0000000008030846                EUSART_Tx
 .text.sl_hal_bus_reg_write_mask
                0x0000000008030852       0x1c build/debug/sdk/platform/peripheral/src/sl_hal_gpio.o
 .text.sl_mbedtls_init
                0x000000000803086e        0x2 build/debug/sdk/platform/security/sl_component/sl_mbedtls_support/src/sl_mbedtls.o
                0x000000000803086e                sl_mbedtls_init
 .text.sli_tz_ns_interface_init
                0x0000000008030870        0x4 build/debug/sdk/platform/security/sl_component/sl_trustzone/src/sli_tz_ns_interface.o
                0x0000000008030870                sli_tz_ns_interface_init
 .text.sli_tz_ns_interface_dispatch
                0x0000000008030874       0x10 build/debug/sdk/platform/security/sl_component/sl_trustzone/src/sli_tz_ns_interface.o
                0x0000000008030874                sli_tz_ns_interface_dispatch
 .text.sli_tz_ns_interface_dispatch_simple
                0x0000000008030884        0xc build/debug/sdk/platform/security/sl_component/sl_trustzone/src/sli_tz_ns_interface.o
                0x0000000008030884                sli_tz_ns_interface_dispatch_simple
 .text.sli_tz_ns_interface_dispatch_simple_noarg
                0x0000000008030890        0xa build/debug/sdk/platform/security/sl_component/sl_trustzone/src/sli_tz_ns_interface.o
                0x0000000008030890                sli_tz_ns_interface_dispatch_simple_noarg
 .text.sl_clock_manager_runtime_init
                0x000000000803089a        0x8 build/debug/sdk/platform/service/clock_manager/src/sl_clock_manager.o
                0x000000000803089a                sl_clock_manager_runtime_init
 .text.sli_clock_manager_hal_runtime_init
                0x00000000080308a2        0x4 build/debug/sdk/platform/service/clock_manager/src/sl_clock_manager_hal_s2.o
                0x00000000080308a2                sli_clock_manager_hal_runtime_init
 .text.sl_clock_manager_init
                0x00000000080308a6        0x8 build/debug/sdk/platform/service/clock_manager/src/sl_clock_manager_init.o
                0x00000000080308a6                sl_clock_manager_init
 .text.set_priority
                0x00000000080308ae        0xa build/debug/sdk/platform/service/interrupt_manager/src/sl_interrupt_manager_cortexm.o
 .text.eusart_rx
                0x00000000080308b8       0x1a build/debug/sdk/platform/service/iostream/src/sl_iostream_eusart.o
 .text.eusart_deinit
                0x00000000080308d2       0x86 build/debug/sdk/platform/service/iostream/src/sl_iostream_eusart.o
 .text.eusart_tx
                0x0000000008030958       0x10 build/debug/sdk/platform/service/iostream/src/sl_iostream_eusart.o
 .text._exit    0x0000000008030968        0x2 build/debug/sdk/platform/service/iostream/src/sl_iostream_retarget_stdio.o
                0x0000000008030968                _exit
 .text.set_auto_cr_lf
                0x000000000803096a        0x6 build/debug/sdk/platform/service/iostream/src/sl_iostream_uart.o
 .text.get_auto_cr_lf
                0x0000000008030970        0x6 build/debug/sdk/platform/service/iostream/src/sl_iostream_uart.o
 .text.nolock_uart_write
                0x0000000008030976       0x66 build/debug/sdk/platform/service/iostream/src/sl_iostream_uart.o
 .text.uart_write
                0x00000000080309dc       0x14 build/debug/sdk/platform/service/iostream/src/sl_iostream_uart.o
 .text.uart_write_async
                0x00000000080309f0       0x46 build/debug/sdk/platform/service/iostream/src/sl_iostream_uart.o
 .text.__uart_async_rx_dma_callback
                0x0000000008030a36       0x7a build/debug/sdk/platform/service/iostream/src/sl_iostream_uart.o
 .text.uart_read
                0x0000000008030ab0       0x38 build/debug/sdk/platform/service/iostream/src/sl_iostream_uart.o
 .text.sli_iostream_uart_unsubscribe_to_new_data
                0x0000000008030ae8       0x1c build/debug/sdk/platform/service/iostream/src/sl_iostream_uart.o
                0x0000000008030ae8                sli_iostream_uart_unsubscribe_to_new_data
 .text.sli_memory_metadata_init
                0x0000000008030b04        0x8 build/debug/sdk/platform/service/memory_manager/src/sli_memory_manager_common.o
                0x0000000008030b04                sli_memory_metadata_init
 .text.ARM_MPU_SetMemAttrEx
                0x0000000008030b0c       0x32 build/debug/sdk/platform/service/mpu/src/sl_mpu_s2.o
 .text.mpu_fault_handler
                0x0000000008030b3e        0x6 build/debug/sdk/platform/service/mpu/src/sl_mpu_s2.o
                0x0000000008030b3e                mpu_fault_handler
 .text.MemManage_Handler
                0x0000000008030b44        0x8 build/debug/sdk/platform/service/mpu/src/sl_mpu_s2.o
                0x0000000008030b44                MemManage_Handler
 .text.__wrap_sl_system_init
                0x0000000008030b4c        0x8 build/debug/sdk/platform/service/sl_main/sl_system_compatibility/src/sl_system_compatibility.o
                0x0000000008030b4c                __wrap_sl_system_init
 .text.app_init_pre_clock
                0x0000000008030b54        0x2 build/debug/sdk/platform/service/sl_main/src/sl_main_init.o
                0x0000000008030b54                app_init_pre_clock
 .text.app_init_early
                0x0000000008030b56        0x2 build/debug/sdk/platform/service/sl_main/src/sl_main_init.o
                0x0000000008030b56                app_init_early
 .text.sl_main_second_stage_init
                0x0000000008030b58       0x18 build/debug/sdk/platform/service/sl_main/src/sl_main_init.o
                0x0000000008030b58                sl_main_second_stage_init
 .text.sl_main_init
                0x0000000008030b70       0x34 build/debug/sdk/platform/service/sl_main/src/sl_main_init.o
                0x0000000008030b70                sl_main_init
 .text.app_permanent_memory_alloc
                0x0000000008030ba4        0x2 build/debug/sdk/platform/service/sl_main/src/sl_main_init_memory.o
                0x0000000008030ba4                app_permanent_memory_alloc
 .text.sli_allocate_permanent_memory
                0x0000000008030ba6       0x18 build/debug/sdk/platform/service/sl_main/src/sl_main_init_memory.o
                0x0000000008030ba6                sli_allocate_permanent_memory
 .text.tfm_ns_interface_dispatch
                0x0000000008030bbe       0x10 build/debug/sdk/util/third_party/trusted-firmware-m/platform/ext/target/siliconlabs/common/tfm_ns_interface.o
                0x0000000008030bbe                tfm_ns_interface_dispatch
 .text.sl_board_default_init
                0x0000000008030bce        0x2 build/debug/project/autogen/sl_board_default_init.o
                0x0000000008030bce                sl_board_default_init
 .text.sli_driver_permanent_allocation
                0x0000000008030bd0        0x2 build/debug/project/autogen/sl_event_handler.o
                0x0000000008030bd0                sli_driver_permanent_allocation
 .text.sli_service_permanent_allocation
                0x0000000008030bd2        0x2 build/debug/project/autogen/sl_event_handler.o
                0x0000000008030bd2                sli_service_permanent_allocation
 .text.sli_stack_permanent_allocation
                0x0000000008030bd4        0x2 build/debug/project/autogen/sl_event_handler.o
                0x0000000008030bd4                sli_stack_permanent_allocation
 .text.sli_internal_permanent_allocation
                0x0000000008030bd6        0x2 build/debug/project/autogen/sl_event_handler.o
                0x0000000008030bd6                sli_internal_permanent_allocation
 .text.sl_platform_init
                0x0000000008030bd8       0x14 build/debug/project/autogen/sl_event_handler.o
                0x0000000008030bd8                sl_platform_init
 .text.sli_internal_init_early
                0x0000000008030bec        0x2 build/debug/project/autogen/sl_event_handler.o
                0x0000000008030bec                sli_internal_init_early
 .text.sl_driver_init
                0x0000000008030bee       0x10 build/debug/project/autogen/sl_event_handler.o
                0x0000000008030bee                sl_driver_init
 .text.sl_stack_init
                0x0000000008030bfe        0x2 build/debug/project/autogen/sl_event_handler.o
                0x0000000008030bfe                sl_stack_init
 .text.sl_internal_app_init
                0x0000000008030c00        0x2 build/debug/project/autogen/sl_event_handler.o
                0x0000000008030c00                sl_internal_app_init
 .text.sl_iostream_init_instances_stage_1
                0x0000000008030c02        0x8 build/debug/project/autogen/sl_event_handler.o
                0x0000000008030c02                sl_iostream_init_instances_stage_1
 .text.sl_iostream_init_instances_stage_2
                0x0000000008030c0a        0x8 build/debug/project/autogen/sl_event_handler.o
                0x0000000008030c0a                sl_iostream_init_instances_stage_2
 .text.sl_service_init
                0x0000000008030c12       0x18 build/debug/project/autogen/sl_event_handler.o
                0x0000000008030c12                sl_service_init
 .text.sl_iostream_eusart_init_instances
                0x0000000008030c2a        0x8 build/debug/project/autogen/sl_iostream_init_eusart_instances.o
                0x0000000008030c2a                sl_iostream_eusart_init_instances
 .text.delay    0x0000000008030c32       0x16 build/debug/project/main.o
                0x0000000008030c32                delay
 .text.memcpy   0x0000000008030c48       0x1a /home/ermenal/.silabs/slt/installs/conan/p/gcc-a442105b5c2637/p/bin/../lib/gcc/arm-none-eabi/12.2.1/../../../../arm-none-eabi/lib/thumb/v8-m.main+fp/hard/libc_nano.a(libc_a-memcpy-stub.o)
                0x0000000008030c48                memcpy
 .text.memset   0x0000000008030c62       0x10 /home/ermenal/.silabs/slt/installs/conan/p/gcc-a442105b5c2637/p/bin/../lib/gcc/arm-none-eabi/12.2.1/../../../../arm-none-eabi/lib/thumb/v8-m.main+fp/hard/libc_nano.a(libc_a-memset.o)
                0x0000000008030c62                memset
 *(SORT_BY_ALIGNMENT(text_*))
 *fill*         0x0000000008030c72        0x2 
 text_system_timecritical19225
                0x0000000008030c74        0xc build/debug/sdk/platform/Device/SiliconLabs/EFR32FG23/Source/system_efr32fg23.o
                0x0000000008030c74                SystemHFRCODPLLClockGet
 text_system_timecritical20228
                0x0000000008030c80       0x40 build/debug/sdk/platform/Device/SiliconLabs/EFR32FG23/Source/system_efr32fg23.o
                0x0000000008030c80                SystemSYSCLKGet
 text_system_timecritical16181
                0x0000000008030cc0       0x24 build/debug/sdk/platform/Device/SiliconLabs/EFR32FG23/Source/system_efr32fg23.o
                0x0000000008030cc0                SystemHCLKGet
 text_system_timecritical21230
                0x0000000008030ce4        0x8 build/debug/sdk/platform/Device/SiliconLabs/EFR32FG23/Source/system_efr32fg23.o
                0x0000000008030ce4                SystemMaxCoreClockGet
 text_system_timecritical22232
                0x0000000008030cec        0x8 build/debug/sdk/platform/Device/SiliconLabs/EFR32FG23/Source/system_efr32fg23.o
                0x0000000008030cec                SystemFSRCOClockGet
 text_system_timecritical23234
                0x0000000008030cf4        0xc build/debug/sdk/platform/Device/SiliconLabs/EFR32FG23/Source/system_efr32fg23.o
                0x0000000008030cf4                SystemHFXOClockGet
 text_system_timecritical24237
                0x0000000008030d00        0x8 build/debug/sdk/platform/Device/SiliconLabs/EFR32FG23/Source/system_efr32fg23.o
                0x0000000008030d00                SystemCLKIN0Get
 text_system_timecritical25239
                0x0000000008030d08       0x94 build/debug/sdk/platform/Device/SiliconLabs/EFR32FG23/Source/system_efr32fg23.o
                0x0000000008030d08                SystemHFRCOEM23ClockGet
 text_system_timecritical26241
                0x0000000008030d9c        0xc build/debug/sdk/platform/Device/SiliconLabs/EFR32FG23/Source/system_efr32fg23.o
                0x0000000008030d9c                SystemLFXOClockGet
 text_dmadrv_timecritical29166
                0x0000000008030da8       0x40 build/debug/sdk/platform/emdrv/dmadrv/src/dmadrv.o
                0x0000000008030da8                DMADRV_StopTransfer
 text_dmadrv_timecritical32174
                0x0000000008030de8       0x48 build/debug/sdk/platform/emdrv/dmadrv/src/dmadrv.o
                0x0000000008030de8                DMADRV_TransferDone
 text_dmadrv_timecritical33177
                0x0000000008030e30       0x48 build/debug/sdk/platform/emdrv/dmadrv/src/dmadrv.o
                0x0000000008030e30                DMADRV_TransferRemainingCount
 text_hal_gpio_timecritical29429
                0x0000000008030e78       0x6c build/debug/sdk/platform/peripheral/src/sl_hal_gpio.o
                0x0000000008030e78                sl_hal_gpio_set_pin
 text_clock_manager_timecritical2674
                0x0000000008030ee4       0x38 build/debug/sdk/platform/service/clock_manager/src/sl_clock_manager_hal_s2.o
                0x0000000008030ee4                sli_clock_manager_hal_enable_bus_clock
 text_core_timecritical2307
                0x0000000008030f1c        0xa build/debug/sdk/platform/common/src/sl_core_cortexm.o
                0x0000000008030f1c                CORE_ExitCritical
 text_core_timecritical4331
                0x0000000008030f26        0x8 build/debug/sdk/platform/common/src/sl_core_cortexm.o
                0x0000000008030f26                CORE_EnterCritical
 text_core_timecritical7363
                0x0000000008030f2e        0xa build/debug/sdk/platform/common/src/sl_core_cortexm.o
                0x0000000008030f2e                CORE_ExitAtomic
 text_core_timecritical9387
                0x0000000008030f38        0xc build/debug/sdk/platform/common/src/sl_core_cortexm.o
                0x0000000008030f38                CORE_EnterAtomic
 text_system_timecritical27244
                0x0000000008030f44        0x6 build/debug/sdk/platform/Device/SiliconLabs/EFR32FG23/Source/system_efr32fg23.o
                0x0000000008030f44                SystemLFRCOClockGet
 text_system_timecritical28246
                0x0000000008030f4a        0x6 build/debug/sdk/platform/Device/SiliconLabs/EFR32FG23/Source/system_efr32fg23.o
                0x0000000008030f4a                SystemULFRCOClockGet
 text_clock_manager_timecritical1352
                0x0000000008030f50        0xe build/debug/sdk/platform/service/clock_manager/src/sl_clock_manager.o
                0x0000000008030f50                sl_clock_manager_get_clock_branch_frequency
 text_clock_manager_timecritical2380
                0x0000000008030f5e        0xa build/debug/sdk/platform/service/clock_manager/src/sl_clock_manager.o
                0x0000000008030f5e                sl_clock_manager_enable_bus_clock
 text_clock_manager_timecritical3394
                0x0000000008030f68        0xa build/debug/sdk/platform/service/clock_manager/src/sl_clock_manager.o
                0x0000000008030f68                sl_clock_manager_disable_bus_clock
 text_clock_manager_timecritical2561
                0x0000000008030f72      0x168 build/debug/sdk/platform/service/clock_manager/src/sl_clock_manager_hal_s2.o
                0x0000000008030f72                sli_clock_manager_hal_get_clock_branch_frequency
                0x00000000080310e0                . = ALIGN (0x20)
 *fill*         0x00000000080310da        0x6 
                0x00000000080310e0                linker_code_end = .
 *(.init)
 .init          0x00000000080310e0        0x4 /home/ermenal/.silabs/slt/installs/conan/p/gcc-a442105b5c2637/p/bin/../lib/gcc/arm-none-eabi/12.2.1/thumb/v8-m.main+fp/hard/crti.o
                0x00000000080310e0                _init
 .init          0x00000000080310e4        0x8 /home/ermenal/.silabs/slt/installs/conan/p/gcc-a442105b5c2637/p/bin/../lib/gcc/arm-none-eabi/12.2.1/thumb/v8-m.main+fp/hard/crtn.o
 *(.fini)
 .fini          0x00000000080310ec        0x4 /home/ermenal/.silabs/slt/installs/conan/p/gcc-a442105b5c2637/p/bin/../lib/gcc/arm-none-eabi/12.2.1/thumb/v8-m.main+fp/hard/crti.o
                0x00000000080310ec                _fini
 .fini          0x00000000080310f0        0x8 /home/ermenal/.silabs/slt/installs/conan/p/gcc-a442105b5c2637/p/bin/../lib/gcc/arm-none-eabi/12.2.1/thumb/v8-m.main+fp/hard/crtn.o
 *crtbegin.o(.ctors)
 *crtbegin?.o(.ctors)
 *(EXCLUDE_FILE(*crtend.o *crtend?.o) .ctors)
 *(SORT_BY_NAME(.ctors.*))
 *(.ctors)
 *crtbegin.o(.dtors)
 *crtbegin?.o(.dtors)
 *(EXCLUDE_FILE(*crtend.o *crtend?.o) .dtors)
 *(SORT_BY_NAME(.dtors.*))
 *(.dtors)
 *(.rodata*)
 .rodata.sli_cos_swo_itm_8_write.str1.4
                0x00000000080310f8       0x4c build/debug/sdk/hardware/driver/configuration_over_swo/src/sl_cos.o
 .rodata.sl_slist_push.str1.4
                0x0000000008031144       0x37 build/debug/sdk/platform/common/src/sl_slist.o
 *fill*         0x000000000803117b        0x1 
 .rodata.str1.4
                0x000000000803117c       0x3b build/debug/sdk/platform/driver/gpio/src/sl_gpio.o
 *fill*         0x00000000080311b7        0x1 
 .rodata        0x00000000080311b8        0x4 build/debug/sdk/platform/emdrv/dmadrv/src/dmadrv.o
 .rodata.BUS_RegBitWrite.str1.4
                0x00000000080311bc       0x34 build/debug/sdk/platform/emlib/src/em_cmu.o
 .rodata.em01GrpaClkGet.str1.4
                0x00000000080311f0       0x34 build/debug/sdk/platform/emlib/src/em_cmu.o
 .rodata.EMU_VScaleEM01.str1.4
                0x0000000008031224       0x34 build/debug/sdk/platform/emlib/src/em_emu.o
 .rodata.EUSART_ClockGet.str1.4
                0x0000000008031258       0x37 build/debug/sdk/platform/emlib/src/em_eusart.o
 .rodata.BUS_RegMaskedWrite.str1.4
                0x000000000803128f       0x34 build/debug/sdk/platform/emlib/src/em_gpio.o
 *fill*         0x000000000803128f        0x1 
 .rodata.GPIO_PinOutSet.str1.4
                0x0000000008031290       0x35 build/debug/sdk/platform/emlib/src/em_gpio.o
 *fill*         0x00000000080312c5        0x3 
 .rodata.GPIO_ExtIntConfig.str1.4
                0x00000000080312c8       0x35 build/debug/sdk/platform/emlib/src/em_gpio.o
 .rodata.BUS_RegBitWrite.str1.4
                0x00000000080312fd       0x34 build/debug/sdk/platform/emlib/src/em_ldma.o
 *fill*         0x00000000080312fd        0x3 
 .rodata.LDMA_EnableChannelRequest.str1.4
                0x0000000008031300       0x35 build/debug/sdk/platform/emlib/src/em_ldma.o
 *fill*         0x0000000008031335        0x3 
 .rodata.str1.4
                0x0000000008031338       0x3e build/debug/sdk/platform/peripheral/src/sl_hal_gpio.o
 *fill*         0x0000000008031376        0x2 
 .rodata.sl_hal_gpio_set_pin_mode.str1.4
                0x0000000008031378       0x3e build/debug/sdk/platform/peripheral/src/sl_hal_gpio.o
 .rodata.BUS_RegBitWrite.str1.4
                0x00000000080313b6       0x34 build/debug/sdk/platform/service/clock_manager/src/sl_clock_manager_hal_s2.o
 *fill*         0x00000000080313b6        0x2 
 .rodata.init_lfrco.str1.4
                0x00000000080313b8       0x5a build/debug/sdk/platform/service/clock_manager/src/sl_clock_manager_init_hal_s2.o
 *fill*         0x0000000008031412        0x2 
 .rodata        0x0000000008031414       0x3c build/debug/sdk/platform/service/clock_manager/src/sl_clock_manager_init_hal_s2.o
 .rodata        0x0000000008031450        0x7 build/debug/sdk/platform/service/device_init/src/sl_device_init_dcdc_s2.o
 *fill*         0x0000000008031457        0x1 
 .rodata.SL_BUS_CLOCK_SYSRTC0_VALUE
                0x0000000008031458        0x4 build/debug/sdk/platform/service/device_manager/clocks/sl_device_clock_efr32xg23.o
                0x0000000008031458                SL_BUS_CLOCK_SYSRTC0_VALUE
 .rodata.SL_BUS_CLOCK_LFRCO_VALUE
                0x000000000803145c        0x4 build/debug/sdk/platform/service/device_manager/clocks/sl_device_clock_efr32xg23.o
                0x000000000803145c                SL_BUS_CLOCK_LFRCO_VALUE
 .rodata.SL_BUS_CLOCK_GPIO_VALUE
                0x0000000008031460        0x4 build/debug/sdk/platform/service/device_manager/clocks/sl_device_clock_efr32xg23.o
                0x0000000008031460                SL_BUS_CLOCK_GPIO_VALUE
 .rodata.SL_BUS_CLOCK_EUSART0_VALUE
                0x0000000008031464        0x4 build/debug/sdk/platform/service/device_manager/clocks/sl_device_clock_efr32xg23.o
                0x0000000008031464                SL_BUS_CLOCK_EUSART0_VALUE
 .rodata.sl_peripheral_val_eusart0
                0x0000000008031468        0xc build/debug/sdk/platform/service/device_manager/devices/sl_device_peripheral_hal_efr32xg23.o
                0x0000000008031468                sl_peripheral_val_eusart0
 .rodata.sl_interrupt_manager_disable_irq.str1.4
                0x0000000008031474       0x5e build/debug/sdk/platform/service/interrupt_manager/src/sl_interrupt_manager_cortexm.o
 *fill*         0x00000000080314d2        0x2 
 .rodata.iostream_to_hal_parity.str1.4
                0x00000000080314d4       0x4b build/debug/sdk/platform/service/iostream/src/sl_iostream_eusart.o
 *fill*         0x000000000803151f        0x1 
 .rodata        0x0000000008031520       0x40 build/debug/sdk/platform/service/iostream/src/sl_iostream_eusart.o
 .rodata.__rx_buffer_full.str1.4
                0x0000000008031560       0x49 build/debug/sdk/platform/service/iostream/src/sl_iostream_uart.o
 *fill*         0x00000000080315a9        0x3 
 .rodata.sli_memory_find_head_free_block.str1.4
                0x00000000080315ac       0x58 build/debug/sdk/platform/service/memory_manager/src/sli_memory_manager_common.o
 .rodata.sl_iostream_eusart_init_vcom.str1.4
                0x0000000008031604       0x2c build/debug/project/autogen/sl_iostream_init_eusart_instances.o
 .rodata.str1.4
                0x0000000008031630        0x5 build/debug/project/autogen/sl_iostream_init_eusart_instances.o
 *(.eh_frame*)
 *fill*         0x0000000008031635        0x3 
 .eh_frame      0x0000000008031638        0x0 /home/ermenal/.silabs/slt/installs/conan/p/gcc-a442105b5c2637/p/bin/../lib/gcc/arm-none-eabi/12.2.1/thumb/v8-m.main+fp/hard/crtbegin.o

.glue_7         0x0000000008031638        0x0
 .glue_7        0x0000000008031638        0x0 linker stubs

.glue_7t        0x0000000008031638        0x0
 .glue_7t       0x0000000008031638        0x0 linker stubs

.vfp11_veneer   0x0000000008031638        0x0
 .vfp11_veneer  0x0000000008031638        0x0 linker stubs

.v4_bx          0x0000000008031638        0x0
 .v4_bx         0x0000000008031638        0x0 linker stubs

.iplt           0x0000000008031638        0x0
 .iplt          0x0000000008031638        0x0 /home/ermenal/.silabs/slt/installs/conan/p/gcc-a442105b5c2637/p/bin/../lib/gcc/arm-none-eabi/12.2.1/thumb/v8-m.main+fp/hard/crtbegin.o

.ARM.extab
 *(.ARM.extab* .gnu.linkonce.armextab.*)
                0x0000000008031638                __exidx_start = .

.ARM.exidx      0x0000000008031638        0x8
 *(.ARM.exidx* .gnu.linkonce.armexidx.*)
 .ARM.exidx     0x0000000008031638        0x8 /home/ermenal/.silabs/slt/installs/conan/p/gcc-a442105b5c2637/p/bin/../lib/gcc/arm-none-eabi/12.2.1/../../../../arm-none-eabi/lib/thumb/v8-m.main+fp/hard/crt0.o
                                         0x10 (size before relaxing)
                0x0000000008031640                __exidx_end = .

.copy.table     0x0000000008031640        0xc
                0x0000000008031640                . = ALIGN (0x4)
                0x0000000008031640                __copy_table_start__ = .
                0x0000000008031640        0x4 LONG 0x803164c __etext
                0x0000000008031644        0x4 LONG 0x20004440 __data_start__
                0x0000000008031648        0x4 LONG 0x1a ((__data_end__ - __data_start__) / 0x4)
                0x000000000803164c                __copy_table_end__ = .

.rel.dyn        0x000000000803164c        0x0
 .rel.iplt      0x000000000803164c        0x0 /home/ermenal/.silabs/slt/installs/conan/p/gcc-a442105b5c2637/p/bin/../lib/gcc/arm-none-eabi/12.2.1/thumb/v8-m.main+fp/hard/crtbegin.o

.zero.table     0x000000000803164c        0x0
                0x000000000803164c                . = ALIGN (0x4)
                0x000000000803164c                __zero_table_start__ = .
                0x000000000803164c                __zero_table_end__ = .
                0x000000000803164c                __etext = .

.data           0x0000000020004440       0x68 load address 0x000000000803164c
                0x0000000020004440                . = ALIGN (0x4)
                0x0000000020004440                __data_start__ = .
 *(vtable)
 *(SORT_BY_ALIGNMENT(.data*))
 .data.SystemCoreClock
                0x0000000020004440        0x4 build/debug/sdk/platform/Device/SiliconLabs/EFR32FG23/Source/system_efr32fg23.o
                0x0000000020004440                SystemCoreClock
 .data.SystemHFRCODPLLClock
                0x0000000020004444        0x4 build/debug/sdk/platform/Device/SiliconLabs/EFR32FG23/Source/system_efr32fg23.o
 .data.SystemLFXOClock
                0x0000000020004448        0x4 build/debug/sdk/platform/Device/SiliconLabs/EFR32FG23/Source/system_efr32fg23.o
 .data.SystemHFXOClock
                0x000000002000444c        0x4 build/debug/sdk/platform/Device/SiliconLabs/EFR32FG23/Source/system_efr32fg23.o
 .data.nvm3_defaultInit
                0x0000000020004450        0x4 build/debug/sdk/platform/security/sl_component/sl_trustzone/src/sli_tz_service_nvm3_ns.o
                0x0000000020004450                nvm3_defaultInit
 .data.nvm3_defaultInitData
                0x0000000020004454       0x1c build/debug/sdk/platform/security/sl_component/sl_trustzone/src/sli_tz_service_nvm3_ns.o
                0x0000000020004454                nvm3_defaultInitData
 .data.sl_iostream_instances_info
                0x0000000020004470        0x4 build/debug/project/autogen/sl_iostream_handles.o
                0x0000000020004470                sl_iostream_instances_info
 .data.sl_iostream_instance_vcom_info
                0x0000000020004474       0x10 build/debug/project/autogen/sl_iostream_init_eusart_instances.o
                0x0000000020004474                sl_iostream_instance_vcom_info
 .data.uart_periph_vcom
                0x0000000020004484       0x14 build/debug/project/autogen/sl_iostream_init_eusart_instances.o
 .data.hfxo_precision
                0x0000000020004498        0x2 build/debug/sdk/platform/emlib/src/em_cmu.o
 .data.lfxo_precision
                0x000000002000449a        0x2 build/debug/sdk/platform/emlib/src/em_cmu.o
 .data.ctuneDelta
                0x000000002000449c        0x1 build/debug/sdk/platform/emlib/src/em_cmu.o
                0x00000000200044a0                . = ALIGN (0x4)
 *fill*         0x000000002000449d        0x3 
                0x00000000200044a0                . = ALIGN (0x4)
                0x00000000200044a0                PROVIDE (__preinit_array_start = .)
 *(.preinit_array)
                0x00000000200044a0                PROVIDE (__preinit_array_end = .)
                0x00000000200044a0                . = ALIGN (0x4)
                0x00000000200044a0                PROVIDE (__init_array_start = .)
 *(SORT_BY_NAME(.init_array.*))
 *(.init_array)
 .init_array    0x00000000200044a0        0x4 /home/ermenal/.silabs/slt/installs/conan/p/gcc-a442105b5c2637/p/bin/../lib/gcc/arm-none-eabi/12.2.1/thumb/v8-m.main+fp/hard/crtbegin.o
                0x00000000200044a4                PROVIDE (__init_array_end = .)
                0x00000000200044a4                . = ALIGN (0x4)
                [!provide]                        PROVIDE (__fini_array_start = .)
 *(SORT_BY_NAME(.fini_array.*))
 *(.fini_array)
 .fini_array    0x00000000200044a4        0x4 /home/ermenal/.silabs/slt/installs/conan/p/gcc-a442105b5c2637/p/bin/../lib/gcc/arm-none-eabi/12.2.1/thumb/v8-m.main+fp/hard/crtbegin.o
                [!provide]                        PROVIDE (__fini_array_end = .)
                0x00000000200044a8                . = ALIGN (0x4)
                0x00000000200044a8                __data_end__ = .
                0x0000000020008000                heap_limit = (ORIGIN (RAM) + LENGTH (RAM))
                0x0000000000003b58                heap_size = (heap_limit - __HeapBase)

.tm_clone_table
                0x00000000200044a8        0x0 load address 0x00000000080316b4
 .tm_clone_table
                0x00000000200044a8        0x0 /home/ermenal/.silabs/slt/installs/conan/p/gcc-a442105b5c2637/p/bin/../lib/gcc/arm-none-eabi/12.2.1/thumb/v8-m.main+fp/hard/crtbegin.o
 .tm_clone_table
                0x00000000200044a8        0x0 /home/ermenal/.silabs/slt/installs/conan/p/gcc-a442105b5c2637/p/bin/../lib/gcc/arm-none-eabi/12.2.1/thumb/v8-m.main+fp/hard/crtend.o

.igot.plt       0x00000000200044a8        0x0 load address 0x00000000080316b4
 .igot.plt      0x00000000200044a8        0x0 /home/ermenal/.silabs/slt/installs/conan/p/gcc-a442105b5c2637/p/bin/../lib/gcc/arm-none-eabi/12.2.1/thumb/v8-m.main+fp/hard/crtbegin.o

.memory_manager_heap
                0x00000000200044a8     0x3b58 load address 0x00000000080316b4
                0x00000000200044a8                . = ALIGN (0x8)
                0x00000000200044a8                __HeapBase = .
                0x0000000020008000                . = (. + heap_size)
 *fill*         0x00000000200044a8     0x3b58 
                0x0000000020008000                __end__ = .
                0x0000000020008000                _end = __end__
 *(.memory_manager_heap*)
                0x0000000020008000                __HeapLimit = (ORIGIN (RAM) + LENGTH (RAM))
                0x0000000000003b58                __heap_size = (__HeapLimit - __HeapBase)
                0x0000000020008000                __ram_end__ = 0x20008000
                0x0000000008080000                __main_flash_end__ = 0x8080000

.internal_storage
 *(.internal_storage*)

.nvm            0x00000000080316b4     0xa000
 *(.simee*)
 .simee         0x00000000080316b4     0xa000 build/debug/sdk/platform/security/sl_component/sl_trustzone/src/sli_tz_service_nvm3_ns.o
                0x00000000080316b4                nvm3_default_storage
                0x0000000020004440                __ramfuncs_start__ = __vma_ramfuncs_start__
                0x0000000020004440                __ramfuncs_end__ = __vma_ramfuncs_end__
                0x0000000008080000                linker_nvm_end = __main_flash_end__
                0x0000000008076000                linker_nvm_begin = (linker_nvm_end - SIZEOF (.nvm))
                0x0000000008076000                linker_storage_end = linker_nvm_begin
                0x0000000008076000                __nvm3Base = linker_nvm_begin
                0x0000000008076000                linker_storage_begin = (linker_storage_end - SIZEOF (.internal_storage))
                0x0000000000000001                ASSERT ((linker_storage_begin >= (__etext + SIZEOF (.data))), FLASH memory overflowed !)
                0x0000000008080000                app_flash_end = 0x8080000
                0x0000000000000001                ASSERT (((linker_nvm_begin + SIZEOF (.nvm)) <= app_flash_end), NVM3 is excessing the flash size !)
OUTPUT(build/debug/thesis_project_ns.out elf32-littlearm)
LOAD linker stubs

.ARM.attributes
                0x0000000000000000       0x36
 .ARM.attributes
                0x0000000000000000       0x26 /home/ermenal/.silabs/slt/installs/conan/p/gcc-a442105b5c2637/p/bin/../lib/gcc/arm-none-eabi/12.2.1/thumb/v8-m.main+fp/hard/crti.o
 .ARM.attributes
                0x0000000000000026       0x38 /home/ermenal/.silabs/slt/installs/conan/p/gcc-a442105b5c2637/p/bin/../lib/gcc/arm-none-eabi/12.2.1/thumb/v8-m.main+fp/hard/crtbegin.o
 .ARM.attributes
                0x000000000000005e       0x24 /home/ermenal/.silabs/slt/installs/conan/p/gcc-a442105b5c2637/p/bin/../lib/gcc/arm-none-eabi/12.2.1/../../../../arm-none-eabi/lib/thumb/v8-m.main+fp/hard/crt0.o
 .ARM.attributes
                0x0000000000000082       0x3a build/debug/sdk/hardware/board/src/sl_board_control_gpio.o
 .ARM.attributes
                0x00000000000000bc       0x3a build/debug/sdk/hardware/board/src/sl_board_init.o
 .ARM.attributes
                0x00000000000000f6       0x3a build/debug/sdk/hardware/driver/configuration_over_swo/src/sl_cos.o
 .ARM.attributes
                0x0000000000000130       0x3a build/debug/sdk/platform/common/src/sl_assert.o
 .ARM.attributes
                0x000000000000016a       0x3a build/debug/sdk/platform/common/src/sl_core_cortexm.o
 .ARM.attributes
                0x00000000000001a4       0x3a build/debug/sdk/platform/common/src/sl_slist.o
 .ARM.attributes
                0x00000000000001de       0x3a build/debug/sdk/platform/Device/SiliconLabs/EFR32FG23/Source/startup_efr32fg23.o
 .ARM.attributes
                0x0000000000000218       0x3a build/debug/sdk/platform/Device/SiliconLabs/EFR32FG23/Source/system_efr32fg23.o
 .ARM.attributes
                0x0000000000000252       0x3a build/debug/sdk/platform/driver/debug/src/sl_debug_swo.o
 .ARM.attributes
                0x000000000000028c       0x3a build/debug/sdk/platform/driver/gpio/src/sl_gpio.o
 .ARM.attributes
                0x00000000000002c6       0x3a build/debug/sdk/platform/emdrv/dmadrv/src/dmadrv.o
 .ARM.attributes
                0x0000000000000300       0x3a build/debug/sdk/platform/emlib/src/em_cmu.o
 .ARM.attributes
                0x000000000000033a       0x3a build/debug/sdk/platform/emlib/src/em_emu.o
 .ARM.attributes
                0x0000000000000374       0x3a build/debug/sdk/platform/emlib/src/em_eusart.o
 .ARM.attributes
                0x00000000000003ae       0x3a build/debug/sdk/platform/emlib/src/em_gpio.o
 .ARM.attributes
                0x00000000000003e8       0x3a build/debug/sdk/platform/emlib/src/em_ldma.o
 .ARM.attributes
                0x0000000000000422       0x3a build/debug/sdk/platform/peripheral/src/sl_hal_gpio.o
 .ARM.attributes
                0x000000000000045c       0x3a build/debug/sdk/platform/security/sl_component/sl_mbedtls_support/src/sl_mbedtls.o
 .ARM.attributes
                0x0000000000000496       0x3a build/debug/sdk/platform/security/sl_component/sl_trustzone/src/sli_tz_ns_interface.o
 .ARM.attributes
                0x00000000000004d0       0x3a build/debug/sdk/platform/security/sl_component/sl_trustzone/src/sli_tz_service_nvm3_ns.o
 .ARM.attributes
                0x000000000000050a       0x3a build/debug/sdk/platform/security/sl_component/sl_trustzone/src/sli_tz_service_syscfg_ns.o
 .ARM.attributes
                0x0000000000000544       0x3a build/debug/sdk/platform/service/clock_manager/src/sl_clock_manager.o
 .ARM.attributes
                0x000000000000057e       0x3a build/debug/sdk/platform/service/clock_manager/src/sl_clock_manager_hal_s2.o
 .ARM.attributes
                0x00000000000005b8       0x3a build/debug/sdk/platform/service/clock_manager/src/sl_clock_manager_init.o
 .ARM.attributes
                0x00000000000005f2       0x3a build/debug/sdk/platform/service/clock_manager/src/sl_clock_manager_init_hal_s2.o
 .ARM.attributes
                0x000000000000062c       0x3a build/debug/sdk/platform/service/device_init/src/sl_device_init_dcdc_s2.o
 .ARM.attributes
                0x0000000000000666       0x3a build/debug/sdk/platform/service/device_init/src/sl_device_init_emu_s2.o
 .ARM.attributes
                0x00000000000006a0       0x3a build/debug/sdk/platform/service/device_manager/clocks/sl_device_clock_efr32xg23.o
 .ARM.attributes
                0x00000000000006da       0x3a build/debug/sdk/platform/service/device_manager/devices/sl_device_peripheral_hal_efr32xg23.o
 .ARM.attributes
                0x0000000000000714       0x3a build/debug/sdk/platform/service/interrupt_manager/src/sl_interrupt_manager_cortexm.o
 .ARM.attributes
                0x000000000000074e       0x3a build/debug/sdk/platform/service/iostream/src/sl_iostream.o
 .ARM.attributes
                0x0000000000000788       0x3a build/debug/sdk/platform/service/iostream/src/sl_iostream_eusart.o
 .ARM.attributes
                0x00000000000007c2       0x3a build/debug/sdk/platform/service/iostream/src/sl_iostream_retarget_stdio.o
 .ARM.attributes
                0x00000000000007fc       0x3a build/debug/sdk/platform/service/iostream/src/sl_iostream_uart.o
 .ARM.attributes
                0x0000000000000836       0x3a build/debug/sdk/platform/service/memory_manager/src/sl_memory_manager.o
 .ARM.attributes
                0x0000000000000870       0x3a build/debug/sdk/platform/service/memory_manager/src/sl_memory_manager_region.o
 .ARM.attributes
                0x00000000000008aa       0x3a build/debug/sdk/platform/service/memory_manager/src/sli_memory_manager_common.o
 .ARM.attributes
                0x00000000000008e4       0x3a build/debug/sdk/platform/service/mpu/src/sl_mpu_s2.o
 .ARM.attributes
                0x000000000000091e       0x3a build/debug/sdk/platform/service/sl_main/sl_system_compatibility/src/sl_system_compatibility.o
 .ARM.attributes
                0x0000000000000958       0x3a build/debug/sdk/platform/service/sl_main/src/sl_main_init.o
 .ARM.attributes
                0x0000000000000992       0x3a build/debug/sdk/platform/service/sl_main/src/sl_main_init_memory.o
 .ARM.attributes
                0x00000000000009cc       0x3a build/debug/sdk/util/third_party/trusted-firmware-m/platform/ext/target/siliconlabs/common/tfm_ns_interface.o
 .ARM.attributes
                0x0000000000000a06       0x3a build/debug/project/autogen/sl_board_default_init.o
 .ARM.attributes
                0x0000000000000a40       0x3a build/debug/project/autogen/sl_event_handler.o
 .ARM.attributes
                0x0000000000000a7a       0x3a build/debug/project/autogen/sl_iostream_handles.o
 .ARM.attributes
                0x0000000000000ab4       0x3a build/debug/project/autogen/sl_iostream_init_eusart_instances.o
 .ARM.attributes
                0x0000000000000aee       0x3a build/debug/project/main.o
 .ARM.attributes
                0x0000000000000b28       0x38 /home/ermenal/.silabs/slt/installs/conan/p/gcc-a442105b5c2637/p/bin/../lib/gcc/arm-none-eabi/12.2.1/../../../../arm-none-eabi/lib/thumb/v8-m.main+fp/hard/libc_nano.a(libc_a-exit.o)
 .ARM.attributes
                0x0000000000000b60       0x38 /home/ermenal/.silabs/slt/installs/conan/p/gcc-a442105b5c2637/p/bin/../lib/gcc/arm-none-eabi/12.2.1/../../../../arm-none-eabi/lib/thumb/v8-m.main+fp/hard/libc_nano.a(libc_a-init.o)
 .ARM.attributes
                0x0000000000000b98       0x38 /home/ermenal/.silabs/slt/installs/conan/p/gcc-a442105b5c2637/p/bin/../lib/gcc/arm-none-eabi/12.2.1/../../../../arm-none-eabi/lib/thumb/v8-m.main+fp/hard/libc_nano.a(libc_a-memcpy-stub.o)
 .ARM.attributes
                0x0000000000000bd0       0x38 /home/ermenal/.silabs/slt/installs/conan/p/gcc-a442105b5c2637/p/bin/../lib/gcc/arm-none-eabi/12.2.1/../../../../arm-none-eabi/lib/thumb/v8-m.main+fp/hard/libc_nano.a(libc_a-findfp.o)
 .ARM.attributes
                0x0000000000000c08       0x38 /home/ermenal/.silabs/slt/installs/conan/p/gcc-a442105b5c2637/p/bin/../lib/gcc/arm-none-eabi/12.2.1/../../../../arm-none-eabi/lib/thumb/v8-m.main+fp/hard/libc_nano.a(libc_a-memset.o)
 .ARM.attributes
                0x0000000000000c40       0x38 /home/ermenal/.silabs/slt/installs/conan/p/gcc-a442105b5c2637/p/bin/../lib/gcc/arm-none-eabi/12.2.1/thumb/v8-m.main+fp/hard/crtend.o
 .ARM.attributes
                0x0000000000000c78       0x26 /home/ermenal/.silabs/slt/installs/conan/p/gcc-a442105b5c2637/p/bin/../lib/gcc/arm-none-eabi/12.2.1/thumb/v8-m.main+fp/hard/crtn.o

.comment        0x0000000000000000       0x45
 .comment       0x0000000000000000       0x45 build/debug/sdk/hardware/board/src/sl_board_control_gpio.o
                                         0x46 (size before relaxing)
 .comment       0x0000000000000045       0x46 build/debug/sdk/hardware/board/src/sl_board_init.o
 .comment       0x0000000000000045       0x46 build/debug/sdk/hardware/driver/configuration_over_swo/src/sl_cos.o
 .comment       0x0000000000000045       0x46 build/debug/sdk/platform/common/src/sl_assert.o
 .comment       0x0000000000000045       0x46 build/debug/sdk/platform/common/src/sl_core_cortexm.o
 .comment       0x0000000000000045       0x46 build/debug/sdk/platform/common/src/sl_slist.o
 .comment       0x0000000000000045       0x46 build/debug/sdk/platform/Device/SiliconLabs/EFR32FG23/Source/startup_efr32fg23.o
 .comment       0x0000000000000045       0x46 build/debug/sdk/platform/Device/SiliconLabs/EFR32FG23/Source/system_efr32fg23.o
 .comment       0x0000000000000045       0x46 build/debug/sdk/platform/driver/debug/src/sl_debug_swo.o
 .comment       0x0000000000000045       0x46 build/debug/sdk/platform/driver/gpio/src/sl_gpio.o
 .comment       0x0000000000000045       0x46 build/debug/sdk/platform/emdrv/dmadrv/src/dmadrv.o
 .comment       0x0000000000000045       0x46 build/debug/sdk/platform/emlib/src/em_cmu.o
 .comment       0x0000000000000045       0x46 build/debug/sdk/platform/emlib/src/em_emu.o
 .comment       0x0000000000000045       0x46 build/debug/sdk/platform/emlib/src/em_eusart.o
 .comment       0x0000000000000045       0x46 build/debug/sdk/platform/emlib/src/em_gpio.o
 .comment       0x0000000000000045       0x46 build/debug/sdk/platform/emlib/src/em_ldma.o
 .comment       0x0000000000000045       0x46 build/debug/sdk/platform/peripheral/src/sl_hal_gpio.o
 .comment       0x0000000000000045       0x46 build/debug/sdk/platform/security/sl_component/sl_mbedtls_support/src/sl_mbedtls.o
 .comment       0x0000000000000045       0x46 build/debug/sdk/platform/security/sl_component/sl_trustzone/src/sli_tz_ns_interface.o
 .comment       0x0000000000000045       0x46 build/debug/sdk/platform/security/sl_component/sl_trustzone/src/sli_tz_service_nvm3_ns.o
 .comment       0x0000000000000045       0x46 build/debug/sdk/platform/security/sl_component/sl_trustzone/src/sli_tz_service_syscfg_ns.o
 .comment       0x0000000000000045       0x46 build/debug/sdk/platform/service/clock_manager/src/sl_clock_manager.o
 .comment       0x0000000000000045       0x46 build/debug/sdk/platform/service/clock_manager/src/sl_clock_manager_hal_s2.o
 .comment       0x0000000000000045       0x46 build/debug/sdk/platform/service/clock_manager/src/sl_clock_manager_init.o
 .comment       0x0000000000000045       0x46 build/debug/sdk/platform/service/clock_manager/src/sl_clock_manager_init_hal_s2.o
 .comment       0x0000000000000045       0x46 build/debug/sdk/platform/service/device_init/src/sl_device_init_dcdc_s2.o
 .comment       0x0000000000000045       0x46 build/debug/sdk/platform/service/device_init/src/sl_device_init_emu_s2.o
 .comment       0x0000000000000045       0x46 build/debug/sdk/platform/service/device_manager/clocks/sl_device_clock_efr32xg23.o
 .comment       0x0000000000000045       0x46 build/debug/sdk/platform/service/device_manager/devices/sl_device_peripheral_hal_efr32xg23.o
 .comment       0x0000000000000045       0x46 build/debug/sdk/platform/service/interrupt_manager/src/sl_interrupt_manager_cortexm.o
 .comment       0x0000000000000045       0x46 build/debug/sdk/platform/service/iostream/src/sl_iostream.o
 .comment       0x0000000000000045       0x46 build/debug/sdk/platform/service/iostream/src/sl_iostream_eusart.o
 .comment       0x0000000000000045       0x46 build/debug/sdk/platform/service/iostream/src/sl_iostream_retarget_stdio.o
 .comment       0x0000000000000045       0x46 build/debug/sdk/platform/service/iostream/src/sl_iostream_uart.o
 .comment       0x0000000000000045       0x46 build/debug/sdk/platform/service/memory_manager/src/sl_memory_manager.o
 .comment       0x0000000000000045       0x46 build/debug/sdk/platform/service/memory_manager/src/sl_memory_manager_region.o
 .comment       0x0000000000000045       0x46 build/debug/sdk/platform/service/memory_manager/src/sli_memory_manager_common.o
 .comment       0x0000000000000045       0x46 build/debug/sdk/platform/service/mpu/src/sl_mpu_s2.o
 .comment       0x0000000000000045       0x46 build/debug/sdk/platform/service/sl_main/sl_system_compatibility/src/sl_system_compatibility.o
 .comment       0x0000000000000045       0x46 build/debug/sdk/platform/service/sl_main/src/sl_main_init.o
 .comment       0x0000000000000045       0x46 build/debug/sdk/platform/service/sl_main/src/sl_main_init_memory.o
 .comment       0x0000000000000045       0x46 build/debug/sdk/util/third_party/trusted-firmware-m/platform/ext/target/siliconlabs/common/tfm_ns_interface.o
 .comment       0x0000000000000045       0x46 build/debug/project/autogen/sl_board_default_init.o
 .comment       0x0000000000000045       0x46 build/debug/project/autogen/sl_event_handler.o
 .comment       0x0000000000000045       0x46 build/debug/project/autogen/sl_iostream_handles.o
 .comment       0x0000000000000045       0x46 build/debug/project/autogen/sl_iostream_init_eusart_instances.o
 .comment       0x0000000000000045       0x46 build/debug/project/main.o

.debug_line_str
                0x0000000000000000       0xe0
 .debug_line_str
                0x0000000000000000       0xe0 /home/ermenal/.silabs/slt/installs/conan/p/gcc-a442105b5c2637/p/bin/../lib/gcc/arm-none-eabi/12.2.1/../../../../arm-none-eabi/lib/thumb/v8-m.main+fp/hard/crt0.o

.debug_info     0x0000000000000000    0x3c451
 .debug_info    0x0000000000000000      0x5e8 build/debug/sdk/hardware/board/src/sl_board_control_gpio.o
 .debug_info    0x00000000000005e8      0x125 build/debug/sdk/hardware/board/src/sl_board_init.o
 .debug_info    0x000000000000070d      0x3f9 build/debug/sdk/hardware/driver/configuration_over_swo/src/sl_cos.o
 .debug_info    0x0000000000000b06       0x7d build/debug/sdk/platform/common/src/sl_assert.o
 .debug_info    0x0000000000000b83      0x883 build/debug/sdk/platform/common/src/sl_core_cortexm.o
 .debug_info    0x0000000000001406      0x41d build/debug/sdk/platform/common/src/sl_slist.o
 .debug_info    0x0000000000001823      0x3c2 build/debug/sdk/platform/Device/SiliconLabs/EFR32FG23/Source/startup_efr32fg23.o
 .debug_info    0x0000000000001be5     0x135e build/debug/sdk/platform/Device/SiliconLabs/EFR32FG23/Source/system_efr32fg23.o
 .debug_info    0x0000000000002f43     0x2235 build/debug/sdk/platform/driver/debug/src/sl_debug_swo.o
 .debug_info    0x0000000000005178     0x39b9 build/debug/sdk/platform/driver/gpio/src/sl_gpio.o
 .debug_info    0x0000000000008b31     0x1a8d build/debug/sdk/platform/emdrv/dmadrv/src/dmadrv.o