Archive member included to satisfy reference by file (symbol)

/home/ermenal/.silabs/slt/installs/conan/p/gcc-a442105b5c2637/p/bin/../lib/gcc/arm-none-eabi/12.2.1/thumb/v8-m.main+fp/hard/libgcc.a(cmse.o)
                              build/debug/sdk/platform/security/sl_component/sl_trustzone/src/sli_tz_iovec_check.o (cmse_check_address_range)
/home/ermenal/.silabs/slt/installs/conan/p/gcc-a442105b5c2637/p/bin/../lib/gcc/arm-none-eabi/12.2.1/thumb/v8-m.main+fp/hard/libgcc.a(cmse_nonsecure_call.o)
                              build/debug/sdk/platform/security/sl_component/sl_trustzone/src/sli_tz_secure_main.o (__gnu_cmse_nonsecure_call)
/home/ermenal/.silabs/slt/installs/conan/p/gcc-a442105b5c2637/p/bin/../lib/gcc/arm-none-eabi/12.2.1/../../../../arm-none-eabi/lib/thumb/v8-m.main+fp/hard/libc_nano.a(libc_a-exit.o)
                              /home/ermenal/.silabs/slt/installs/conan/p/gcc-a442105b5c2637/p/bin/../lib/gcc/arm-none-eabi/12.2.1/../../../../arm-none-eabi/lib/thumb/v8-m.main+fp/hard/crt0.o (exit)
/home/ermenal/.silabs/slt/installs/conan/p/gcc-a442105b5c2637/p/bin/../lib/gcc/arm-none-eabi/12.2.1/../../../../arm-none-eabi/lib/thumb/v8-m.main+fp/hard/libc_nano.a(libc_a-init.o)
                              /home/ermenal/.silabs/slt/installs/conan/p/gcc-a442105b5c2637/p/bin/../lib/gcc/arm-none-eabi/12.2.1/../../../../arm-none-eabi/lib/thumb/v8-m.main+fp/hard/crt0.o (__libc_init_array)
/home/ermenal/.silabs/slt/installs/conan/p/gcc-a442105b5c2637/p/bin/../lib/gcc/arm-none-eabi/12.2.1/../../../../arm-none-eabi/lib/thumb/v8-m.main+fp/hard/libc_nano.a(libc_a-strcmp.o)
                              build/debug/sdk/util/third_party/mbedtls/library/cipher.o (strcmp)
/home/ermenal/.silabs/slt/installs/conan/p/gcc-a442105b5c2637/p/bin/../lib/gcc/arm-none-eabi/12.2.1/../../../../arm-none-eabi/lib/thumb/v8-m.main+fp/hard/libc_nano.a(libc_a-memcpy-stub.o)
                              build/debug/sdk/platform/bootloader/api/btl_interface_storage.o (memcpy)
/home/ermenal/.silabs/slt/installs/conan/p/gcc-a442105b5c2637/p/bin/../lib/gcc/arm-none-eabi/12.2.1/../../../../arm-none-eabi/lib/thumb/v8-m.main+fp/hard/libc_nano.a(libc_a-findfp.o)
                              /home/ermenal/.silabs/slt/installs/conan/p/gcc-a442105b5c2637/p/bin/../lib/gcc/arm-none-eabi/12.2.1/../../../../arm-none-eabi/lib/thumb/v8-m.main+fp/hard/libc_nano.a(libc_a-exit.o) (__stdio_exit_handler)
/home/ermenal/.silabs/slt/installs/conan/p/gcc-a442105b5c2637/p/bin/../lib/gcc/arm-none-eabi/12.2.1/../../../../arm-none-eabi/lib/thumb/v8-m.main+fp/hard/libc_nano.a(libc_a-strlen.o)
                              build/debug/sdk/platform/security/sl_component/se_manager/src/sl_se_manager_key_derivation.o (strlen)
/home/ermenal/.silabs/slt/installs/conan/p/gcc-a442105b5c2637/p/bin/../lib/gcc/arm-none-eabi/12.2.1/../../../../arm-none-eabi/lib/thumb/v8-m.main+fp/hard/libc_nano.a(libc_a-stdio.o)
                              /home/ermenal/.silabs/slt/installs/conan/p/gcc-a442105b5c2637/p/bin/../lib/gcc/arm-none-eabi/12.2.1/../../../../arm-none-eabi/lib/thumb/v8-m.main+fp/hard/libc_nano.a(libc_a-findfp.o) (__sread)
/home/ermenal/.silabs/slt/installs/conan/p/gcc-a442105b5c2637/p/bin/../lib/gcc/arm-none-eabi/12.2.1/../../../../arm-none-eabi/lib/thumb/v8-m.main+fp/hard/libc_nano.a(libc_a-writer.o)
                              /home/ermenal/.silabs/slt/installs/conan/p/gcc-a442105b5c2637/p/bin/../lib/gcc/arm-none-eabi/12.2.1/../../../../arm-none-eabi/lib/thumb/v8-m.main+fp/hard/libc_nano.a(libc_a-stdio.o) (_write_r)
/home/ermenal/.silabs/slt/installs/conan/p/gcc-a442105b5c2637/p/bin/../lib/gcc/arm-none-eabi/12.2.1/../../../../arm-none-eabi/lib/thumb/v8-m.main+fp/hard/libc_nano.a(libc_a-fwalk.o)
                              /home/ermenal/.silabs/slt/installs/conan/p/gcc-a442105b5c2637/p/bin/../lib/gcc/arm-none-eabi/12.2.1/../../../../arm-none-eabi/lib/thumb/v8-m.main+fp/hard/libc_nano.a(libc_a-findfp.o) (_fwalk_sglue)
/home/ermenal/.silabs/slt/installs/conan/p/gcc-a442105b5c2637/p/bin/../lib/gcc/arm-none-eabi/12.2.1/../../../../arm-none-eabi/lib/thumb/v8-m.main+fp/hard/libc_nano.a(libc_a-memcmp.o)
                              build/debug/sdk/platform/emdrv/nvm3/src/nvm3.o (memcmp)
/home/ermenal/.silabs/slt/installs/conan/p/gcc-a442105b5c2637/p/bin/../lib/gcc/arm-none-eabi/12.2.1/../../../../arm-none-eabi/lib/thumb/v8-m.main+fp/hard/libc_nano.a(libc_a-memmove.o)
                              build/debug/sdk/platform/security/sl_component/sl_psa_driver/src/sli_se_driver_aead.o (memmove)
/home/ermenal/.silabs/slt/installs/conan/p/gcc-a442105b5c2637/p/bin/../lib/gcc/arm-none-eabi/12.2.1/../../../../arm-none-eabi/lib/thumb/v8-m.main+fp/hard/libc_nano.a(libc_a-memset.o)
                              /home/ermenal/.silabs/slt/installs/conan/p/gcc-a442105b5c2637/p/bin/../lib/gcc/arm-none-eabi/12.2.1/../../../../arm-none-eabi/lib/thumb/v8-m.main+fp/hard/crt0.o (memset)
[...]
Memory Configuration

Name             Origin             Length             Attributes
FLASH            0x0000000008000000 0x000000000002c000 xr
RAM              0x0000000020000004 0x0000000000002ffc xrw
BOOTLOADER_RESET_REGION 0x0000000020000000 0x0000000000000004 xrw
*default*        0x0000000000000000 0xffffffffffffffff

Linker script and memory map

LOAD /home/ermenal/.silabs/slt/installs/conan/p/gcc-a442105b5c2637/p/bin/../lib/gcc/arm-none-eabi/12.2.1/thumb/v8-m.main+fp/hard/crti.o
LOAD /home/ermenal/.silabs/slt/installs/conan/p/gcc-a442105b5c2637/p/bin/../lib/gcc/arm-none-eabi/12.2.1/thumb/v8-m.main+fp/hard/crtbegin.o
LOAD /home/ermenal/.silabs/slt/installs/conan/p/gcc-a442105b5c2637/p/bin/../lib/gcc/arm-none-eabi/12.2.1/../../../../arm-none-eabi/lib/thumb/v8-m.main+fp/hard/crt0.o
LOAD build/debug/sdk/platform/bootloader/api/btl_interface.o
LOAD build/debug/sdk/platform/bootloader/api/btl_interface_nsc.o
LOAD build/debug/sdk/platform/bootloader/api/btl_interface_storage.o
LOAD build/debug/sdk/platform/bootloader/app_properties/app_properties.o
LOAD build/debug/sdk/platform/bootloader/core/flash/btl_internal_flash.o
LOAD build/debug/sdk/platform/common/src/sl_assert.o
LOAD build/debug/sdk/platform/common/src/sl_core_cortexm.o
LOAD build/debug/sdk/platform/common/src/sl_syscalls.o
LOAD build/debug/sdk/platform/Device/SiliconLabs/EFR32FG23/Source/startup_efr32fg23.o
LOAD build/debug/sdk/platform/Device/SiliconLabs/EFR32FG23/Source/system_efr32fg23.o
LOAD build/debug/sdk/platform/emdrv/nvm3/src/nvm3.o
LOAD build/debug/sdk/platform/emdrv/nvm3/src/nvm3_cache.o
LOAD build/debug/sdk/platform/emdrv/nvm3/src/nvm3_hal_flash.o
LOAD build/debug/sdk/platform/emdrv/nvm3/src/nvm3_lock.o
LOAD build/debug/sdk/platform/emdrv/nvm3/src/nvm3_object.o
LOAD build/debug/sdk/platform/emdrv/nvm3/src/nvm3_page.o
LOAD build/debug/sdk/platform/emdrv/nvm3/src/nvm3_utils.o
LOAD build/debug/sdk/platform/emlib/src/em_cmu.o
LOAD build/debug/sdk/platform/emlib/src/em_emu.o
LOAD build/debug/sdk/platform/emlib/src/em_gpio.o
LOAD build/debug/sdk/platform/emlib/src/em_msc.o
LOAD build/debug/sdk/platform/emlib/src/em_system.o
LOAD build/debug/sdk/platform/security/sl_component/se_manager/src/sl_se_manager.o
LOAD build/debug/sdk/platform/security/sl_component/se_manager/src/sl_se_manager_attestation.o
LOAD build/debug/sdk/platform/security/sl_component/se_manager/src/sl_se_manager_cipher.o
LOAD build/debug/sdk/platform/security/sl_component/se_manager/src/sl_se_manager_entropy.o
LOAD build/debug/sdk/platform/security/sl_component/se_manager/src/sl_se_manager_hash.o
LOAD build/debug/sdk/platform/security/sl_component/se_manager/src/sl_se_manager_key_derivation.o
LOAD build/debug/sdk/platform/security/sl_component/se_manager/src/sl_se_manager_key_handling.o
LOAD build/debug/sdk/platform/security/sl_component/se_manager/src/sl_se_manager_signature.o
LOAD build/debug/sdk/platform/security/sl_component/se_manager/src/sl_se_manager_util.o
LOAD build/debug/sdk/platform/security/sl_component/se_manager/src/sli_se_manager_mailbox.o
LOAD build/debug/sdk/platform/security/sl_component/sl_mbedtls_support/src/mbedtls_ccm.o
LOAD build/debug/sdk/platform/security/sl_component/sl_mbedtls_support/src/mbedtls_cmac.o
LOAD build/debug/sdk/platform/security/sl_component/sl_mbedtls_support/src/mbedtls_ecdsa_ecdh.o
LOAD build/debug/sdk/platform/security/sl_component/sl_mbedtls_support/src/mbedtls_sha.o
LOAD build/debug/sdk/platform/security/sl_component/sl_mbedtls_support/src/se_aes.o
LOAD build/debug/sdk/platform/security/sl_component/sl_mbedtls_support/src/se_gcm.o
LOAD build/debug/sdk/platform/security/sl_component/sl_mbedtls_support/src/se_jpake.o
LOAD build/debug/sdk/platform/security/sl_component/sl_mbedtls_support/src/sl_entropy_hardware.o
LOAD build/debug/sdk/platform/security/sl_component/sl_mbedtls_support/src/sl_mbedtls.o
LOAD build/debug/sdk/platform/security/sl_component/sl_mbedtls_support/src/sl_psa_crypto.o
LOAD build/debug/sdk/platform/security/sl_component/sl_mbedtls_support/src/sli_psa_crypto.o
LOAD build/debug/sdk/platform/security/sl_component/sl_protocol_crypto/src/sli_protocol_crypto_radioaes.o
LOAD build/debug/sdk/platform/security/sl_component/sl_protocol_crypto/src/sli_radioaes_management.o
LOAD build/debug/sdk/platform/security/sl_component/sl_psa_driver/src/sl_psa_its_nvm3.o
LOAD build/debug/sdk/platform/security/sl_component/sl_psa_driver/src/sli_psa_driver_common.o
LOAD build/debug/sdk/platform/security/sl_component/sl_psa_driver/src/sli_psa_driver_init.o
LOAD build/debug/sdk/platform/security/sl_component/sl_psa_driver/src/sli_psa_trng.o
LOAD build/debug/sdk/platform/security/sl_component/sl_psa_driver/src/sli_se_driver_aead.o
LOAD build/debug/sdk/platform/security/sl_component/sl_psa_driver/src/sli_se_driver_builtin_keys.o
LOAD build/debug/sdk/platform/security/sl_component/sl_psa_driver/src/sli_se_driver_cipher.o
LOAD build/debug/sdk/platform/security/sl_component/sl_psa_driver/src/sli_se_driver_key_derivation.o
LOAD build/debug/sdk/platform/security/sl_component/sl_psa_driver/src/sli_se_driver_key_management.o
LOAD build/debug/sdk/platform/security/sl_component/sl_psa_driver/src/sli_se_driver_mac.o
LOAD build/debug/sdk/platform/security/sl_component/sl_psa_driver/src/sli_se_driver_signature.o
LOAD build/debug/sdk/platform/security/sl_component/sl_psa_driver/src/sli_se_opaque_driver_aead.o
LOAD build/debug/sdk/platform/security/sl_component/sl_psa_driver/src/sli_se_opaque_driver_cipher.o
LOAD build/debug/sdk/platform/security/sl_component/sl_psa_driver/src/sli_se_opaque_driver_mac.o
LOAD build/debug/sdk/platform/security/sl_component/sl_psa_driver/src/sli_se_opaque_key_derivation.o
LOAD build/debug/sdk/platform/security/sl_component/sl_psa_driver/src/sli_se_transparent_driver_aead.o
LOAD build/debug/sdk/platform/security/sl_component/sl_psa_driver/src/sli_se_transparent_driver_cipher.o
LOAD build/debug/sdk/platform/security/sl_component/sl_psa_driver/src/sli_se_transparent_driver_hash.o
LOAD build/debug/sdk/platform/security/sl_component/sl_psa_driver/src/sli_se_transparent_driver_mac.o
LOAD build/debug/sdk/platform/security/sl_component/sl_psa_driver/src/sli_se_transparent_key_derivation.o
LOAD build/debug/sdk/platform/security/sl_component/sl_psa_driver/src/sli_se_version_dependencies.o
LOAD build/debug/sdk/platform/security/sl_component/sl_trustzone/src/sli_tz_iovec_check.o
LOAD build/debug/sdk/platform/security/sl_component/sl_trustzone/src/sli_tz_s_interface.o
LOAD build/debug/sdk/platform/security/sl_component/sl_trustzone/src/sli_tz_secure_main.o
LOAD build/debug/sdk/platform/security/sl_component/sl_trustzone/src/sli_tz_service_attestation.o
LOAD build/debug/sdk/platform/security/sl_component/sl_trustzone/src/sli_tz_service_its_s.o
LOAD build/debug/sdk/platform/security/sl_component/sl_trustzone/src/sli_tz_service_msc_s.o
LOAD build/debug/sdk/platform/security/sl_component/sl_trustzone/src/sli_tz_service_nvm3_s.o
LOAD build/debug/sdk/platform/security/sl_component/sl_trustzone/src/sli_tz_service_se_manager_s.o
LOAD build/debug/sdk/platform/security/sl_component/sl_trustzone/src/sli_tz_service_syscfg_s.o
LOAD build/debug/sdk/platform/service/memory_manager/src/sl_memory_manager.o
LOAD build/debug/sdk/platform/service/memory_manager/src/sl_memory_manager_dynamic_reservation.o
LOAD build/debug/sdk/platform/service/memory_manager/src/sl_memory_manager_pool.o
LOAD build/debug/sdk/platform/service/memory_manager/src/sl_memory_manager_pool_common.o
LOAD build/debug/sdk/platform/service/memory_manager/src/sl_memory_manager_region.o
LOAD build/debug/sdk/platform/service/memory_manager/src/sl_memory_manager_retarget.o
LOAD build/debug/sdk/platform/service/memory_manager/src/sli_memory_manager_common.o
LOAD build/debug/sdk/platform/service/mpu/src/sl_mpu_s2.o
LOAD build/debug/sdk/util/third_party/mbedtls/library/aes.o
LOAD build/debug/sdk/util/third_party/mbedtls/library/asn1parse.o
LOAD build/debug/sdk/util/third_party/mbedtls/library/asn1write.o
LOAD build/debug/sdk/util/third_party/mbedtls/library/bignum.o
LOAD build/debug/sdk/util/third_party/mbedtls/library/bignum_core.o
LOAD build/debug/sdk/util/third_party/mbedtls/library/bignum_mod.o
LOAD build/debug/sdk/util/third_party/mbedtls/library/bignum_mod_raw.o
LOAD build/debug/sdk/util/third_party/mbedtls/library/block_cipher.o
LOAD build/debug/sdk/util/third_party/mbedtls/library/ccm.o
LOAD build/debug/sdk/util/third_party/mbedtls/library/chacha20.o
LOAD build/debug/sdk/util/third_party/mbedtls/library/chachapoly.o
LOAD build/debug/sdk/util/third_party/mbedtls/library/cipher.o
LOAD build/debug/sdk/util/third_party/mbedtls/library/cipher_wrap.o
LOAD build/debug/sdk/util/third_party/mbedtls/library/cmac.o
LOAD build/debug/sdk/util/third_party/mbedtls/library/constant_time.o
LOAD build/debug/sdk/util/third_party/mbedtls/library/ctr_drbg.o
LOAD build/debug/sdk/util/third_party/mbedtls/library/ecdh.o
LOAD build/debug/sdk/util/third_party/mbedtls/library/ecdsa.o
LOAD build/debug/sdk/util/third_party/mbedtls/library/ecjpake.o
LOAD build/debug/sdk/util/third_party/mbedtls/library/ecp.o
LOAD build/debug/sdk/util/third_party/mbedtls/library/ecp_curves.o
LOAD build/debug/sdk/util/third_party/mbedtls/library/ecp_curves_new.o
LOAD build/debug/sdk/util/third_party/mbedtls/library/entropy.o
LOAD build/debug/sdk/util/third_party/mbedtls/library/entropy_poll.o
LOAD build/debug/sdk/util/third_party/mbedtls/library/gcm.o
LOAD build/debug/sdk/util/third_party/mbedtls/library/hkdf.o
LOAD build/debug/sdk/util/third_party/mbedtls/library/hmac_drbg.o
LOAD build/debug/sdk/util/third_party/mbedtls/library/md.o
LOAD build/debug/sdk/util/third_party/mbedtls/library/md5.o
LOAD build/debug/sdk/util/third_party/mbedtls/library/platform.o
LOAD build/debug/sdk/util/third_party/mbedtls/library/platform_util.o
LOAD build/debug/sdk/util/third_party/mbedtls/library/poly1305.o
LOAD build/debug/sdk/util/third_party/mbedtls/library/psa_crypto.o
LOAD build/debug/sdk/util/third_party/mbedtls/library/psa_crypto_aead.o
LOAD build/debug/sdk/util/third_party/mbedtls/library/psa_crypto_cipher.o
LOAD build/debug/sdk/util/third_party/mbedtls/library/psa_crypto_client.o
LOAD build/debug/sdk/util/third_party/mbedtls/library/psa_crypto_driver_wrappers_no_static.o
LOAD build/debug/sdk/util/third_party/mbedtls/library/psa_crypto_ecp.o
LOAD build/debug/sdk/util/third_party/mbedtls/library/psa_crypto_ffdh.o
LOAD build/debug/sdk/util/third_party/mbedtls/library/psa_crypto_hash.o
LOAD build/debug/sdk/util/third_party/mbedtls/library/psa_crypto_mac.o
LOAD build/debug/sdk/util/third_party/mbedtls/library/psa_crypto_pake.o
LOAD build/debug/sdk/util/third_party/mbedtls/library/psa_crypto_rsa.o
LOAD build/debug/sdk/util/third_party/mbedtls/library/psa_crypto_se.o
LOAD build/debug/sdk/util/third_party/mbedtls/library/psa_crypto_slot_management.o
LOAD build/debug/sdk/util/third_party/mbedtls/library/psa_crypto_storage.o
LOAD build/debug/sdk/util/third_party/mbedtls/library/psa_util.o
LOAD build/debug/sdk/util/third_party/mbedtls/library/sha1.o
LOAD build/debug/sdk/util/third_party/mbedtls/library/sha256.o
LOAD build/debug/sdk/util/third_party/mbedtls/library/sha512.o
LOAD build/debug/sdk/util/third_party/mbedtls/library/threading.o
LOAD build/debug/sdk/util/third_party/trusted-firmware-m/lib/fih/src/fih.o
LOAD build/debug/sdk/util/third_party/trusted-firmware-m/platform/ext/target/siliconlabs/hse/sli_se.o
LOAD build/debug/sdk/util/third_party/trusted-firmware-m/secure_fw/partitions/crypto/crypto_aead.o
LOAD build/debug/sdk/util/third_party/trusted-firmware-m/secure_fw/partitions/crypto/crypto_alloc.o
LOAD build/debug/sdk/util/third_party/trusted-firmware-m/secure_fw/partitions/crypto/crypto_asymmetric.o
LOAD build/debug/sdk/util/third_party/trusted-firmware-m/secure_fw/partitions/crypto/crypto_cipher.o
LOAD build/debug/sdk/util/third_party/trusted-firmware-m/secure_fw/partitions/crypto/crypto_hash.o
LOAD build/debug/sdk/util/third_party/trusted-firmware-m/secure_fw/partitions/crypto/crypto_init_sl.o
LOAD build/debug/sdk/util/third_party/trusted-firmware-m/secure_fw/partitions/crypto/crypto_key.o
LOAD build/debug/sdk/util/third_party/trusted-firmware-m/secure_fw/partitions/crypto/crypto_key_derivation.o
LOAD build/debug/sdk/util/third_party/trusted-firmware-m/secure_fw/partitions/crypto/crypto_key_management.o
LOAD build/debug/sdk/util/third_party/trusted-firmware-m/secure_fw/partitions/crypto/crypto_mac.o
LOAD build/debug/sdk/util/third_party/trusted-firmware-m/secure_fw/partitions/crypto/crypto_pake.o
LOAD build/debug/sdk/util/third_party/trusted-firmware-m/secure_fw/partitions/crypto/crypto_rng.o
START GROUP
LOAD /home/ermenal/.silabs/slt/installs/conan/p/gcc-a442105b5c2637/p/bin/../lib/gcc/arm-none-eabi/12.2.1/thumb/v8-m.main+fp/hard/libgcc.a
LOAD /home/ermenal/.silabs/slt/installs/conan/p/gcc-a442105b5c2637/p/bin/../lib/gcc/arm-none-eabi/12.2.1/../../../../arm-none-eabi/lib/thumb/v8-m.main+fp/hard/libc_nano.a
LOAD /home/ermenal/.silabs/slt/installs/conan/p/gcc-a442105b5c2637/p/bin/../lib/gcc/arm-none-eabi/12.2.1/../../../../arm-none-eabi/lib/thumb/v8-m.main+fp/hard/libm.a
LOAD /home/ermenal/.silabs/slt/installs/conan/p/gcc-a442105b5c2637/p/bin/../lib/gcc/arm-none-eabi/12.2.1/../../../../arm-none-eabi/lib/thumb/v8-m.main+fp/hard/libnosys.a
END GROUP
START GROUP
LOAD /home/ermenal/.silabs/slt/installs/conan/p/gcc-a442105b5c2637/p/bin/../lib/gcc/arm-none-eabi/12.2.1/thumb/v8-m.main+fp/hard/libgcc.a
LOAD /home/ermenal/.silabs/slt/installs/conan/p/gcc-a442105b5c2637/p/bin/../lib/gcc/arm-none-eabi/12.2.1/../../../../arm-none-eabi/lib/thumb/v8-m.main+fp/hard/libc_nano.a
END GROUP
START GROUP
LOAD /home/ermenal/.silabs/slt/installs/conan/p/gcc-a442105b5c2637/p/bin/../lib/gcc/arm-none-eabi/12.2.1/thumb/v8-m.main+fp/hard/libgcc.a
LOAD /home/ermenal/.silabs/slt/installs/conan/p/gcc-a442105b5c2637/p/bin/../lib/gcc/arm-none-eabi/12.2.1/../../../../arm-none-eabi/lib/thumb/v8-m.main+fp/hard/libc_nano.a
END GROUP
LOAD /home/ermenal/.silabs/slt/installs/conan/p/gcc-a442105b5c2637/p/bin/../lib/gcc/arm-none-eabi/12.2.1/thumb/v8-m.main+fp/hard/crtend.o
LOAD /home/ermenal/.silabs/slt/installs/conan/p/gcc-a442105b5c2637/p/bin/../lib/gcc/arm-none-eabi/12.2.1/thumb/v8-m.main+fp/hard/crtn.o

.vectors        0x0000000008000000      0x170
                0x0000000008000000                linker_vectors_begin = .
 *(.vectors)
 .vectors       0x0000000008000000      0x170 build/debug/sdk/platform/Device/SiliconLabs/EFR32FG23/Source/startup_efr32fg23.o
                0x0000000008000000                __Vectors
                0x0000000008000170                linker_vectors_end = .
                0x0000000008000170                __Vectors_End = .
                0x0000000008000170                __Vectors_Size = (__Vectors_End - __Vectors)

.bootloader_reset_section
                0x0000000020000000        0x4
                0x0000000020000000                __ResetReasonStart__ = .
                0x0000000020000004                . = (. + 0x4)
 *fill*         0x0000000020000000        0x4 
                0x0000000020000004                . = ALIGN (0x4)
                0x0000000020000004                __ResetReasonEnd__ = .

.stack          0x0000000020000008      0xc00
                0x0000000020000008                . = ALIGN (0x8)
                0x0000000020000008                __StackLimit = .
 *(.stack*)
 .stack         0x0000000020000008      0xc00 build/debug/sdk/platform/service/memory_manager/src/sl_memory_manager_region.o
                0x0000000020000c08                . = ALIGN (0x4)
                0x0000000020000c08                __StackTop = .
                0x0000000020000c08                PROVIDE (__stack = __StackTop)

.stackseal      0x0000000020000c08        0x8
                0x0000000020000c08                __StackSeal = .
                0x0000000020000c10                . = (. + 0x8)
 *fill*         0x0000000020000c08        0x8 
                0x0000000020000c10                . = ALIGN (0x8)

.bss            0x0000000020000c10      0x7b0
                0x0000000020000c10                . = ALIGN (0x4)
                0x0000000020000c10                __bss_start__ = .
 *(SORT_BY_ALIGNMENT(.bss*))
 .bss.g_cached_session_key
                0x0000000020000c10       0x20 build/debug/sdk/platform/security/sl_component/sl_psa_driver/src/sl_psa_its_nvm3.o
 .bss.nvm3_defaultHandleData
                0x0000000020000c30       0x68 build/debug/sdk/platform/security/sl_component/sl_trustzone/src/sli_tz_service_nvm3_s.o
                0x0000000020000c30                nvm3_defaultHandleData
 .bss.operation
                0x0000000020000c98      0x1d0 build/debug/sdk/util/third_party/trusted-firmware-m/secure_fw/partitions/crypto/crypto_alloc.o
 .bss.object.0  0x0000000020000e68       0x18 /home/ermenal/.silabs/slt/installs/conan/p/gcc-a442105b5c2637/p/bin/../lib/gcc/arm-none-eabi/12.2.1/thumb/v8-m.main+fp/hard/crtbegin.o
 .bss.blPPUSATDnCLKENnState
                0x0000000020000e80       0x20 build/debug/sdk/platform/bootloader/api/btl_interface.o
 .bss.irqState  0x0000000020000ea0        0x4 build/debug/sdk/platform/bootloader/api/btl_interface.o
 .bss.context_buffer
                0x0000000020000ea4      0x2c1 build/debug/sdk/platform/bootloader/api/btl_interface_nsc.o
 *fill*         0x0000000020001165        0x3 
 .bss.blPPUSATDnCLKENnState
                0x0000000020001168       0x20 build/debug/sdk/platform/bootloader/api/btl_interface_storage.o
 .bss.instanceCnt
                0x0000000020001188        0x4 build/debug/sdk/platform/emdrv/nvm3/src/nvm3.o
 .bss.cfgEraseCnt
                0x000000002000118c        0x4 build/debug/sdk/platform/emdrv/nvm3/src/nvm3.o
 .bss.nvm3_internalObjectHandleD
                0x0000000020001190       0x2c build/debug/sdk/platform/emdrv/nvm3/src/nvm3_lock.o
                0x0000000020001190                nvm3_internalObjectHandleD
 .bss.nvm3_internalObjectHandleC
                0x00000000200011bc       0x2c build/debug/sdk/platform/emdrv/nvm3/src/nvm3_lock.o
                0x00000000200011bc                nvm3_internalObjectHandleC
 .bss.nvm3_internalObjectHandleB
                0x00000000200011e8       0x2c build/debug/sdk/platform/emdrv/nvm3/src/nvm3_lock.o
                0x00000000200011e8                nvm3_internalObjectHandleB
 .bss.nvm3_internalObjectHandleA
                0x0000000020001214       0x2c build/debug/sdk/platform/emdrv/nvm3/src/nvm3_lock.o
                0x0000000020001214                nvm3_internalObjectHandleA
 .bss.irqState  0x0000000020001240        0x4 build/debug/sdk/platform/emdrv/nvm3/src/nvm3_lock.o
                0x0000000020001240                irqState
 .bss.nvm3_uid_tomb_cache
                0x0000000020001244       0x14 build/debug/sdk/platform/security/sl_component/sl_psa_driver/src/sl_psa_its_nvm3.o
 .bss.nvm3_uid_set_cache
                0x0000000020001258       0x14 build/debug/sdk/platform/security/sl_component/sl_psa_driver/src/sl_psa_its_nvm3.o
 .bss.sli_tz_nvm3_caches
                0x000000002000126c       0x14 build/debug/sdk/platform/security/sl_component/sl_trustzone/src/sli_tz_service_nvm3_s.o
                0x000000002000126c                sli_tz_nvm3_caches
 .bss.sli_general_purpose_heap
                0x0000000020001280       0x28 build/debug/sdk/platform/service/memory_manager/src/sl_memory_manager.o
                0x0000000020001280                sli_general_purpose_heap
 .bss.region_nbr
                0x00000000200012a8        0x4 build/debug/sdk/platform/service/mpu/src/sl_mpu_s2.o
 .bss.global_data
                0x00000000200012ac        0xc build/debug/sdk/util/third_party/mbedtls/library/psa_crypto.o
 .bss.global_data
                0x00000000200012b8       0xf4 build/debug/sdk/util/third_party/mbedtls/library/psa_crypto_slot_management.o
 .bss.__stdio_exit_handler
                0x00000000200013ac        0x4 /home/ermenal/.silabs/slt/installs/conan/p/gcc-a442105b5c2637/p/bin/../lib/gcc/arm-none-eabi/12.2.1/../../../../arm-none-eabi/lib/thumb/v8-m.main+fp/hard/libc_nano.a(libc_a-findfp.o)
                0x00000000200013ac                __stdio_exit_handler
 .bss.completed.1
                0x00000000200013b0        0x1 /home/ermenal/.silabs/slt/installs/conan/p/gcc-a442105b5c2637/p/bin/../lib/gcc/arm-none-eabi/12.2.1/thumb/v8-m.main+fp/hard/crtbegin.o
 .bss.bootloader_InitState
                0x00000000200013b1        0x1 build/debug/sdk/platform/bootloader/api/btl_interface.o
 .bss.bootloader_ppusatdConfigstate
                0x00000000200013b2        0x1 build/debug/sdk/platform/bootloader/api/btl_interface.o
 .bss.mpu_enabled
                0x00000000200013b3        0x1 build/debug/sdk/platform/bootloader/api/btl_interface_nsc.o
 .bss.nvm3_uid_set_cache_initialized
                0x00000000200013b4        0x1 build/debug/sdk/platform/security/sl_component/sl_psa_driver/src/sl_psa_its_nvm3.o
 *(COMMON)
                0x00000000200013c0                . = ALIGN (0x20)
 *fill*         0x00000000200013b5        0xb 
                0x00000000200013c0                __bss_end__ = .

.noinit
 *(.noinit*)

text_application_ram
                0x00000000200013c0      0x1c0 load address 0x0000000008000180
                0x00000000200013c0                . = ALIGN (0x20)
                0x00000000200013c0                __vma_ramfuncs_start__ = .
                0x00000000200013c0                __text_application_ram_start__ = .
 *(text_application_ram)
 text_application_ram
                0x00000000200013c0      0x1ac build/debug/sdk/platform/emlib/src/em_msc.o
                0x00000000200013c0                mscStatusWait
                0x0000000020001414                MSC_MassErase
                0x0000000020001450                MSC_ErasePage
                0x00000000200014a0                writeBurst
                0x00000000200014f4                MSC_WriteWord
                0x0000000020001580                . = ALIGN (0x20)
 *fill*         0x000000002000156c       0x14 
                0x0000000020001580                __vma_ramfuncs_end__ = .
                0x0000000020001580                __text_application_ram_end__ = .
                0x0000000008000180                __lma_ramfuncs_start__ = LOADADDR (text_application_ram)
                0x0000000008000340                __lma_ramfuncs_end__ = (LOADADDR (text_application_ram) + SIZEOF (text_application_ram))

.rodata         0x0000000008000340        0x0
                0x0000000008000340                __rodata_end__ = .

.text           0x0000000008000340     0xf184
                0x0000000008000340                linker_code_begin = .
 *(SORT_BY_ALIGNMENT(.text*))
 .text.Reset_Handler
                0x0000000008000340       0x88 build/debug/sdk/platform/Device/SiliconLabs/EFR32FG23/Source/startup_efr32fg23.o
                0x0000000008000340                Reset_Handler
 .text.deregister_tm_clones
                0x00000000080003c8       0x1c /home/ermenal/.silabs/slt/installs/conan/p/gcc-a442105b5c2637/p/bin/../lib/gcc/arm-none-eabi/12.2.1/thumb/v8-m.main+fp/hard/crtbegin.o
 .text.register_tm_clones
                0x00000000080003e4       0x28 /home/ermenal/.silabs/slt/installs/conan/p/gcc-a442105b5c2637/p/bin/../lib/gcc/arm-none-eabi/12.2.1/thumb/v8-m.main+fp/hard/crtbegin.o
 .text.__do_global_dtors_aux
                0x000000000800040c       0x28 /home/ermenal/.silabs/slt/installs/conan/p/gcc-a442105b5c2637/p/bin/../lib/gcc/arm-none-eabi/12.2.1/thumb/v8-m.main+fp/hard/crtbegin.o
 .text.frame_dummy
                0x0000000008000434       0x24 /home/ermenal/.silabs/slt/installs/conan/p/gcc-a442105b5c2637/p/bin/../lib/gcc/arm-none-eabi/12.2.1/thumb/v8-m.main+fp/hard/crtbegin.o
 .text          0x0000000008000458       0x7c /home/ermenal/.silabs/slt/installs/conan/p/gcc-a442105b5c2637/p/bin/../lib/gcc/arm-none-eabi/12.2.1/../../../../arm-none-eabi/lib/thumb/v8-m.main+fp/hard/crt0.o
                0x0000000008000458                _stack_init
                0x0000000008000460                _mainCRTStartup
                0x0000000008000460                _start
 .text.bootloader_getInfo
                0x00000000080004d4       0x30 build/debug/sdk/platform/bootloader/api/btl_interface.o
                0x00000000080004d4                bootloader_getInfo
 .text.bootloader_getResetReason
                0x0000000008000504       0x1c build/debug/sdk/platform/bootloader/api/btl_interface.o
                0x0000000008000504                bootloader_getResetReason
 .text.bootloader_rebootAndInstall
                0x0000000008000520       0x30 build/debug/sdk/platform/bootloader/api/btl_interface.o
                0x0000000008000520                bootloader_rebootAndInstall
 .text.bootloader_ppusatdnSaveReconfigureState
                0x0000000008000550       0xc4 build/debug/sdk/platform/bootloader/api/btl_interface.o
                0x0000000008000550                bootloader_ppusatdnSaveReconfigureState
 .text.bootloader_ppusatdnRestoreState
                0x0000000008000614       0x8c build/debug/sdk/platform/bootloader/api/btl_interface.o
                0x0000000008000614                bootloader_ppusatdnRestoreState
 .text.bootloader_init
                0x00000000080006a0       0x6c build/debug/sdk/platform/bootloader/api/btl_interface.o
                0x00000000080006a0                bootloader_init
 .text.bootloader_deinit
                0x000000000800070c       0x58 build/debug/sdk/platform/bootloader/api/btl_interface.o
                0x000000000800070c                bootloader_deinit
 .text.bootloader_initParser
                0x0000000008000764       0x3c build/debug/sdk/platform/bootloader/api/btl_interface.o
                0x0000000008000764                bootloader_initParser
 .text.bootloader_parseImageInfo
                0x00000000080007a0       0x78 build/debug/sdk/platform/bootloader/api/btl_interface.o
                0x00000000080007a0                bootloader_parseImageInfo
 .text.bootloader_verifyApplication
                0x0000000008000818       0x38 build/debug/sdk/platform/bootloader/api/btl_interface.o
                0x0000000008000818                bootloader_verifyApplication
 .text.disable_mpu
                0x0000000008000850       0x3c build/debug/sdk/platform/bootloader/api/btl_interface_nsc.o
 .text.bl_fatal_assert_action
                0x000000000800088c       0x30 build/debug/sdk/platform/bootloader/api/btl_interface_nsc.o
 .text.enable_mpu
                0x00000000080008bc       0x2c build/debug/sdk/platform/bootloader/api/btl_interface_nsc.o
 .text.bl_assert_tz_iovecs_in_ns.isra.0
                0x00000000080008e8       0x1c build/debug/sdk/platform/bootloader/api/btl_interface_nsc.o
 .text.bootloader_nsc_parseImageInfo
                0x0000000008000904       0xf0 build/debug/sdk/platform/bootloader/api/btl_interface_nsc.o
                0x0000000008000904                __acle_se_bootloader_nsc_parseImageInfo
 .text.bootloader_nsc_initVerifyImage
                0x00000000080009f4       0x84 build/debug/sdk/platform/bootloader/api/btl_interface_nsc.o
                0x00000000080009f4                __acle_se_bootloader_nsc_initVerifyImage
 .text.bootloader_nsc_continueVerifyImage
                0x0000000008000a78       0x80 build/debug/sdk/platform/bootloader/api/btl_interface_nsc.o
                0x0000000008000a78                __acle_se_bootloader_nsc_continueVerifyImage
 .text.verifyAddressRange
                0x0000000008000af8       0x28 build/debug/sdk/platform/bootloader/api/btl_interface_storage.o
 .text.bootloader_getStorageInfo
                0x0000000008000b20       0x40 build/debug/sdk/platform/bootloader/api/btl_interface_storage.o
                0x0000000008000b20                bootloader_getStorageInfo
 .text.bootloader_setImageToBootload
                0x0000000008000b60       0x4c build/debug/sdk/platform/bootloader/api/btl_interface_storage.o
                0x0000000008000b60                bootloader_setImageToBootload
 .text.bootloader_setImagesToBootload
                0x0000000008000bac       0x4c build/debug/sdk/platform/bootloader/api/btl_interface_storage.o
                0x0000000008000bac                bootloader_setImagesToBootload
 .text.bootloader_getImagesToBootload
                0x0000000008000bf8       0x4c build/debug/sdk/platform/bootloader/api/btl_interface_storage.o
                0x0000000008000bf8                bootloader_getImagesToBootload
 .text.bootloader_appendImageToBootloadList
                0x0000000008000c44       0x48 build/debug/sdk/platform/bootloader/api/btl_interface_storage.o
                0x0000000008000c44                bootloader_appendImageToBootloadList
 .text.bootloader_initVerifyImage
                0x0000000008000c8c       0x48 build/debug/sdk/platform/bootloader/api/btl_interface_storage.o
                0x0000000008000c8c                bootloader_initVerifyImage
 .text.bootloader_continueVerifyImage
                0x0000000008000cd4       0x4c build/debug/sdk/platform/bootloader/api/btl_interface_storage.o
                0x0000000008000cd4                bootloader_continueVerifyImage
 .text.bootloader_getImageInfo
                0x0000000008000d20       0x6c build/debug/sdk/platform/bootloader/api/btl_interface_storage.o
                0x0000000008000d20                bootloader_getImageInfo
 .text.bootloader_storageIsBusy
                0x0000000008000d8c       0x40 build/debug/sdk/platform/bootloader/api/btl_interface_storage.o
                0x0000000008000d8c                bootloader_storageIsBusy
 .text.bootloader_readRawStorage
                0x0000000008000dcc       0x80 build/debug/sdk/platform/bootloader/api/btl_interface_storage.o
                0x0000000008000dcc                bootloader_readRawStorage
 .text.bootloader_readStorage
                0x0000000008000e4c       0xac build/debug/sdk/platform/bootloader/api/btl_interface_storage.o
                0x0000000008000e4c                bootloader_readStorage
 .text.bootloader_writeRawStorage
                0x0000000008000ef8       0x98 build/debug/sdk/platform/bootloader/api/btl_interface_storage.o
                0x0000000008000ef8                bootloader_writeRawStorage
 .text.bootloader_writeStorage
                0x0000000008000f90       0xac build/debug/sdk/platform/bootloader/api/btl_interface_storage.o
                0x0000000008000f90                bootloader_writeStorage
 .text.bootloader_eraseRawStorage
                0x000000000800103c       0x9c build/debug/sdk/platform/bootloader/api/btl_interface_storage.o
                0x000000000800103c                bootloader_eraseRawStorage
 .text.bootloader_eraseStorageSlot
                0x00000000080010d8       0x7c build/debug/sdk/platform/bootloader/api/btl_interface_storage.o
                0x00000000080010d8                bootloader_eraseStorageSlot
 .text.flash_erasePage
                0x0000000008001154       0x1c build/debug/sdk/platform/bootloader/core/flash/btl_internal_flash.o
                0x0000000008001154                flash_erasePage
 .text.flash_writeBuffer
                0x0000000008001170       0x2c build/debug/sdk/platform/bootloader/core/flash/btl_internal_flash.o
                0x0000000008001170                flash_writeBuffer
 .text.CopyToRam
                0x000000000800119c       0x1c build/debug/sdk/platform/Device/SiliconLabs/EFR32FG23/Source/startup_efr32fg23.o
                0x000000000800119c                CopyToRam
 .text.SystemInit
                0x00000000080011b8       0x1c build/debug/sdk/platform/Device/SiliconLabs/EFR32FG23/Source/system_efr32fg23.o
                0x00000000080011b8                SystemInit
 .text.validateObjFragments
                0x00000000080011d4      0x244 build/debug/sdk/platform/emdrv/nvm3/src/nvm3.o
 .text.findObj  0x0000000008001418      0x154 build/debug/sdk/platform/emdrv/nvm3/src/nvm3.o
 .text.fifoScan
                0x000000000800156c       0x78 build/debug/sdk/platform/emdrv/nvm3/src/nvm3.o
 .text.initialize
                0x00000000080015e4      0x298 build/debug/sdk/platform/emdrv/nvm3/src/nvm3.o
 .text.repackWorker
                0x000000000800187c      0x154 build/debug/sdk/platform/emdrv/nvm3/src/nvm3.o
 .text.enumScanFifoCallback
                0x00000000080019d0       0x6c build/debug/sdk/platform/emdrv/nvm3/src/nvm3.o
 .text.fifoReadObj.constprop.0
                0x0000000008001a3c      0x164 build/debug/sdk/platform/emdrv/nvm3/src/nvm3.o
 .text.enumObjects
                0x0000000008001ba0       0x78 build/debug/sdk/platform/emdrv/nvm3/src/nvm3.o
 .text.counterIncFldSet.constprop.0
                0x0000000008001c18       0x60 build/debug/sdk/platform/emdrv/nvm3/src/nvm3.o
 .text.fifoWriteObj
                0x0000000008001c78      0x454 build/debug/sdk/platform/emdrv/nvm3/src/nvm3.o
 .text.repackFirstPageCallback
                0x00000000080020cc       0x84 build/debug/sdk/platform/emdrv/nvm3/src/nvm3.o
 .text.repackFirstPageScanCacheCallback
                0x0000000008002150       0xb4 build/debug/sdk/platform/emdrv/nvm3/src/nvm3.o
 .text.nvm3_open
                0x0000000008002204      0x19c build/debug/sdk/platform/emdrv/nvm3/src/nvm3.o
                0x0000000008002204                nvm3_open
 .text.nvm3_close
                0x00000000080023a0       0x30 build/debug/sdk/platform/emdrv/nvm3/src/nvm3.o
                0x00000000080023a0                nvm3_close
 .text.nvm3_readData
                0x00000000080023d0       0x80 build/debug/sdk/platform/emdrv/nvm3/src/nvm3.o
                0x00000000080023d0                nvm3_readData
 .text.nvm3_readPartialData
                0x0000000008002450       0x8c build/debug/sdk/platform/emdrv/nvm3/src/nvm3.o
                0x0000000008002450                nvm3_readPartialData
 .text.nvm3_readCounter
                0x00000000080024dc       0x68 build/debug/sdk/platform/emdrv/nvm3/src/nvm3.o
                0x00000000080024dc                nvm3_readCounter
 .text.nvm3_getObjectInfo
                0x0000000008002544       0x78 build/debug/sdk/platform/emdrv/nvm3/src/nvm3.o
                0x0000000008002544                nvm3_getObjectInfo
 .text.getMemInfo
                0x00000000080025bc       0x64 build/debug/sdk/platform/emdrv/nvm3/src/nvm3.o
 .text.fifoWriteWrapper
                0x0000000008002620       0xc0 build/debug/sdk/platform/emdrv/nvm3/src/nvm3.o
 .text.nvm3_writeData
                0x00000000080026e0       0x88 build/debug/sdk/platform/emdrv/nvm3/src/nvm3.o
                0x00000000080026e0                nvm3_writeData
 .text.fifoUpdateCounter.constprop.0
                0x0000000008002768      0x170 build/debug/sdk/platform/emdrv/nvm3/src/nvm3.o
 .text.nvm3_writeCounter
                0x00000000080028d8       0x88 build/debug/sdk/platform/emdrv/nvm3/src/nvm3.o
                0x00000000080028d8                nvm3_writeCounter
 .text.nvm3_incrementCounter
                0x0000000008002960       0x78 build/debug/sdk/platform/emdrv/nvm3/src/nvm3.o
                0x0000000008002960                nvm3_incrementCounter
 .text.nvm3_deleteObject
                0x00000000080029d8       0x68 build/debug/sdk/platform/emdrv/nvm3/src/nvm3.o
                0x00000000080029d8                nvm3_deleteObject
 .text.nvm3_setEraseCount
                0x0000000008002a40        0xc build/debug/sdk/platform/emdrv/nvm3/src/nvm3.o
                0x0000000008002a40                nvm3_setEraseCount
 .text.nvm3_cacheSet
                0x0000000008002a4c       0x9c build/debug/sdk/platform/emdrv/nvm3/src/nvm3_cache.o
                0x0000000008002a4c                nvm3_cacheSet
 .text.nvm3_cacheScan
                0x0000000008002ae8       0x44 build/debug/sdk/platform/emdrv/nvm3/src/nvm3_cache.o
                0x0000000008002ae8                nvm3_cacheScan
 .text.nvm3_lockBegin
                0x0000000008002b2c       0x10 build/debug/sdk/platform/emdrv/nvm3/src/nvm3_lock.o
                0x0000000008002b2c                nvm3_lockBegin
 .text.nvm3_lockEnd
                0x0000000008002b3c        0xc build/debug/sdk/platform/emdrv/nvm3/src/nvm3_lock.o
                0x0000000008002b3c                nvm3_lockEnd
 .text.nvm3_objHdrInit
                0x0000000008002b48       0x94 build/debug/sdk/platform/emdrv/nvm3/src/nvm3_object.o
                0x0000000008002b48                nvm3_objHdrInit
 .text.nvm3_objInit
                0x0000000008002bdc       0x2c build/debug/sdk/platform/emdrv/nvm3/src/nvm3_object.o
                0x0000000008002bdc                nvm3_objInit
 .text.nvm3_objTypeToGroup
                0x0000000008002c08       0x14 build/debug/sdk/platform/emdrv/nvm3/src/nvm3_object.o
                0x0000000008002c08                nvm3_objTypeToGroup
 .text.nvm3_pageHeaderWrite
                0x0000000008002c1c       0xe8 build/debug/sdk/platform/emdrv/nvm3/src/nvm3_page.o
                0x0000000008002c1c                nvm3_pageHeaderWrite
 .text.CMU_ClockEnable
                0x0000000008002d04       0x34 build/debug/sdk/platform/emlib/src/em_cmu.o
                0x0000000008002d04                CMU_ClockEnable
 .text.MSC_Init
                0x0000000008002d38       0x24 build/debug/sdk/platform/emlib/src/em_msc.o
                0x0000000008002d38                MSC_Init
 .text.MSC_Deinit
                0x0000000008002d5c       0x28 build/debug/sdk/platform/emlib/src/em_msc.o
                0x0000000008002d5c                MSC_Deinit
 .text.SYSTEM_ChipRevisionGet
                0x0000000008002d84       0x28 build/debug/sdk/platform/emlib/src/em_system.o
                0x0000000008002d84                SYSTEM_ChipRevisionGet
 .text.SYSTEM_GetFlashPageSize
                0x0000000008002dac       0x14 build/debug/sdk/platform/emlib/src/em_system.o
                0x0000000008002dac                SYSTEM_GetFlashPageSize
 .text.sl_se_aes_crypt_ecb
                0x0000000008002dc0       0xb0 build/debug/sdk/platform/security/sl_component/se_manager/src/sl_se_manager_cipher.o
                0x0000000008002dc0                sl_se_aes_crypt_ecb
 .text.sl_se_cmac
                0x0000000008002e70       0xbc build/debug/sdk/platform/security/sl_component/se_manager/src/sl_se_manager_cipher.o
                0x0000000008002e70                sl_se_cmac
 .text.sl_se_cmac_multipart_finish
                0x0000000008002f2c      0x108 build/debug/sdk/platform/security/sl_component/se_manager/src/sl_se_manager_cipher.o
                0x0000000008002f2c                sl_se_cmac_multipart_finish
 .text.sl_se_cmac_multipart_update
                0x0000000008003034      0x188 build/debug/sdk/platform/security/sl_component/se_manager/src/sl_se_manager_cipher.o
                0x0000000008003034                sl_se_cmac_multipart_update
 .text.sl_se_gcm_crypt_and_tag
                0x00000000080031bc      0x280 build/debug/sdk/platform/security/sl_component/se_manager/src/sl_se_manager_cipher.o
                0x00000000080031bc                sl_se_gcm_crypt_and_tag
 .text.sl_se_gcm_auth_decrypt
                0x000000000800343c      0x174 build/debug/sdk/platform/security/sl_component/se_manager/src/sl_se_manager_cipher.o
                0x000000000800343c                sl_se_gcm_auth_decrypt
 .text.sl_se_gcm_multipart_starts
                0x00000000080035b0      0x144 build/debug/sdk/platform/security/sl_component/se_manager/src/sl_se_manager_cipher.o
                0x00000000080035b0                sl_se_gcm_multipart_starts
 .text.sl_se_gcm_multipart_update
                0x00000000080036f4      0x344 build/debug/sdk/platform/security/sl_component/se_manager/src/sl_se_manager_cipher.o
                0x00000000080036f4                sl_se_gcm_multipart_update
 .text.sl_se_gcm_multipart_finish
                0x0000000008003a38      0x25c build/debug/sdk/platform/security/sl_component/se_manager/src/sl_se_manager_cipher.o
                0x0000000008003a38                sl_se_gcm_multipart_finish
 .text.sl_se_get_random
                0x0000000008003c94       0xd4 build/debug/sdk/platform/security/sl_component/se_manager/src/sl_se_manager_entropy.o
                0x0000000008003c94                sl_se_get_random
 .text.sl_se_ecdh_compute_shared_secret
                0x0000000008003d68      0x148 build/debug/sdk/platform/security/sl_component/se_manager/src/sl_se_manager_key_derivation.o
                0x0000000008003d68                sl_se_ecdh_compute_shared_secret
 .text.sli_se_get_auth_buffer
                0x0000000008003eb0       0x34 build/debug/sdk/platform/security/sl_component/se_manager/src/sl_se_manager_key_handling.o
                0x0000000008003eb0                sli_se_get_auth_buffer
 .text.sl_se_export_public_key
                0x0000000008003ee4       0xd4 build/debug/sdk/platform/security/sl_component/se_manager/src/sl_se_manager_key_handling.o
                0x0000000008003ee4                sl_se_export_public_key
 .text.set_cache
                0x0000000008003fb8       0x40 build/debug/sdk/platform/security/sl_component/sl_psa_driver/src/sl_psa_its_nvm3.o
 .text.derive_session_key.constprop.0
                0x0000000008003ff8       0xdc build/debug/sdk/platform/security/sl_component/sl_psa_driver/src/sl_psa_its_nvm3.o
 .text.sli_decrypt_its_file
                0x00000000080040d4      0x180 build/debug/sdk/platform/security/sl_component/sl_psa_driver/src/sl_psa_its_nvm3.o
 .text.set_tomb
                0x0000000008004254       0x54 build/debug/sdk/platform/security/sl_component/sl_psa_driver/src/sl_psa_its_nvm3.o
 .text.find_nvm3_id
                0x00000000080042a8      0x31c build/debug/sdk/platform/security/sl_component/sl_psa_driver/src/sl_psa_its_nvm3.o
 .text.sli_encrypt_its_file
                0x00000000080045c4      0x190 build/debug/sdk/platform/security/sl_component/sl_psa_driver/src/sl_psa_its_nvm3.o
                0x00000000080045c4                sli_encrypt_its_file
 .text.psa_its_set
                0x0000000008004754      0x10c build/debug/sdk/platform/security/sl_component/sl_psa_driver/src/sl_psa_its_nvm3.o
                0x0000000008004754                psa_its_set
 .text.psa_its_get
                0x0000000008004860      0x140 build/debug/sdk/platform/security/sl_component/sl_psa_driver/src/sl_psa_its_nvm3.o
                0x0000000008004860                psa_its_get
 .text.psa_its_remove
                0x00000000080049a0       0x94 build/debug/sdk/platform/security/sl_component/sl_psa_driver/src/sl_psa_its_nvm3.o
                0x00000000080049a0                psa_its_remove
 .text.aead_start
                0x0000000008004a34       0x7c build/debug/sdk/platform/security/sl_component/sl_psa_driver/src/sli_se_driver_aead.o
 .text.check_aead_parameters.constprop.0
                0x0000000008004ab0       0x94 build/debug/sdk/platform/security/sl_component/sl_psa_driver/src/sli_se_driver_aead.o
 .text.sli_se_driver_aead_encrypt_tag
                0x0000000008004b44      0x190 build/debug/sdk/platform/security/sl_component/sl_psa_driver/src/sli_se_driver_aead.o
                0x0000000008004b44                sli_se_driver_aead_encrypt_tag
 .text.sli_se_driver_aead_decrypt_tag
                0x0000000008004cd4      0x114 build/debug/sdk/platform/security/sl_component/sl_psa_driver/src/sli_se_driver_aead.o
                0x0000000008004cd4                sli_se_driver_aead_decrypt_tag
 .text.sli_se_driver_aead_encrypt_decrypt_setup
                0x0000000008004de8       0xe0 build/debug/sdk/platform/security/sl_component/sl_psa_driver/src/sli_se_driver_aead.o
                0x0000000008004de8                sli_se_driver_aead_encrypt_decrypt_setup
 .text.sli_se_driver_aead_set_nonce
                0x0000000008004ec8       0x48 build/debug/sdk/platform/security/sl_component/sl_psa_driver/src/sli_se_driver_aead.o
                0x0000000008004ec8                sli_se_driver_aead_set_nonce
 .text.sli_se_driver_aead_set_lengths
                0x0000000008004f10       0x50 build/debug/sdk/platform/security/sl_component/sl_psa_driver/src/sli_se_driver_aead.o
                0x0000000008004f10                sli_se_driver_aead_set_lengths
 .text.sli_se_driver_aead_update
                0x0000000008004f60       0xac build/debug/sdk/platform/security/sl_component/sl_psa_driver/src/sli_se_driver_aead.o
                0x0000000008004f60                sli_se_driver_aead_update
 .text.sli_se_driver_aead_finish
                0x000000000800500c       0xf0 build/debug/sdk/platform/security/sl_component/sl_psa_driver/src/sli_se_driver_aead.o
                0x000000000800500c                sli_se_driver_aead_finish
 .text.sli_se_driver_aead_verify
                0x00000000080050fc      0x114 build/debug/sdk/platform/security/sl_component/sl_psa_driver/src/sli_se_driver_aead.o
                0x00000000080050fc                sli_se_driver_aead_verify
 .text.sli_se_opaque_get_builtin_key
                0x0000000008005210       0xbc build/debug/sdk/platform/security/sl_component/sl_psa_driver/src/sli_se_driver_builtin_keys.o
                0x0000000008005210                sli_se_opaque_get_builtin_key
 .text.mbedtls_psa_platform_get_builtin_key
                0x00000000080052cc       0x48 build/debug/sdk/platform/security/sl_component/sl_psa_driver/src/sli_se_driver_builtin_keys.o
                0x00000000080052cc                mbedtls_psa_platform_get_builtin_key
 .text.sli_se_driver_key_agreement
                0x0000000008005314      0x1a4 build/debug/sdk/platform/security/sl_component/sl_psa_driver/src/sli_se_driver_key_derivation.o
                0x0000000008005314                sli_se_driver_key_agreement
 .text.sli_se_driver_validate_ecc_key
                0x00000000080054b8      0x224 build/debug/sdk/platform/security/sl_component/sl_psa_driver/src/sli_se_driver_key_management.o
 .text.sli_se_key_desc_from_psa_attributes
                0x00000000080056dc      0x13c build/debug/sdk/platform/security/sl_component/sl_psa_driver/src/sli_se_driver_key_management.o
                0x00000000080056dc                sli_se_key_desc_from_psa_attributes
 .text.sli_se_key_desc_from_input
                0x0000000008005818      0x228 build/debug/sdk/platform/security/sl_component/sl_psa_driver/src/sli_se_driver_key_management.o
                0x0000000008005818                sli_se_key_desc_from_input
 .text.sli_se_driver_mac_compute
                0x0000000008005a40       0xc8 build/debug/sdk/platform/security/sl_component/sl_psa_driver/src/sli_se_driver_mac.o
                0x0000000008005a40                sli_se_driver_mac_compute
 .text.sli_se_driver_mac_sign_setup
                0x0000000008005b08       0x48 build/debug/sdk/platform/security/sl_component/sl_psa_driver/src/sli_se_driver_mac.o
                0x0000000008005b08                sli_se_driver_mac_sign_setup
 .text.sli_se_driver_mac_update
                0x0000000008005b50       0x8c build/debug/sdk/platform/security/sl_component/sl_psa_driver/src/sli_se_driver_mac.o
                0x0000000008005b50                sli_se_driver_mac_update
 .text.sli_se_driver_mac_sign_finish
                0x0000000008005bdc       0xc4 build/debug/sdk/platform/security/sl_component/sl_psa_driver/src/sli_se_driver_mac.o
                0x0000000008005bdc                sli_se_driver_mac_sign_finish
 .text.sli_se_opaque_mac_sign_setup
                0x0000000008005ca0       0x78 build/debug/sdk/platform/security/sl_component/sl_psa_driver/src/sli_se_opaque_driver_mac.o
                0x0000000008005ca0                sli_se_opaque_mac_sign_setup
 .text.sli_se_transparent_driver_symmetric_key_from_context
                0x0000000008005d18       0x44 build/debug/sdk/platform/security/sl_component/sl_psa_driver/src/sli_se_transparent_driver_mac.o
 .text.sli_tz_iovecs_live_in_ns
                0x0000000008005d5c       0xe8 build/debug/sdk/platform/security/sl_component/sl_trustzone/src/sli_tz_iovec_check.o
                0x0000000008005d5c                sli_tz_iovecs_live_in_ns
 .text.sli_tz_nvm3_init_struct_points_to_ns
                0x0000000008005e44       0x18 build/debug/sdk/platform/security/sl_component/sl_trustzone/src/sli_tz_iovec_check.o
                0x0000000008005e44                sli_tz_nvm3_init_struct_points_to_ns
 .text.sli_tz_nvm3_handle_struct_points_to_ns
                0x0000000008005e5c       0x58 build/debug/sdk/platform/security/sl_component/sl_trustzone/src/sli_tz_iovec_check.o
                0x0000000008005e5c                sli_tz_nvm3_handle_struct_points_to_ns
 .text.sli_tz_s_interface_dispatch_crypto
                0x0000000008005eb4       0xd8 build/debug/sdk/platform/security/sl_component/sl_trustzone/src/sli_tz_s_interface.o
                0x0000000008005eb4                __acle_se_sli_tz_s_interface_dispatch_crypto
 .text.sli_tz_s_interface_dispatch_nvm3
                0x0000000008005f8c      0x180 build/debug/sdk/platform/security/sl_component/sl_trustzone/src/sli_tz_s_interface.o
                0x0000000008005f8c                __acle_se_sli_tz_s_interface_dispatch_nvm3
 .text.sli_tz_s_interface_dispatch_its
                0x000000000800610c       0xc0 build/debug/sdk/platform/security/sl_component/sl_trustzone/src/sli_tz_s_interface.o
                0x000000000800610c                __acle_se_sli_tz_s_interface_dispatch_its
 .text.sli_tz_s_interface_dispatch_simple
                0x00000000080061cc       0x88 build/debug/sdk/platform/security/sl_component/sl_trustzone/src/sli_tz_s_interface.o
                0x00000000080061cc                __acle_se_sli_tz_s_interface_dispatch_simple
 .text.sli_tz_s_interface_dispatch_simple_no_args
                0x0000000008006254       0x84 build/debug/sdk/platform/security/sl_component/sl_trustzone/src/sli_tz_s_interface.o
                0x0000000008006254                __acle_se_sli_tz_s_interface_dispatch_simple_no_args
 .text.__NVIC_SystemReset
                0x00000000080062d8       0x24 build/debug/sdk/platform/security/sl_component/sl_trustzone/src/sli_tz_secure_main.o
 .text.configure_sau_region
                0x00000000080062fc       0x34 build/debug/sdk/platform/security/sl_component/sl_trustzone/src/sli_tz_secure_main.o
 .text.prioritise_secure_exceptions
                0x0000000008006330       0x2c build/debug/sdk/platform/security/sl_component/sl_trustzone/src/sli_tz_secure_main.o
 .text.enable_fault_exceptions
                0x000000000800635c       0x1c build/debug/sdk/platform/security/sl_component/sl_trustzone/src/sli_tz_secure_main.o
 .text.enable_ns_fpu
                0x0000000008006378       0x20 build/debug/sdk/platform/security/sl_component/sl_trustzone/src/sli_tz_secure_main.o
 .text.enable_page_locks
                0x0000000008006398       0x38 build/debug/sdk/platform/security/sl_component/sl_trustzone/src/sli_tz_secure_main.o
 .text.check_se_version
                0x00000000080063d0       0x3c build/debug/sdk/platform/security/sl_component/sl_trustzone/src/sli_tz_secure_main.o
 .text.configure_sau
                0x000000000800640c       0x6c build/debug/sdk/platform/security/sl_component/sl_trustzone/src/sli_tz_secure_main.o
 .text.configure_mpu
                0x0000000008006478       0x74 build/debug/sdk/platform/security/sl_component/sl_trustzone/src/sli_tz_secure_main.o
 .text.configure_smu
                0x00000000080064ec       0xc4 build/debug/sdk/platform/security/sl_component/sl_trustzone/src/sli_tz_secure_main.o
 .text.configure_interrupt_target_states
                0x00000000080065b0       0x40 build/debug/sdk/platform/security/sl_component/sl_trustzone/src/sli_tz_secure_main.o
 .text.start_ns_app
                0x00000000080065f0       0x84 build/debug/sdk/platform/security/sl_component/sl_trustzone/src/sli_tz_secure_main.o
                0x00000000080065f0                start_ns_app
 .text.sli_tz_msc_get_locked
                0x0000000008006674       0x10 build/debug/sdk/platform/security/sl_component/sl_trustzone/src/sli_tz_service_msc_s.o
                0x0000000008006674                sli_tz_msc_get_locked
 .text.sli_tz_msc_set_locked
                0x0000000008006684        0xc build/debug/sdk/platform/security/sl_component/sl_trustzone/src/sli_tz_service_msc_s.o
                0x0000000008006684                sli_tz_msc_set_locked
 .text.sli_tz_msc_set_unlocked
                0x0000000008006690       0x10 build/debug/sdk/platform/security/sl_component/sl_trustzone/src/sli_tz_service_msc_s.o
                0x0000000008006690                sli_tz_msc_set_unlocked
 .text.sli_tz_msc_get_readctrl
                0x00000000080066a0        0xc build/debug/sdk/platform/security/sl_component/sl_trustzone/src/sli_tz_service_msc_s.o
                0x00000000080066a0                sli_tz_msc_get_readctrl
 .text.sli_tz_msc_set_readctrl
                0x00000000080066ac        0xc build/debug/sdk/platform/security/sl_component/sl_trustzone/src/sli_tz_service_msc_s.o
                0x00000000080066ac                sli_tz_msc_set_readctrl
 .text.sli_tz_msc_set_pagelock
                0x00000000080066b8       0x20 build/debug/sdk/platform/security/sl_component/sl_trustzone/src/sli_tz_service_msc_s.o
                0x00000000080066b8                sli_tz_msc_set_pagelock
 .text.sli_tz_msc_get_pagelock
                0x00000000080066d8       0x20 build/debug/sdk/platform/security/sl_component/sl_trustzone/src/sli_tz_service_msc_s.o
                0x00000000080066d8                sli_tz_msc_get_pagelock
 .text.sli_tz_msc_get_userdata_size
                0x00000000080066f8        0xc build/debug/sdk/platform/security/sl_component/sl_trustzone/src/sli_tz_service_msc_s.o
                0x00000000080066f8                sli_tz_msc_get_userdata_size
 .text.sli_tz_msc_get_misclockword
                0x0000000008006704        0xc build/debug/sdk/platform/security/sl_component/sl_trustzone/src/sli_tz_service_msc_s.o
                0x0000000008006704                sli_tz_msc_get_misclockword
 .text.sli_tz_msc_set_misclockword
                0x0000000008006710        0xc build/debug/sdk/platform/security/sl_component/sl_trustzone/src/sli_tz_service_msc_s.o
                0x0000000008006710                sli_tz_msc_set_misclockword
 .text.sli_tz_nvm3_init_default
                0x000000000800671c       0x84 build/debug/sdk/platform/security/sl_component/sl_trustzone/src/sli_tz_service_nvm3_s.o
                0x000000000800671c                sli_tz_nvm3_init_default
 .text.sli_tz_nvm3_deinit_default
                0x00000000080067a0       0x30 build/debug/sdk/platform/security/sl_component/sl_trustzone/src/sli_tz_service_nvm3_s.o
                0x00000000080067a0                sli_tz_nvm3_deinit_default
 .text.sli_tz_nvm3_open
                0x00000000080067d0       0xac build/debug/sdk/platform/security/sl_component/sl_trustzone/src/sli_tz_service_nvm3_s.o
                0x00000000080067d0                sli_tz_nvm3_open
 .text.sli_tz_nvm3_close
                0x000000000800687c       0x4c build/debug/sdk/platform/security/sl_component/sl_trustzone/src/sli_tz_service_nvm3_s.o
                0x000000000800687c                sli_tz_nvm3_close
 .text.sli_tz_syscfg_read_chiprev_register
                0x00000000080068c8       0x18 build/debug/sdk/platform/security/sl_component/sl_trustzone/src/sli_tz_service_syscfg_s.o
                0x00000000080068c8                sli_tz_syscfg_read_chiprev_register
 .text.sli_tz_syscfg_read_dmem0retnctrl_register
                0x00000000080068e0        0xc build/debug/sdk/platform/security/sl_component/sl_trustzone/src/sli_tz_service_syscfg_s.o
                0x00000000080068e0                sli_tz_syscfg_read_dmem0retnctrl_register
 .text.sli_tz_syscfg_mask_dmem0retnctrl_register
                0x00000000080068ec       0x14 build/debug/sdk/platform/security/sl_component/sl_trustzone/src/sli_tz_service_syscfg_s.o
                0x00000000080068ec                sli_tz_syscfg_mask_dmem0retnctrl_register
 .text.sli_tz_syscfg_zero_dmem0retnctrl_register
                0x0000000008006900       0x10 build/debug/sdk/platform/security/sl_component/sl_trustzone/src/sli_tz_service_syscfg_s.o
                0x0000000008006900                sli_tz_syscfg_zero_dmem0retnctrl_register
 .text.sli_tz_syscfg_set_systicextclken_cfgsystic
                0x0000000008006910       0x14 build/debug/sdk/platform/security/sl_component/sl_trustzone/src/sli_tz_service_syscfg_s.o
                0x0000000008006910                sli_tz_syscfg_set_systicextclken_cfgsystic
 .text.sli_tz_syscfg_clear_systicextclken_cfgsystic
                0x0000000008006924       0x14 build/debug/sdk/platform/security/sl_component/sl_trustzone/src/sli_tz_service_syscfg_s.o
                0x0000000008006924                sli_tz_syscfg_clear_systicextclken_cfgsystic
 .text.sl_memory_init
                0x0000000008006938       0x20 build/debug/sdk/platform/service/memory_manager/src/sl_memory_manager.o
                0x0000000008006938                sl_memory_init
 .text.sl_memory_calloc
                0x0000000008006958       0x1c build/debug/sdk/platform/service/memory_manager/src/sl_memory_manager.o
                0x0000000008006958                sl_memory_calloc
 .text.sl_memory_get_heap_region
                0x0000000008006974       0x14 build/debug/sdk/platform/service/memory_manager/src/sl_memory_manager_region.o
                0x0000000008006974                sl_memory_get_heap_region
 .text.sli_memory_get_heap_handle
                0x0000000008006988        0x8 build/debug/sdk/platform/service/memory_manager/src/sli_memory_manager_common.o
                0x0000000008006988                sli_memory_get_heap_handle
 .text.ARM_MPU_Disable
                0x0000000008006990       0x28 build/debug/sdk/platform/service/mpu/src/sl_mpu_s2.o
 .text.sl_mpu_disable_execute
                0x00000000080069b8       0xf0 build/debug/sdk/platform/service/mpu/src/sl_mpu_s2.o
                0x00000000080069b8                sl_mpu_disable_execute
 .text.mbedtls_platform_zeroize
                0x0000000008006aa8       0x18 build/debug/sdk/util/third_party/mbedtls/library/platform_util.o
                0x0000000008006aa8                mbedtls_platform_zeroize
 .text.psa_mac_key_can_do
                0x0000000008006ac0       0x40 build/debug/sdk/util/third_party/mbedtls/library/psa_crypto.o
 .text.psa_key_policy_algorithm_intersection
                0x0000000008006b00      0x49c build/debug/sdk/util/third_party/mbedtls/library/psa_crypto.o
 .text.psa_key_algorithm_permits
                0x0000000008006f9c      0x270 build/debug/sdk/util/third_party/mbedtls/library/psa_crypto.o
 .text.psa_aead_get_base_algorithm
                0x000000000800720c       0x38 build/debug/sdk/util/third_party/mbedtls/library/psa_crypto.o
 .text.psa_aead_check_algorithm
                0x0000000008007244       0xa4 build/debug/sdk/util/third_party/mbedtls/library/psa_crypto.o
 .text.psa_generate_random_internal
                0x00000000080072e8       0x3c build/debug/sdk/util/third_party/mbedtls/library/psa_crypto.o
 .text.psa_get_and_lock_key_slot_with_policy
                0x0000000008007324       0xdc build/debug/sdk/util/third_party/mbedtls/library/psa_crypto.o
 .text.psa_mac_finalize_alg_and_key_validation.isra.0
                0x0000000008007400      0x188 build/debug/sdk/util/third_party/mbedtls/library/psa_crypto.o
 .text.psa_mac_compute_internal
                0x0000000008007588       0xe4 build/debug/sdk/util/third_party/mbedtls/library/psa_crypto.o
 .text.psa_mac_setup
                0x000000000800766c       0xe4 build/debug/sdk/util/third_party/mbedtls/library/psa_crypto.o
 .text.psa_aead_setup
                0x0000000008007750      0x1c0 build/debug/sdk/util/third_party/mbedtls/library/psa_crypto.o
 .text.psa_aead_set_nonce_internal
                0x0000000008007910       0x5c build/debug/sdk/util/third_party/mbedtls/library/psa_crypto.o
 .text.psa_generate_key
                0x000000000800796c       0x18 build/debug/sdk/util/third_party/mbedtls/library/psa_crypto.o
                0x000000000800796c                psa_generate_key
 .text.mbedtls_psa_crypto_free
                0x0000000008007984       0x50 build/debug/sdk/util/third_party/mbedtls/library/psa_crypto.o
                0x0000000008007984                mbedtls_psa_crypto_free
 .text.psa_crypto_init
                0x00000000080079d4       0x84 build/debug/sdk/util/third_party/mbedtls/library/psa_crypto.o
                0x00000000080079d4                psa_crypto_init
 .text.psa_key_derivation_key_agreement
                0x0000000008007a58       0xdc build/debug/sdk/util/third_party/mbedtls/library/psa_crypto.o
                0x0000000008007a58                psa_key_derivation_key_agreement
 .text.psa_aead_encrypt
                0x0000000008007b34      0x1c8 build/debug/sdk/util/third_party/mbedtls/library/psa_crypto.o
                0x0000000008007b34                psa_aead_encrypt
 .text.psa_aead_decrypt
                0x0000000008007cfc      0x1c8 build/debug/sdk/util/third_party/mbedtls/library/psa_crypto.o
                0x0000000008007cfc                psa_aead_decrypt
 .text.psa_key_derivation_output_key
                0x0000000008007ec4       0x18 build/debug/sdk/util/third_party/mbedtls/library/psa_crypto.o
                0x0000000008007ec4                psa_key_derivation_output_key
 .text.mbedtls_cipher_values_from_psa
                0x0000000008007edc       0x2c build/debug/sdk/util/third_party/mbedtls/library/psa_crypto_cipher.o
                0x0000000008007edc                mbedtls_cipher_values_from_psa
 .text.psa_get_and_lock_key_slot_in_memory
                0x0000000008007f08       0x6c build/debug/sdk/util/third_party/mbedtls/library/psa_crypto_slot_management.o
 .text.psa_initialize_key_slots
                0x0000000008007f74       0x10 build/debug/sdk/util/third_party/mbedtls/library/psa_crypto_slot_management.o
                0x0000000008007f74                psa_initialize_key_slots
 .text.psa_wipe_all_key_slots
                0x0000000008007f84       0x34 build/debug/sdk/util/third_party/mbedtls/library/psa_crypto_slot_management.o
                0x0000000008007f84                psa_wipe_all_key_slots
 .text.psa_reserve_free_key_slot
                0x0000000008007fb8       0x80 build/debug/sdk/util/third_party/mbedtls/library/psa_crypto_slot_management.o
                0x0000000008007fb8                psa_reserve_free_key_slot
 .text.psa_get_and_lock_key_slot
                0x0000000008008038      0x18c build/debug/sdk/util/third_party/mbedtls/library/psa_crypto_slot_management.o
                0x0000000008008038                psa_get_and_lock_key_slot
 .text.psa_format_key_data_for_storage
                0x00000000080081c4       0x3c build/debug/sdk/util/third_party/mbedtls/library/psa_crypto_storage.o
                0x00000000080081c4                psa_format_key_data_for_storage
 .text.psa_parse_key_data_from_storage
                0x0000000008008200       0x88 build/debug/sdk/util/third_party/mbedtls/library/psa_crypto_storage.o
                0x0000000008008200                psa_parse_key_data_from_storage
 .text.tfm_crypto_operation_alloc
                0x0000000008008288       0x64 build/debug/sdk/util/third_party/trusted-firmware-m/secure_fw/partitions/crypto/crypto_alloc.o
                0x0000000008008288                tfm_crypto_operation_alloc
 .text.tfm_crypto_operation_release
                0x00000000080082ec       0x80 build/debug/sdk/util/third_party/trusted-firmware-m/secure_fw/partitions/crypto/crypto_alloc.o
                0x00000000080082ec                tfm_crypto_operation_release
 .text.tfm_crypto_operation_lookup
                0x000000000800836c       0x4c build/debug/sdk/util/third_party/trusted-firmware-m/secure_fw/partitions/crypto/crypto_alloc.o
                0x000000000800836c                tfm_crypto_operation_lookup
 .text.tfm_crypto_get_caller_id
                0x00000000080083b8        0xc build/debug/sdk/util/third_party/trusted-firmware-m/secure_fw/partitions/crypto/crypto_init_sl.o
                0x00000000080083b8                tfm_crypto_get_caller_id
 .text.cmse_check_address_range
                0x00000000080083c4       0xe4 /home/ermenal/.silabs/slt/installs/conan/p/gcc-a442105b5c2637/p/bin/../lib/gcc/arm-none-eabi/12.2.1/thumb/v8-m.main+fp/hard/libgcc.a(cmse.o)
                0x00000000080083c4                cmse_check_address_range
 .text.exit     0x00000000080084a8       0x24 /home/ermenal/.silabs/slt/installs/conan/p/gcc-a442105b5c2637/p/bin/../lib/gcc/arm-none-eabi/12.2.1/../../../../arm-none-eabi/lib/thumb/v8-m.main+fp/hard/libc_nano.a(libc_a-exit.o)
                0x00000000080084a8                exit
 .text.__libc_init_array
                0x00000000080084cc       0x48 /home/ermenal/.silabs/slt/installs/conan/p/gcc-a442105b5c2637/p/bin/../lib/gcc/arm-none-eabi/12.2.1/../../../../arm-none-eabi/lib/thumb/v8-m.main+fp/hard/libc_nano.a(libc_a-init.o)
                0x00000000080084cc                __libc_init_array
 .text.bootloader_parserContextSize
                0x0000000008008514       0x48 build/debug/sdk/platform/bootloader/api/btl_interface.o
                0x0000000008008514                bootloader_parserContextSize
 .text.bootloader_secureBootEnforced
                0x000000000800855c       0x18 build/debug/sdk/platform/bootloader/api/btl_interface.o
                0x000000000800855c                bootloader_secureBootEnforced
 .text.bootloader_getUpgradeLocation
                0x0000000008008574       0x48 build/debug/sdk/platform/bootloader/api/btl_interface.o
                0x0000000008008574                bootloader_getUpgradeLocation
 .text.bootloader_remainingApplicationUpgrades
                0x00000000080085bc       0x3e build/debug/sdk/platform/bootloader/api/btl_interface.o
                0x00000000080085bc                bootloader_remainingApplicationUpgrades
 .text.bootloader_getCertificateVersion
                0x00000000080085fa       0x2e build/debug/sdk/platform/bootloader/api/btl_interface.o
                0x00000000080085fa                bootloader_getCertificateVersion
 .text.bootloader_getPeripheralList
                0x0000000008008628       0x38 build/debug/sdk/platform/bootloader/api/btl_interface.o
                0x0000000008008628                bootloader_getPeripheralList
 .text.sli_bootloader_preHook
                0x0000000008008660        0x2 build/debug/sdk/platform/bootloader/api/btl_interface.o
                0x0000000008008660                sli_bootloader_preHook
 .text.sli_bootloader_postHook
                0x0000000008008662        0x2 build/debug/sdk/platform/bootloader/api/btl_interface.o
                0x0000000008008662                sli_bootloader_postHook
 .text.bootloader_nsc_getResetReason
                0x0000000008008664       0x82 build/debug/sdk/platform/bootloader/api/btl_interface_nsc.o
                0x0000000008008664                __acle_se_bootloader_nsc_getResetReason
 .text.bootloader_nsc_getInfo
                0x00000000080086e6       0xac build/debug/sdk/platform/bootloader/api/btl_interface_nsc.o
                0x00000000080086e6                __acle_se_bootloader_nsc_getInfo
 .text.bootloader_nsc_init
                0x0000000008008792       0x78 build/debug/sdk/platform/bootloader/api/btl_interface_nsc.o
                0x0000000008008792                __acle_se_bootloader_nsc_init
 .text.bootloader_nsc_deinit
                0x000000000800880a       0x78 build/debug/sdk/platform/bootloader/api/btl_interface_nsc.o
                0x000000000800880a                __acle_se_bootloader_nsc_deinit
 .text.bootloader_nsc_rebootAndInstall
                0x0000000008008882       0x72 build/debug/sdk/platform/bootloader/api/btl_interface_nsc.o
                0x0000000008008882                __acle_se_bootloader_nsc_rebootAndInstall
 .text.bootloader_nsc_parserContextSize
                0x00000000080088f4       0x78 build/debug/sdk/platform/bootloader/api/btl_interface_nsc.o
                0x00000000080088f4                __acle_se_bootloader_nsc_parserContextSize
 .text.bootloader_nsc_verifyApplication
                0x000000000800896c       0x78 build/debug/sdk/platform/bootloader/api/btl_interface_nsc.o
                0x000000000800896c                __acle_se_bootloader_nsc_verifyApplication
 .text.bootloader_nsc_secureBootEnforced
                0x00000000080089e4       0x78 build/debug/sdk/platform/bootloader/api/btl_interface_nsc.o
                0x00000000080089e4                __acle_se_bootloader_nsc_secureBootEnforced
 .text.bootloader_nsc_getUpgradeLocation
                0x0000000008008a5c       0xaa build/debug/sdk/platform/bootloader/api/btl_interface_nsc.o
                0x0000000008008a5c                __acle_se_bootloader_nsc_getUpgradeLocation
 .text.bootloader_nsc_remainingApplicationUpgrades
                0x0000000008008b06       0x78 build/debug/sdk/platform/bootloader/api/btl_interface_nsc.o
                0x0000000008008b06                __acle_se_bootloader_nsc_remainingApplicationUpgrades
 .text.bootloader_nsc_getCertificateVersion
                0x0000000008008b7e       0xaa build/debug/sdk/platform/bootloader/api/btl_interface_nsc.o
                0x0000000008008b7e                __acle_se_bootloader_nsc_getCertificateVersion
 .text.bootloader_nsc_getStorageInfo
                0x0000000008008c28       0xac build/debug/sdk/platform/bootloader/api/btl_interface_nsc.o
                0x0000000008008c28                __acle_se_bootloader_nsc_getStorageInfo
 .text.bootloader_nsc_getStorageSlotInfo
                0x0000000008008cd4       0xb6 build/debug/sdk/platform/bootloader/api/btl_interface_nsc.o
                0x0000000008008cd4                __acle_se_bootloader_nsc_getStorageSlotInfo
 .text.bootloader_nsc_readStorage
                0x0000000008008d8a       0xc0 build/debug/sdk/platform/bootloader/api/btl_interface_nsc.o
                0x0000000008008d8a                __acle_se_bootloader_nsc_readStorage
 .text.bootloader_nsc_writeStorage
                0x0000000008008e4a       0xc0 build/debug/sdk/platform/bootloader/api/btl_interface_nsc.o
                0x0000000008008e4a                __acle_se_bootloader_nsc_writeStorage
 .text.bootloader_nsc_eraseWriteStorage
                0x0000000008008f0a       0xc0 build/debug/sdk/platform/bootloader/api/btl_interface_nsc.o
                0x0000000008008f0a                __acle_se_bootloader_nsc_eraseWriteStorage
 .text.bootloader_nsc_eraseStorageSlot
                0x0000000008008fca       0x78 build/debug/sdk/platform/bootloader/api/btl_interface_nsc.o
                0x0000000008008fca                __acle_se_bootloader_nsc_eraseStorageSlot
 .text.bootloader_nsc_initChunkedEraseStorageSlot
                0x0000000008009042       0xb6 build/debug/sdk/platform/bootloader/api/btl_interface_nsc.o
                0x0000000008009042                __acle_se_bootloader_nsc_initChunkedEraseStorageSlot
 .text.bootloader_nsc_chunkedEraseStorageSlot
                0x00000000080090f8       0xbe build/debug/sdk/platform/bootloader/api/btl_interface_nsc.o
                0x00000000080090f8                __acle_se_bootloader_nsc_chunkedEraseStorageSlot
 .text.bootloader_nsc_setImageToBootload
                0x00000000080091b6       0x78 build/debug/sdk/platform/bootloader/api/btl_interface_nsc.o
                0x00000000080091b6                __acle_se_bootloader_nsc_setImageToBootload
 .text.bootloader_nsc_setImagesToBootload
                0x000000000800922e       0xa6 build/debug/sdk/platform/bootloader/api/btl_interface_nsc.o
                0x000000000800922e                __acle_se_bootloader_nsc_setImagesToBootload
 .text.bootloader_nsc_getImagesToBootload
                0x00000000080092d4       0xa6 build/debug/sdk/platform/bootloader/api/btl_interface_nsc.o
                0x00000000080092d4                __acle_se_bootloader_nsc_getImagesToBootload
 .text.bootloader_nsc_appendImageToBootloadList
                0x000000000800937a       0x78 build/debug/sdk/platform/bootloader/api/btl_interface_nsc.o
                0x000000000800937a                __acle_se_bootloader_nsc_appendImageToBootloadList
 .text.bootloader_nsc_verifyImage
                0x00000000080093f2       0x7a build/debug/sdk/platform/bootloader/api/btl_interface_nsc.o
                0x00000000080093f2                __acle_se_bootloader_nsc_verifyImage
 .text.bootloader_nsc_getImageInfo
                0x000000000800946c       0xc0 build/debug/sdk/platform/bootloader/api/btl_interface_nsc.o
                0x000000000800946c                __acle_se_bootloader_nsc_getImageInfo
 .text.bootloader_nsc_storageIsBusy
                0x000000000800952c       0x78 build/debug/sdk/platform/bootloader/api/btl_interface_nsc.o
                0x000000000800952c                __acle_se_bootloader_nsc_storageIsBusy
 .text.bootloader_nsc_getAllocatedDMAChannel
                0x00000000080095a4       0x78 build/debug/sdk/platform/bootloader/api/btl_interface_nsc.o
                0x00000000080095a4                __acle_se_bootloader_nsc_getAllocatedDMAChannel
 .text.bootloader_getStorageSlotInfo
                0x000000000800961c       0x26 build/debug/sdk/platform/bootloader/api/btl_interface_storage.o
                0x000000000800961c                bootloader_getStorageSlotInfo
 .text.bootloader_initChunkedEraseStorageSlot
                0x0000000008009642       0x28 build/debug/sdk/platform/bootloader/api/btl_interface_storage.o
                0x0000000008009642                bootloader_initChunkedEraseStorageSlot
 .text.bootloader_verifyImage
                0x000000000800966a       0x4e build/debug/sdk/platform/bootloader/api/btl_interface_storage.o
                0x000000000800966a                bootloader_verifyImage
 .text.bootloader_getAllocatedDMAChannel
                0x00000000080096b8       0x60 build/debug/sdk/platform/bootloader/api/btl_interface_storage.o
                0x00000000080096b8                bootloader_getAllocatedDMAChannel
 .text.bootloader_eraseWriteStorage
                0x0000000008009718       0xd0 build/debug/sdk/platform/bootloader/api/btl_interface_storage.o
                0x0000000008009718                bootloader_eraseWriteStorage
 .text.bootloader_chunkedEraseStorageSlot
                0x00000000080097e8       0x36 build/debug/sdk/platform/bootloader/api/btl_interface_storage.o
                0x00000000080097e8                bootloader_chunkedEraseStorageSlot
 .text._exit    0x000000000800981e        0x2 build/debug/sdk/platform/common/src/sl_syscalls.o
                0x000000000800981e                _exit
 .text.Default_Handler
                0x0000000008009820        0x2 build/debug/sdk/platform/Device/SiliconLabs/EFR32FG23/Source/startup_efr32fg23.o
                0x0000000008009820                ULFRCO_IRQHandler
                0x0000000008009820                SW2_IRQHandler
                0x0000000008009820                TIMER2_IRQHandler
                0x0000000008009820                DebugMon_Handler
                0x0000000008009820                USART0_TX_IRQHandler
                0x0000000008009820                IADC_IRQHandler
                0x0000000008009820                EUSART0_TX_IRQHandler
                0x0000000008009820                I2C0_IRQHandler
                0x0000000008009820                LFXO_IRQHandler
                0x0000000008009820                VDAC_IRQHandler
                0x0000000008009820                HardFault_Handler
                0x0000000008009820                SMU_SECURE_IRQHandler
                0x0000000008009820                SysTick_Handler
                0x0000000008009820                SYSRTC_SEQ_IRQHandler
                0x0000000008009820                EMUEFP_IRQHandler
                0x0000000008009820                EUSART2_TX_IRQHandler
                0x0000000008009820                PendSV_Handler
                0x0000000008009820                NMI_Handler
                0x0000000008009820                SYNTH_IRQHandler
                0x0000000008009820                HOSTMAILBOX_IRQHandler
                0x0000000008009820                HFXO0_IRQHandler
                0x0000000008009820                I2C1_IRQHandler
                0x0000000008009820                WDOG0_IRQHandler
                0x0000000008009820                TIMER3_IRQHandler
                0x0000000008009820                SYSCFG_IRQHandler
                0x0000000008009820                RFECA1_IRQHandler
                0x0000000008009820                EMUDG_IRQHandler
                0x0000000008009820                MSC_IRQHandler
                0x0000000008009820                DPLL0_IRQHandler
                0x0000000008009820                UsageFault_Handler
                0x0000000008009820                WDOG1_IRQHandler
                0x0000000008009820                M33CTI1_IRQHandler
                0x0000000008009820                TIMER4_IRQHandler
                0x0000000008009820                GPIO_EVEN_IRQHandler
                0x0000000008009820                LDMA_IRQHandler
                0x0000000008009820                SEMBTX_IRQHandler
                0x0000000008009820                SW0_IRQHandler
                0x0000000008009820                TIMER0_IRQHandler
                0x0000000008009820                LCD_IRQHandler
                0x0000000008009820                LETIMER0_IRQHandler
                0x0000000008009820                EUSART1_RX_IRQHandler
                0x0000000008009820                TIMER1_IRQHandler
                0x0000000008009820                HFRCO0_IRQHandler
                0x0000000008009820                SecureFault_Handler
                0x0000000008009820                BUFC_IRQHandler
                0x0000000008009820                DCDC_IRQHandler
                0x0000000008009820                MODEM_IRQHandler
                0x0000000008009820                Default_Handler
                0x0000000008009820                RAC_SEQ_IRQHandler
                0x0000000008009820                FRC_PRI_IRQHandler
                0x0000000008009820                EMU_IRQHandler
                0x0000000008009820                SW3_IRQHandler
                0x0000000008009820                KERNEL0_IRQHandler
                0x0000000008009820                FRC_IRQHandler
                0x0000000008009820                PCNT0_IRQHandler
                0x0000000008009820                KERNEL1_IRQHandler
                0x0000000008009820                AGC_IRQHandler
                0x0000000008009820                EUSART1_TX_IRQHandler
                0x0000000008009820                KEYSCAN_IRQHandler
                0x0000000008009820                HFRCOEM23_IRQHandler
                0x0000000008009820                BURTC_IRQHandler
                0x0000000008009820                SEMBRX_IRQHandler
                0x0000000008009820                RFECA0_IRQHandler
                0x0000000008009820                LFRCO_IRQHandler
                0x0000000008009820                ACMP0_IRQHandler
                0x0000000008009820                USART0_RX_IRQHandler
                0x0000000008009820                SVC_Handler
                0x0000000008009820                EUSART2_RX_IRQHandler
                0x0000000008009820                SMU_S_PRIVILEGED_IRQHandler
                0x0000000008009820                SW1_IRQHandler
                0x0000000008009820                CMU_IRQHandler
                0x0000000008009820                EUSART0_RX_IRQHandler
                0x0000000008009820                RAC_RSM_IRQHandler
                0x0000000008009820                SETAMPERHOST_IRQHandler
                0x0000000008009820                GPIO_ODD_IRQHandler
                0x0000000008009820                LESENSE_IRQHandler
                0x0000000008009820                AES_IRQHandler
                0x0000000008009820                M33CTI0_IRQHandler
                0x0000000008009820                ICACHE0_IRQHandler
                0x0000000008009820                SMU_NS_PRIVILEGED_IRQHandler
                0x0000000008009820                FPUEXH_IRQHandler
                0x0000000008009820                PROTIMER_IRQHandler
                0x0000000008009820                ACMP1_IRQHandler
                0x0000000008009820                BusFault_Handler
                0x0000000008009820                MPAHBRAM_IRQHandler
                0x0000000008009820                SYSRTC_APP_IRQHandler
 .text.CopyMemory
                0x0000000008009822       0x1a build/debug/sdk/platform/Device/SiliconLabs/EFR32FG23/Source/startup_efr32fg23.o
                0x0000000008009822                CopyMemory
 .text.pagesRepack
                0x000000000800983c       0x1a build/debug/sdk/platform/emdrv/nvm3/src/nvm3.o
 .text.thrHard  0x0000000008009856       0x20 build/debug/sdk/platform/emdrv/nvm3/src/nvm3.o
 .text.thrSoftMinimum
                0x0000000008009876       0x20 build/debug/sdk/platform/emdrv/nvm3/src/nvm3.o
 .text.scanPage
                0x0000000008009896       0x32 build/debug/sdk/platform/emdrv/nvm3/src/nvm3.o
 .text.workBegin
                0x00000000080098c8       0x16 build/debug/sdk/platform/emdrv/nvm3/src/nvm3.o
 .text.findValidPageCnt
                0x00000000080098de       0x3e build/debug/sdk/platform/emdrv/nvm3/src/nvm3.o
 .text.erasePage
                0x000000000800991c       0x22 build/debug/sdk/platform/emdrv/nvm3/src/nvm3.o
 .text.getPreviousGoodPage
                0x000000000800993e       0x42 build/debug/sdk/platform/emdrv/nvm3/src/nvm3.o
 .text.findCurrentEraseCnt
                0x0000000008009980       0x5e build/debug/sdk/platform/emdrv/nvm3/src/nvm3.o
 .text.eraseAllPages
                0x00000000080099de       0x7a build/debug/sdk/platform/emdrv/nvm3/src/nvm3.o
 .text.getFirstObjAdrInNextGoodPage
                0x0000000008009a58       0x5a build/debug/sdk/platform/emdrv/nvm3/src/nvm3.o
 .text.getNextObj
                0x0000000008009ab2       0x2c build/debug/sdk/platform/emdrv/nvm3/src/nvm3.o
 .text.getFreeSize
                0x0000000008009ade       0x66 build/debug/sdk/platform/emdrv/nvm3/src/nvm3.o
 .text.cacheUpdateCallback
                0x0000000008009b44       0x12 build/debug/sdk/platform/emdrv/nvm3/src/nvm3.o
 .text.validateObj
                0x0000000008009b56       0x24 build/debug/sdk/platform/emdrv/nvm3/src/nvm3.o
 .text.eraseFirstPageCallback
                0x0000000008009b7a       0x2e build/debug/sdk/platform/emdrv/nvm3/src/nvm3.o
 .text.enumScanCacheCallback
                0x0000000008009ba8       0x36 build/debug/sdk/platform/emdrv/nvm3/src/nvm3.o
 .text.eraseFirstPageScanCacheCallback
                0x0000000008009bde       0x1c build/debug/sdk/platform/emdrv/nvm3/src/nvm3.o
 .text.workEnd.isra.0
                0x0000000008009bfa       0x10 build/debug/sdk/platform/emdrv/nvm3/src/nvm3.o
 .text.counterIdxToAdr.isra.0
                0x0000000008009c0a       0x68 build/debug/sdk/platform/emdrv/nvm3/src/nvm3.o
 .text.counterIncFldGet
                0x0000000008009c72       0x44 build/debug/sdk/platform/emdrv/nvm3/src/nvm3.o
 .text.readCounter
                0x0000000008009cb6      0x19a build/debug/sdk/platform/emdrv/nvm3/src/nvm3.o
 .text.nvm3_enumObjects
                0x0000000008009e50       0x12 build/debug/sdk/platform/emdrv/nvm3/src/nvm3.o
                0x0000000008009e50                nvm3_enumObjects
 .text.nvm3_enumDeletedObjects
                0x0000000008009e62       0x12 build/debug/sdk/platform/emdrv/nvm3/src/nvm3.o
                0x0000000008009e62                nvm3_enumDeletedObjects
 .text.nvm3_eraseAll
                0x0000000008009e74       0x36 build/debug/sdk/platform/emdrv/nvm3/src/nvm3.o
                0x0000000008009e74                nvm3_eraseAll
 .text.nvm3_getEraseCount
                0x0000000008009eaa       0x46 build/debug/sdk/platform/emdrv/nvm3/src/nvm3.o
                0x0000000008009eaa                nvm3_getEraseCount
 .text.nvm3_repack
                0x0000000008009ef0       0x42 build/debug/sdk/platform/emdrv/nvm3/src/nvm3.o
                0x0000000008009ef0                nvm3_repack
 .text.nvm3_repackNeeded
                0x0000000008009f32       0x34 build/debug/sdk/platform/emdrv/nvm3/src/nvm3.o
                0x0000000008009f32                nvm3_repackNeeded
 .text.nvm3_resize
                0x0000000008009f66      0x190 build/debug/sdk/platform/emdrv/nvm3/src/nvm3.o
                0x0000000008009f66                nvm3_resize
 .text.nvm3_cacheClear
                0x000000000800a0f6       0x24 build/debug/sdk/platform/emdrv/nvm3/src/nvm3_cache.o
                0x000000000800a0f6                nvm3_cacheClear
 .text.nvm3_cacheOpen
                0x000000000800a11a        0x8 build/debug/sdk/platform/emdrv/nvm3/src/nvm3_cache.o
                0x000000000800a11a                nvm3_cacheOpen
 .text.nvm3_cacheDelete
                0x000000000800a122       0x32 build/debug/sdk/platform/emdrv/nvm3/src/nvm3_cache.o
                0x000000000800a122                nvm3_cacheDelete
 .text.nvm3_cacheGet
                0x000000000800a154       0x34 build/debug/sdk/platform/emdrv/nvm3/src/nvm3_cache.o
                0x000000000800a154                nvm3_cacheGet
 .text.nvm3_halFlashAccess
                0x000000000800a188        0x2 build/debug/sdk/platform/emdrv/nvm3/src/nvm3_hal_flash.o
 .text.nvm3_halFlashWriteWords
                0x000000000800a18a       0x30 build/debug/sdk/platform/emdrv/nvm3/src/nvm3_hal_flash.o
 .text.nvm3_halFlashGetInfo
                0x000000000800a1ba       0x22 build/debug/sdk/platform/emdrv/nvm3/src/nvm3_hal_flash.o
 .text.nvm3_halFlashClose
                0x000000000800a1dc        0x4 build/debug/sdk/platform/emdrv/nvm3/src/nvm3_hal_flash.o
 .text.nvm3_halFlashOpen
                0x000000000800a1e0        0xa build/debug/sdk/platform/emdrv/nvm3/src/nvm3_hal_flash.o
 .text.nvm3_halFlashReadWords
                0x000000000800a1ea       0x2e build/debug/sdk/platform/emdrv/nvm3/src/nvm3_hal_flash.o
 .text.nvm3_halFlashPageErase
                0x000000000800a218       0x36 build/debug/sdk/platform/emdrv/nvm3/src/nvm3_hal_flash.o
 .text.nvm3_lockDisableExecute
                0x000000000800a24e        0x2 build/debug/sdk/platform/emdrv/nvm3/src/nvm3_lock.o
                0x000000000800a24e                nvm3_lockDisableExecute
 .text.nvm3_objHdrValidateSmall
                0x000000000800a250       0x2a build/debug/sdk/platform/emdrv/nvm3/src/nvm3_object.o
                0x000000000800a250                nvm3_objHdrValidateSmall
 .text.nvm3_objHdrValidateLarge
                0x000000000800a27a       0x36 build/debug/sdk/platform/emdrv/nvm3/src/nvm3_object.o
                0x000000000800a27a                nvm3_objHdrValidateLarge
 .text.nvm3_objHdrGetErased
                0x000000000800a2b0        0xa build/debug/sdk/platform/emdrv/nvm3/src/nvm3_object.o
                0x000000000800a2b0                nvm3_objHdrGetErased
 .text.nvm3_objHdrGetFragTyp
                0x000000000800a2ba       0x10 build/debug/sdk/platform/emdrv/nvm3/src/nvm3_object.o
                0x000000000800a2ba                nvm3_objHdrGetFragTyp
 .text.nvm3_objHdrGetKey
                0x000000000800a2ca        0x8 build/debug/sdk/platform/emdrv/nvm3/src/nvm3_object.o
                0x000000000800a2ca                nvm3_objHdrGetKey
 .text.nvm3_objHdrGetHdrIsLarge
                0x000000000800a2d2       0x10 build/debug/sdk/platform/emdrv/nvm3/src/nvm3_object.o
                0x000000000800a2d2                nvm3_objHdrGetHdrIsLarge
 .text.nvm3_objHdrGetHdrLen
                0x000000000800a2e2        0xe build/debug/sdk/platform/emdrv/nvm3/src/nvm3_object.o
                0x000000000800a2e2                nvm3_objHdrGetHdrLen
 .text.nvm3_objHdrGetDatLen
                0x000000000800a2f0       0x1e build/debug/sdk/platform/emdrv/nvm3/src/nvm3_object.o
                0x000000000800a2f0                nvm3_objHdrGetDatLen
 .text.nvm3_objHdrGetType
                0x000000000800a30e        0x8 build/debug/sdk/platform/emdrv/nvm3/src/nvm3_object.o
                0x000000000800a30e                nvm3_objHdrGetType
 .text.nvm3_objGroupToType
                0x000000000800a316       0x1a build/debug/sdk/platform/emdrv/nvm3/src/nvm3_object.o
                0x000000000800a316                nvm3_objGroupToType
 .text.nvm3_pageSetBad
                0x000000000800a330       0x26 build/debug/sdk/platform/emdrv/nvm3/src/nvm3_page.o
                0x000000000800a330                nvm3_pageSetBad
 .text.nvm3_pageSetEip
                0x000000000800a356       0x3e build/debug/sdk/platform/emdrv/nvm3/src/nvm3_page.o
                0x000000000800a356                nvm3_pageSetEip
 .text.nvm3_pageGetEraseCnt
                0x000000000800a394       0x52 build/debug/sdk/platform/emdrv/nvm3/src/nvm3_page.o
                0x000000000800a394                nvm3_pageGetEraseCnt
 .text.nvm3_pageGetState
                0x000000000800a3e6       0x4a build/debug/sdk/platform/emdrv/nvm3/src/nvm3_page.o
                0x000000000800a3e6                nvm3_pageGetState
 .text.nvm3_pageStateIsGood
                0x000000000800a430        0xa build/debug/sdk/platform/emdrv/nvm3/src/nvm3_page.o
                0x000000000800a430                nvm3_pageStateIsGood
 .text.nvm3_pageStateIsInvalid
                0x000000000800a43a        0xc build/debug/sdk/platform/emdrv/nvm3/src/nvm3_page.o
                0x000000000800a43a                nvm3_pageStateIsInvalid
 .text.nvm3_pageGetFirstObj
                0x000000000800a446        0x4 build/debug/sdk/platform/emdrv/nvm3/src/nvm3_page.o
                0x000000000800a446                nvm3_pageGetFirstObj
 .text.nvm3_pageErase
                0x000000000800a44a       0x34 build/debug/sdk/platform/emdrv/nvm3/src/nvm3_page.o
                0x000000000800a44a                nvm3_pageErase
 .text.nvm3_utilsComputeBergerCode
                0x000000000800a47e       0x3c build/debug/sdk/platform/emdrv/nvm3/src/nvm3_utils.o
                0x000000000800a47e                nvm3_utilsComputeBergerCode
 .text.sl_se_init
                0x000000000800a4ba        0x4 build/debug/sdk/platform/security/sl_component/se_manager/src/sl_se_manager.o
                0x000000000800a4ba                sl_se_init
 .text.sl_se_deinit_command_context
                0x000000000800a4be        0xa build/debug/sdk/platform/security/sl_component/se_manager/src/sl_se_manager.o
                0x000000000800a4be                sl_se_deinit_command_context
 .text.sli_key_get_size
                0x000000000800a4c8       0x56 build/debug/sdk/platform/security/sl_component/se_manager/src/sl_se_manager_key_handling.o
                0x000000000800a4c8                sli_key_get_size
 .text.sli_key_get_storage_size
                0x000000000800a51e       0x72 build/debug/sdk/platform/security/sl_component/se_manager/src/sl_se_manager_key_handling.o
                0x000000000800a51e                sli_key_get_storage_size
 .text.sli_key_check_equivalent
                0x000000000800a590       0xb6 build/debug/sdk/platform/security/sl_component/se_manager/src/sl_se_manager_key_handling.o
                0x000000000800a590                sli_key_check_equivalent
 .text.sli_se_key_to_keyspec
                0x000000000800a646      0x1ce build/debug/sdk/platform/security/sl_component/se_manager/src/sl_se_manager_key_handling.o
                0x000000000800a646                sli_se_key_to_keyspec
 .text.sli_se_get_key_input_output
                0x000000000800a814       0x54 build/debug/sdk/platform/security/sl_component/se_manager/src/sl_se_manager_key_handling.o
                0x000000000800a814                sli_se_get_key_input_output
 .text.sl_se_generate_key
                0x000000000800a868       0xea build/debug/sdk/platform/security/sl_component/se_manager/src/sl_se_manager_key_handling.o
                0x000000000800a868                sl_se_generate_key
 .text.sl_se_import_key
                0x000000000800a952       0x90 build/debug/sdk/platform/security/sl_component/se_manager/src/sl_se_manager_key_handling.o
                0x000000000800a952                sl_se_import_key
 .text.sl_se_export_key
                0x000000000800a9e2       0x90 build/debug/sdk/platform/security/sl_component/se_manager/src/sl_se_manager_key_handling.o
                0x000000000800a9e2                sl_se_export_key
 .text.sli_se_mailbox_command_add_input
                0x000000000800aa72       0x14 build/debug/sdk/platform/security/sl_component/se_manager/src/sli_se_manager_mailbox.o
                0x000000000800aa72                sli_se_mailbox_command_add_input
 .text.sli_psa_key_is_unconditionally_copyable
                0x000000000800aa86       0x10 build/debug/sdk/platform/security/sl_component/sl_mbedtls_support/src/sli_psa_crypto.o
                0x000000000800aa86                sli_psa_key_is_unconditionally_copyable
 .text.psa_extend_key_usage_flags
                0x000000000800aa96       0x1a build/debug/sdk/platform/security/sl_component/sl_psa_driver/src/sl_psa_its_nvm3.o
 .text.object_lives_in_s
                0x000000000800aab0       0x24 build/debug/sdk/platform/security/sl_component/sl_psa_driver/src/sl_psa_its_nvm3.o
 .text.psa_its_get_info
                0x000000000800aad4       0x48 build/debug/sdk/platform/security/sl_component/sl_psa_driver/src/sl_psa_its_nvm3.o
                0x000000000800aad4                psa_its_get_info
 .text.sli_psa_its_encrypted
                0x000000000800ab1c        0x4 build/debug/sdk/platform/security/sl_component/sl_psa_driver/src/sl_psa_its_nvm3.o
                0x000000000800ab1c                sli_psa_its_encrypted
 .text.sli_se_transparent_driver_init
                0x000000000800ab20       0x12 build/debug/sdk/platform/security/sl_component/sl_psa_driver/src/sli_psa_driver_init.o
                0x000000000800ab20                sli_se_transparent_driver_init
 .text.sli_se_opaque_driver_init
                0x000000000800ab32        0x4 build/debug/sdk/platform/security/sl_component/sl_psa_driver/src/sli_psa_driver_init.o
                0x000000000800ab32                sli_se_opaque_driver_init
 .text.mbedtls_psa_external_get_random
                0x000000000800ab36       0x38 build/debug/sdk/platform/security/sl_component/sl_psa_driver/src/sli_psa_trng.o