Archive member included to satisfy reference by file (symbol)

/home/ermenal/.silabs/slt/installs/conan/p/gcc-a442105b5c2637/p/bin/../lib/gcc/arm-none-eabi/12.2.1/thumb/v8-m.main+fp/hard/libgcc.a(cmse.o)
                              build/debug/sdk/platform/security/sl_component/sl_trustzone/src/sli_tz_iovec_check.o (cmse_check_address_range)
/home/ermenal/.silabs/slt/installs/conan/p/gcc-a442105b5c2637/p/bin/../lib/gcc/arm-none-eabi/12.2.1/thumb/v8-m.main+fp/hard/libgcc.a(cmse_nonsecure_call.o)
                              build/debug/sdk/platform/security/sl_component/sl_trustzone/src/sli_tz_secure_main.o (__gnu_cmse_nonsecure_call)
/home/ermenal/.silabs/slt/installs/conan/p/gcc-a442105b5c2637/p/bin/../lib/gcc/arm-none-eabi/12.2.1/../../../../arm-none-eabi/lib/thumb/v8-m.main+fp/hard/libc_nano.a(libc_a-exit.o)
                              /home/ermenal/.silabs/slt/installs/conan/p/gcc-a442105b5c2637/p/bin/../lib/gcc/arm-none-eabi/12.2.1/../../../../arm-none-eabi/lib/thumb/v8-m.main+fp/hard/crt0.o (exit)
/home/ermenal/.silabs/slt/installs/conan/p/gcc-a442105b5c2637/p/bin/../lib/gcc/arm-none-eabi/12.2.1/../../../../arm-none-eabi/lib/thumb/v8-m.main+fp/hard/libc_nano.a(libc_a-init.o)
                              /home/ermenal/.silabs/slt/installs/conan/p/gcc-a442105b5c2637/p/bin/../lib/gcc/arm-none-eabi/12.2.1/../../../../arm-none-eabi/lib/thumb/v8-m.main+fp/hard/crt0.o (__libc_init_array)
/home/ermenal/.silabs/slt/installs/conan/p/gcc-a442105b5c2637/p/bin/../lib/gcc/arm-none-eabi/12.2.1/../../../../arm-none-eabi/lib/thumb/v8-m.main+fp/hard/libc_nano.a(libc_a-strcmp.o)
                              build/debug/sdk/util/third_party/mbedtls/library/cipher.o (strcmp)
/home/ermenal/.silabs/slt/installs/conan/p/gcc-a442105b5c2637/p/bin/../lib/gcc/arm-none-eabi/12.2.1/../../../../arm-none-eabi/lib/thumb/v8-m.main+fp/hard/libc_nano.a(libc_a-memcpy-stub.o)
                              build/debug/sdk/platform/bootloader/api/btl_interface_storage.o (memcpy)
/home/ermenal/.silabs/slt/installs/conan/p/gcc-a442105b5c2637/p/bin/../lib/gcc/arm-none-eabi/12.2.1/../../../../arm-none-eabi/lib/thumb/v8-m.main+fp/hard/libc_nano.a(libc_a-findfp.o)
                              /home/ermenal/.silabs/slt/installs/conan/p/gcc-a442105b5c2637/p/bin/../lib/gcc/arm-none-eabi/12.2.1/../../../../arm-none-eabi/lib/thumb/v8-m.main+fp/hard/libc_nano.a(libc_a-exit.o) (__stdio_exit_handler)
/home/ermenal/.silabs/slt/installs/conan/p/gcc-a442105b5c2637/p/bin/../lib/gcc/arm-none-eabi/12.2.1/../../../../arm-none-eabi/lib/thumb/v8-m.main+fp/hard/libc_nano.a(libc_a-strlen.o)
                              build/debug/sdk/platform/security/sl_component/se_manager/src/sl_se_manager_key_derivation.o (strlen)
/home/ermenal/.silabs/slt/installs/conan/p/gcc-a442105b5c2637/p/bin/../lib/gcc/arm-none-eabi/12.2.1/../../../../arm-none-eabi/lib/thumb/v8-m.main+fp/hard/libc_nano.a(libc_a-stdio.o)
                              /home/ermenal/.silabs/slt/installs/conan/p/gcc-a442105b5c2637/p/bin/../lib/gcc/arm-none-eabi/12.2.1/../../../../arm-none-eabi/lib/thumb/v8-m.main+fp/hard/libc_nano.a(libc_a-findfp.o) (__sread)
/home/ermenal/.silabs/slt/installs/conan/p/gcc-a442105b5c2637/p/bin/../lib/gcc/arm-none-eabi/12.2.1/../../../../arm-none-eabi/lib/thumb/v8-m.main+fp/hard/libc_nano.a(libc_a-writer.o)
                              /home/ermenal/.silabs/slt/installs/conan/p/gcc-a442105b5c2637/p/bin/../lib/gcc/arm-none-eabi/12.2.1/../../../../arm-none-eabi/lib/thumb/v8-m.main+fp/hard/libc_nano.a(libc_a-stdio.o) (_write_r)
/home/ermenal/.silabs/slt/installs/conan/p/gcc-a442105b5c2637/p/bin/../lib/gcc/arm-none-eabi/12.2.1/../../../../arm-none-eabi/lib/thumb/v8-m.main+fp/hard/libc_nano.a(libc_a-fwalk.o)
                              /home/ermenal/.silabs/slt/installs/conan/p/gcc-a442105b5c2637/p/bin/../lib/gcc/arm-none-eabi/12.2.1/../../../../arm-none-eabi/lib/thumb/v8-m.main+fp/hard/libc_nano.a(libc_a-findfp.o) (_fwalk_sglue)
/home/ermenal/.silabs/slt/installs/conan/p/gcc-a442105b5c2637/p/bin/../lib/gcc/arm-none-eabi/12.2.1/../../../../arm-none-eabi/lib/thumb/v8-m.main+fp/hard/libc_nano.a(libc_a-memcmp.o)
                              build/debug/sdk/platform/emdrv/nvm3/src/nvm3.o (memcmp)
/home/ermenal/.silabs/slt/installs/conan/p/gcc-a442105b5c2637/p/bin/../lib/gcc/arm-none-eabi/12.2.1/../../../../arm-none-eabi/lib/thumb/v8-m.main+fp/hard/libc_nano.a(libc_a-memmove.o)
                              build/debug/sdk/platform/security/sl_component/sl_psa_driver/src/sli_se_driver_aead.o (memmove)
/home/ermenal/.silabs/slt/installs/conan/p/gcc-a442105b5c2637/p/bin/../lib/gcc/arm-none-eabi/12.2.1/../../../../arm-none-eabi/lib/thumb/v8-m.main+fp/hard/libc_nano.a(libc_a-memset.o)
                              /home/ermenal/.silabs/slt/installs/conan/p/gcc-a442105b5c2637/p/bin/../lib/gcc/arm-none-eabi/12.2.1/../../../../arm-none-eabi/lib/thumb/v8-m.main+fp/hard/crt0.o (memset)
[...]
Memory Configuration

Name             Origin             Length             Attributes
FLASH            0x0000000008000000 0x000000000002c000 xr
RAM              0x0000000020000004 0x0000000000002ffc xrw
BOOTLOADER_RESET_REGION 0x0000000020000000 0x0000000000000004 xrw
*default*        0x0000000000000000 0xffffffffffffffff

Linker script and memory map

LOAD /home/ermenal/.silabs/slt/installs/conan/p/gcc-a442105b5c2637/p/bin/../lib/gcc/arm-none-eabi/12.2.1/thumb/v8-m.main+fp/hard/crti.o
LOAD /home/ermenal/.silabs/slt/installs/conan/p/gcc-a442105b5c2637/p/bin/../lib/gcc/arm-none-eabi/12.2.1/thumb/v8-m.main+fp/hard/crtbegin.o
LOAD /home/ermenal/.silabs/slt/installs/conan/p/gcc-a442105b5c2637/p/bin/../lib/gcc/arm-none-eabi/12.2.1/../../../../arm-none-eabi/lib/thumb/v8-m.main+fp/hard/crt0.o
LOAD build/debug/sdk/platform/bootloader/api/btl_interface.o
LOAD build/debug/sdk/platform/bootloader/api/btl_interface_nsc.o
LOAD build/debug/sdk/platform/bootloader/api/btl_interface_storage.o
LOAD build/debug/sdk/platform/bootloader/app_properties/app_properties.o
LOAD build/debug/sdk/platform/bootloader/core/flash/btl_internal_flash.o
LOAD build/debug/sdk/platform/common/src/sl_assert.o
LOAD build/debug/sdk/platform/common/src/sl_core_cortexm.o
LOAD build/debug/sdk/platform/common/src/sl_syscalls.o
LOAD build/debug/sdk/platform/Device/SiliconLabs/EFR32FG23/Source/startup_efr32fg23.o
LOAD build/debug/sdk/platform/Device/SiliconLabs/EFR32FG23/Source/system_efr32fg23.o
LOAD build/debug/sdk/platform/emdrv/nvm3/src/nvm3.o
LOAD build/debug/sdk/platform/emdrv/nvm3/src/nvm3_cache.o
LOAD build/debug/sdk/platform/emdrv/nvm3/src/nvm3_hal_flash.o
LOAD build/debug/sdk/platform/emdrv/nvm3/src/nvm3_lock.o
LOAD build/debug/sdk/platform/emdrv/nvm3/src/nvm3_object.o
LOAD build/debug/sdk/platform/emdrv/nvm3/src/nvm3_page.o
LOAD build/debug/sdk/platform/emdrv/nvm3/src/nvm3_utils.o
LOAD build/debug/sdk/platform/emlib/src/em_cmu.o
LOAD build/debug/sdk/platform/emlib/src/em_emu.o
LOAD build/debug/sdk/platform/emlib/src/em_gpio.o
LOAD build/debug/sdk/platform/emlib/src/em_msc.o
LOAD build/debug/sdk/platform/emlib/src/em_system.o
LOAD build/debug/sdk/platform/security/sl_component/se_manager/src/sl_se_manager.o
LOAD build/debug/sdk/platform/security/sl_component/se_manager/src/sl_se_manager_attestation.o
LOAD build/debug/sdk/platform/security/sl_component/se_manager/src/sl_se_manager_cipher.o
LOAD build/debug/sdk/platform/security/sl_component/se_manager/src/sl_se_manager_entropy.o
LOAD build/debug/sdk/platform/security/sl_component/se_manager/src/sl_se_manager_hash.o
LOAD build/debug/sdk/platform/security/sl_component/se_manager/src/sl_se_manager_key_derivation.o
LOAD build/debug/sdk/platform/security/sl_component/se_manager/src/sl_se_manager_key_handling.o
LOAD build/debug/sdk/platform/security/sl_component/se_manager/src/sl_se_manager_signature.o
LOAD build/debug/sdk/platform/security/sl_component/se_manager/src/sl_se_manager_util.o
LOAD build/debug/sdk/platform/security/sl_component/se_manager/src/sli_se_manager_mailbox.o
LOAD build/debug/sdk/platform/security/sl_component/sl_mbedtls_support/src/mbedtls_ccm.o
LOAD build/debug/sdk/platform/security/sl_component/sl_mbedtls_support/src/mbedtls_cmac.o
LOAD build/debug/sdk/platform/security/sl_component/sl_mbedtls_support/src/mbedtls_ecdsa_ecdh.o
LOAD build/debug/sdk/platform/security/sl_component/sl_mbedtls_support/src/mbedtls_sha.o
LOAD build/debug/sdk/platform/security/sl_component/sl_mbedtls_support/src/se_aes.o
LOAD build/debug/sdk/platform/security/sl_component/sl_mbedtls_support/src/se_gcm.o
LOAD build/debug/sdk/platform/security/sl_component/sl_mbedtls_support/src/se_jpake.o
LOAD build/debug/sdk/platform/security/sl_component/sl_mbedtls_support/src/sl_entropy_hardware.o
LOAD build/debug/sdk/platform/security/sl_component/sl_mbedtls_support/src/sl_mbedtls.o
LOAD build/debug/sdk/platform/security/sl_component/sl_mbedtls_support/src/sl_psa_crypto.o
LOAD build/debug/sdk/platform/security/sl_component/sl_mbedtls_support/src/sli_psa_crypto.o
LOAD build/debug/sdk/platform/security/sl_component/sl_protocol_crypto/src/sli_protocol_crypto_radioaes.o
LOAD build/debug/sdk/platform/security/sl_component/sl_protocol_crypto/src/sli_radioaes_management.o
LOAD build/debug/sdk/platform/security/sl_component/sl_psa_driver/src/sl_psa_its_nvm3.o
LOAD build/debug/sdk/platform/security/sl_component/sl_psa_driver/src/sli_psa_driver_common.o
LOAD build/debug/sdk/platform/security/sl_component/sl_psa_driver/src/sli_psa_driver_init.o
LOAD build/debug/sdk/platform/security/sl_component/sl_psa_driver/src/sli_psa_trng.o
LOAD build/debug/sdk/platform/security/sl_component/sl_psa_driver/src/sli_se_driver_aead.o
LOAD build/debug/sdk/platform/security/sl_component/sl_psa_driver/src/sli_se_driver_builtin_keys.o
LOAD build/debug/sdk/platform/security/sl_component/sl_psa_driver/src/sli_se_driver_cipher.o
LOAD build/debug/sdk/platform/security/sl_component/sl_psa_driver/src/sli_se_driver_key_derivation.o
LOAD build/debug/sdk/platform/security/sl_component/sl_psa_driver/src/sli_se_driver_key_management.o
LOAD build/debug/sdk/platform/security/sl_component/sl_psa_driver/src/sli_se_driver_mac.o
LOAD build/debug/sdk/platform/security/sl_component/sl_psa_driver/src/sli_se_driver_signature.o
LOAD build/debug/sdk/platform/security/sl_component/sl_psa_driver/src/sli_se_opaque_driver_aead.o
LOAD build/debug/sdk/platform/security/sl_component/sl_psa_driver/src/sli_se_opaque_driver_cipher.o
LOAD build/debug/sdk/platform/security/sl_component/sl_psa_driver/src/sli_se_opaque_driver_mac.o
LOAD build/debug/sdk/platform/security/sl_component/sl_psa_driver/src/sli_se_opaque_key_derivation.o
LOAD build/debug/sdk/platform/security/sl_component/sl_psa_driver/src/sli_se_transparent_driver_aead.o
LOAD build/debug/sdk/platform/security/sl_component/sl_psa_driver/src/sli_se_transparent_driver_cipher.o
LOAD build/debug/sdk/platform/security/sl_component/sl_psa_driver/src/sli_se_transparent_driver_hash.o
LOAD build/debug/sdk/platform/security/sl_component/sl_psa_driver/src/sli_se_transparent_driver_mac.o
LOAD build/debug/sdk/platform/security/sl_component/sl_psa_driver/src/sli_se_transparent_key_derivation.o
LOAD build/debug/sdk/platform/security/sl_component/sl_psa_driver/src/sli_se_version_dependencies.o
LOAD build/debug/sdk/platform/security/sl_component/sl_trustzone/src/sli_tz_iovec_check.o
LOAD build/debug/sdk/platform/security/sl_component/sl_trustzone/src/sli_tz_s_interface.o
LOAD build/debug/sdk/platform/security/sl_component/sl_trustzone/src/sli_tz_secure_main.o
LOAD build/debug/sdk/platform/security/sl_component/sl_trustzone/src/sli_tz_service_attestation.o
LOAD build/debug/sdk/platform/security/sl_component/sl_trustzone/src/sli_tz_service_its_s.o
LOAD build/debug/sdk/platform/security/sl_component/sl_trustzone/src/sli_tz_service_msc_s.o
LOAD build/debug/sdk/platform/security/sl_component/sl_trustzone/src/sli_tz_service_nvm3_s.o
LOAD build/debug/sdk/platform/security/sl_component/sl_trustzone/src/sli_tz_service_se_manager_s.o
LOAD build/debug/sdk/platform/security/sl_component/sl_trustzone/src/sli_tz_service_syscfg_s.o
LOAD build/debug/sdk/platform/service/memory_manager/src/sl_memory_manager.o
LOAD build/debug/sdk/platform/service/memory_manager/src/sl_memory_manager_dynamic_reservation.o
LOAD build/debug/sdk/platform/service/memory_manager/src/sl_memory_manager_pool.o
LOAD build/debug/sdk/platform/service/memory_manager/src/sl_memory_manager_pool_common.o
LOAD build/debug/sdk/platform/service/memory_manager/src/sl_memory_manager_region.o
LOAD build/debug/sdk/platform/service/memory_manager/src/sl_memory_manager_retarget.o
LOAD build/debug/sdk/platform/service/memory_manager/src/sli_memory_manager_common.o
LOAD build/debug/sdk/platform/service/mpu/src/sl_mpu_s2.o
LOAD build/debug/sdk/util/third_party/mbedtls/library/aes.o
LOAD build/debug/sdk/util/third_party/mbedtls/library/asn1parse.o
LOAD build/debug/sdk/util/third_party/mbedtls/library/asn1write.o
LOAD build/debug/sdk/util/third_party/mbedtls/library/bignum.o
LOAD build/debug/sdk/util/third_party/mbedtls/library/bignum_core.o
LOAD build/debug/sdk/util/third_party/mbedtls/library/bignum_mod.o
LOAD build/debug/sdk/util/third_party/mbedtls/library/bignum_mod_raw.o
LOAD build/debug/sdk/util/third_party/mbedtls/library/block_cipher.o
LOAD build/debug/sdk/util/third_party/mbedtls/library/ccm.o
LOAD build/debug/sdk/util/third_party/mbedtls/library/chacha20.o
LOAD build/debug/sdk/util/third_party/mbedtls/library/chachapoly.o
LOAD build/debug/sdk/util/third_party/mbedtls/library/cipher.o
LOAD build/debug/sdk/util/third_party/mbedtls/library/cipher_wrap.o
LOAD build/debug/sdk/util/third_party/mbedtls/library/cmac.o
LOAD build/debug/sdk/util/third_party/mbedtls/library/constant_time.o
LOAD build/debug/sdk/util/third_party/mbedtls/library/ctr_drbg.o
LOAD build/debug/sdk/util/third_party/mbedtls/library/ecdh.o
LOAD build/debug/sdk/util/third_party/mbedtls/library/ecdsa.o
LOAD build/debug/sdk/util/third_party/mbedtls/library/ecjpake.o
LOAD build/debug/sdk/util/third_party/mbedtls/library/ecp.o
LOAD build/debug/sdk/util/third_party/mbedtls/library/ecp_curves.o
LOAD build/debug/sdk/util/third_party/mbedtls/library/ecp_curves_new.o
LOAD build/debug/sdk/util/third_party/mbedtls/library/entropy.o
LOAD build/debug/sdk/util/third_party/mbedtls/library/entropy_poll.o
LOAD build/debug/sdk/util/third_party/mbedtls/library/gcm.o
LOAD build/debug/sdk/util/third_party/mbedtls/library/hkdf.o
LOAD build/debug/sdk/util/third_party/mbedtls/library/hmac_drbg.o
LOAD build/debug/sdk/util/third_party/mbedtls/library/md.o
LOAD build/debug/sdk/util/third_party/mbedtls/library/md5.o
LOAD build/debug/sdk/util/third_party/mbedtls/library/platform.o
LOAD build/debug/sdk/util/third_party/mbedtls/library/platform_util.o
LOAD build/debug/sdk/util/third_party/mbedtls/library/poly1305.o
LOAD build/debug/sdk/util/third_party/mbedtls/library/psa_crypto.o
LOAD build/debug/sdk/util/third_party/mbedtls/library/psa_crypto_aead.o
LOAD build/debug/sdk/util/third_party/mbedtls/library/psa_crypto_cipher.o
LOAD build/debug/sdk/util/third_party/mbedtls/library/psa_crypto_client.o
LOAD build/debug/sdk/util/third_party/mbedtls/library/psa_crypto_driver_wrappers_no_static.o
LOAD build/debug/sdk/util/third_party/mbedtls/library/psa_crypto_ecp.o
LOAD build/debug/sdk/util/third_party/mbedtls/library/psa_crypto_ffdh.o
LOAD build/debug/sdk/util/third_party/mbedtls/library/psa_crypto_hash.o
LOAD build/debug/sdk/util/third_party/mbedtls/library/psa_crypto_mac.o
LOAD build/debug/sdk/util/third_party/mbedtls/library/psa_crypto_pake.o
LOAD build/debug/sdk/util/third_party/mbedtls/library/psa_crypto_rsa.o
LOAD build/debug/sdk/util/third_party/mbedtls/library/psa_crypto_se.o
LOAD build/debug/sdk/util/third_party/mbedtls/library/psa_crypto_slot_management.o
LOAD build/debug/sdk/util/third_party/mbedtls/library/psa_crypto_storage.o
LOAD build/debug/sdk/util/third_party/mbedtls/library/psa_util.o
LOAD build/debug/sdk/util/third_party/mbedtls/library/sha1.o
LOAD build/debug/sdk/util/third_party/mbedtls/library/sha256.o
LOAD build/debug/sdk/util/third_party/mbedtls/library/sha512.o
LOAD build/debug/sdk/util/third_party/mbedtls/library/threading.o
LOAD build/debug/sdk/util/third_party/trusted-firmware-m/lib/fih/src/fih.o
LOAD build/debug/sdk/util/third_party/trusted-firmware-m/platform/ext/target/siliconlabs/hse/sli_se.o
LOAD build/debug/sdk/util/third_party/trusted-firmware-m/secure_fw/partitions/crypto/crypto_aead.o
LOAD build/debug/sdk/util/third_party/trusted-firmware-m/secure_fw/partitions/crypto/crypto_alloc.o
LOAD build/debug/sdk/util/third_party/trusted-firmware-m/secure_fw/partitions/crypto/crypto_asymmetric.o
LOAD build/debug/sdk/util/third_party/trusted-firmware-m/secure_fw/partitions/crypto/crypto_cipher.o
LOAD build/debug/sdk/util/third_party/trusted-firmware-m/secure_fw/partitions/crypto/crypto_hash.o
LOAD build/debug/sdk/util/third_party/trusted-firmware-m/secure_fw/partitions/crypto/crypto_init_sl.o
LOAD build/debug/sdk/util/third_party/trusted-firmware-m/secure_fw/partitions/crypto/crypto_key.o
LOAD build/debug/sdk/util/third_party/trusted-firmware-m/secure_fw/partitions/crypto/crypto_key_derivation.o
LOAD build/debug/sdk/util/third_party/trusted-firmware-m/secure_fw/partitions/crypto/crypto_key_management.o
LOAD build/debug/sdk/util/third_party/trusted-firmware-m/secure_fw/partitions/crypto/crypto_mac.o
LOAD build/debug/sdk/util/third_party/trusted-firmware-m/secure_fw/partitions/crypto/crypto_pake.o
LOAD build/debug/sdk/util/third_party/trusted-firmware-m/secure_fw/partitions/crypto/crypto_rng.o
START GROUP
LOAD /home/ermenal/.silabs/slt/installs/conan/p/gcc-a442105b5c2637/p/bin/../lib/gcc/arm-none-eabi/12.2.1/thumb/v8-m.main+fp/hard/libgcc.a
LOAD /home/ermenal/.silabs/slt/installs/conan/p/gcc-a442105b5c2637/p/bin/../lib/gcc/arm-none-eabi/12.2.1/../../../../arm-none-eabi/lib/thumb/v8-m.main+fp/hard/libc_nano.a
LOAD /home/ermenal/.silabs/slt/installs/conan/p/gcc-a442105b5c2637/p/bin/../lib/gcc/arm-none-eabi/12.2.1/../../../../arm-none-eabi/lib/thumb/v8-m.main+fp/hard/libm.a
LOAD /home/ermenal/.silabs/slt/installs/conan/p/gcc-a442105b5c2637/p/bin/../lib/gcc/arm-none-eabi/12.2.1/../../../../arm-none-eabi/lib/thumb/v8-m.main+fp/hard/libnosys.a
END GROUP
START GROUP
LOAD /home/ermenal/.silabs/slt/installs/conan/p/gcc-a442105b5c2637/p/bin/../lib/gcc/arm-none-eabi/12.2.1/thumb/v8-m.main+fp/hard/libgcc.a
LOAD /home/ermenal/.silabs/slt/installs/conan/p/gcc-a442105b5c2637/p/bin/../lib/gcc/arm-none-eabi/12.2.1/../../../../arm-none-eabi/lib/thumb/v8-m.main+fp/hard/libc_nano.a
END GROUP
START GROUP
LOAD /home/ermenal/.silabs/slt/installs/conan/p/gcc-a442105b5c2637/p/bin/../lib/gcc/arm-none-eabi/12.2.1/thumb/v8-m.main+fp/hard/libgcc.a
LOAD /home/ermenal/.silabs/slt/installs/conan/p/gcc-a442105b5c2637/p/bin/../lib/gcc/arm-none-eabi/12.2.1/../../../../arm-none-eabi/lib/thumb/v8-m.main+fp/hard/libc_nano.a
END GROUP
LOAD /home/ermenal/.silabs/slt/installs/conan/p/gcc-a442105b5c2637/p/bin/../lib/gcc/arm-none-eabi/12.2.1/thumb/v8-m.main+fp/hard/crtend.o
LOAD /home/ermenal/.silabs/slt/installs/conan/p/gcc-a442105b5c2637/p/bin/../lib/gcc/arm-none-eabi/12.2.1/thumb/v8-m.main+fp/hard/crtn.o

.vectors        0x0000000008000000      0x170
                0x0000000008000000                linker_vectors_begin = .
 *(.vectors)
 .vectors       0x0000000008000000      0x170 build/debug/sdk/platform/Device/SiliconLabs/EFR32FG23/Source/startup_efr32fg23.o
                0x0000000008000000                __Vectors
                0x0000000008000170                linker_vectors_end = .
                0x0000000008000170                __Vectors_End = .
                0x0000000008000170                __Vectors_Size = (__Vectors_End - __Vectors)

.bootloader_reset_section
                0x0000000020000000        0x4
                0x0000000020000000                __ResetReasonStart__ = .
                0x0000000020000004                . = (. + 0x4)
 *fill*         0x0000000020000000        0x4 
                0x0000000020000004                . = ALIGN (0x4)
                0x0000000020000004                __ResetReasonEnd__ = .

.stack          0x0000000020000008      0xc00
                0x0000000020000008                . = ALIGN (0x8)
                0x0000000020000008                __StackLimit = .
 *(.stack*)
 .stack         0x0000000020000008      0xc00 build/debug/sdk/platform/service/memory_manager/src/sl_memory_manager_region.o
                0x0000000020000c08                . = ALIGN (0x4)
                0x0000000020000c08                __StackTop = .
                0x0000000020000c08                PROVIDE (__stack = __StackTop)

.stackseal      0x0000000020000c08        0x8
                0x0000000020000c08                __StackSeal = .
                0x0000000020000c10                . = (. + 0x8)
 *fill*         0x0000000020000c08        0x8 
                0x0000000020000c10                . = ALIGN (0x8)

.bss            0x0000000020000c10      0x7b0
                0x0000000020000c10                . = ALIGN (0x4)
                0x0000000020000c10                __bss_start__ = .
 *(SORT_BY_ALIGNMENT(.bss*))
 .bss.g_cached_session_key
                0x0000000020000c10       0x20 build/debug/sdk/platform/security/sl_component/sl_psa_driver/src/sl_psa_its_nvm3.o
 .bss.nvm3_defaultHandleData
                0x0000000020000c30       0x68 build/debug/sdk/platform/security/sl_component/sl_trustzone/src/sli_tz_service_nvm3_s.o
                0x0000000020000c30                nvm3_defaultHandleData
 .bss.operation
                0x0000000020000c98      0x1d0 build/debug/sdk/util/third_party/trusted-firmware-m/secure_fw/partitions/crypto/crypto_alloc.o
 .bss.object.0  0x0000000020000e68       0x18 /home/ermenal/.silabs/slt/installs/conan/p/gcc-a442105b5c2637/p/bin/../lib/gcc/arm-none-eabi/12.2.1/thumb/v8-m.main+fp/hard/crtbegin.o
 .bss.blPPUSATDnCLKENnState
                0x0000000020000e80       0x20 build/debug/sdk/platform/bootloader/api/btl_interface.o
 .bss.irqState  0x0000000020000ea0        0x4 build/debug/sdk/platform/bootloader/api/btl_interface.o
 .bss.context_buffer
                0x0000000020000ea4      0x2c1 build/debug/sdk/platform/bootloader/api/btl_interface_nsc.o
 *fill*         0x0000000020001165        0x3 
 .bss.blPPUSATDnCLKENnState
                0x0000000020001168       0x20 build/debug/sdk/platform/bootloader/api/btl_interface_storage.o
 .bss.instanceCnt
                0x0000000020001188        0x4 build/debug/sdk/platform/emdrv/nvm3/src/nvm3.o
 .bss.cfgEraseCnt
                0x000000002000118c        0x4 build/debug/sdk/platform/emdrv/nvm3/src/nvm3.o
 .bss.nvm3_internalObjectHandleD
                0x0000000020001190       0x2c build/debug/sdk/platform/emdrv/nvm3/src/nvm3_lock.o
                0x0000000020001190                nvm3_internalObjectHandleD
 .bss.nvm3_internalObjectHandleC
                0x00000000200011bc       0x2c build/debug/sdk/platform/emdrv/nvm3/src/nvm3_lock.o
                0x00000000200011bc                nvm3_internalObjectHandleC
 .bss.nvm3_internalObjectHandleB
                0x00000000200011e8       0x2c build/debug/sdk/platform/emdrv/nvm3/src/nvm3_lock.o
                0x00000000200011e8                nvm3_internalObjectHandleB
 .bss.nvm3_internalObjectHandleA
                0x0000000020001214       0x2c build/debug/sdk/platform/emdrv/nvm3/src/nvm3_lock.o
                0x0000000020001214                nvm3_internalObjectHandleA
 .bss.irqState  0x0000000020001240        0x4 build/debug/sdk/platform/emdrv/nvm3/src/nvm3_lock.o
                0x0000000020001240                irqState
 .bss.nvm3_uid_tomb_cache
                0x0000000020001244       0x14 build/debug/sdk/platform/security/sl_component/sl_psa_driver/src/sl_psa_its_nvm3.o
 .bss.nvm3_uid_set_cache
                0x0000000020001258       0x14 build/debug/sdk/platform/security/sl_component/sl_psa_driver/src/sl_psa_its_nvm3.o
 .bss.sli_tz_nvm3_caches
                0x000000002000126c       0x14 build/debug/sdk/platform/security/sl_component/sl_trustzone/src/sli_tz_service_nvm3_s.o
                0x000000002000126c                sli_tz_nvm3_caches
 .bss.sli_general_purpose_heap
                0x0000000020001280       0x28 build/debug/sdk/platform/service/memory_manager/src/sl_memory_manager.o
                0x0000000020001280                sli_general_purpose_heap
 .bss.region_nbr
                0x00000000200012a8        0x4 build/debug/sdk/platform/service/mpu/src/sl_mpu_s2.o
 .bss.global_data
                0x00000000200012ac        0xc build/debug/sdk/util/third_party/mbedtls/library/psa_crypto.o
 .bss.global_data
                0x00000000200012b8       0xf4 build/debug/sdk/util/third_party/mbedtls/library/psa_crypto_slot_management.o
 .bss.__stdio_exit_handler
                0x00000000200013ac        0x4 /home/ermenal/.silabs/slt/installs/conan/p/gcc-a442105b5c2637/p/bin/../lib/gcc/arm-none-eabi/12.2.1/../../../../arm-none-eabi/lib/thumb/v8-m.main+fp/hard/libc_nano.a(libc_a-findfp.o)
                0x00000000200013ac                __stdio_exit_handler
 .bss.completed.1
                0x00000000200013b0        0x1 /home/ermenal/.silabs/slt/installs/conan/p/gcc-a442105b5c2637/p/bin/../lib/gcc/arm-none-eabi/12.2.1/thumb/v8-m.main+fp/hard/crtbegin.o
 .bss.bootloader_InitState
                0x00000000200013b1        0x1 build/debug/sdk/platform/bootloader/api/btl_interface.o
 .bss.bootloader_ppusatdConfigstate
                0x00000000200013b2        0x1 build/debug/sdk/platform/bootloader/api/btl_interface.o
 .bss.mpu_enabled
                0x00000000200013b3        0x1 build/debug/sdk/platform/bootloader/api/btl_interface_nsc.o
 .bss.nvm3_uid_set_cache_initialized
                0x00000000200013b4        0x1 build/debug/sdk/platform/security/sl_component/sl_psa_driver/src/sl_psa_its_nvm3.o
 *(COMMON)
                0x00000000200013c0                . = ALIGN (0x20)
 *fill*         0x00000000200013b5        0xb 
                0x00000000200013c0                __bss_end__ = .

.noinit
 *(.noinit*)

text_application_ram
                0x00000000200013c0      0x1c0 load address 0x0000000008000180
                0x00000000200013c0                . = ALIGN (0x20)
                0x00000000200013c0                __vma_ramfuncs_start__ = .
                0x00000000200013c0                __text_application_ram_start__ = .
 *(text_application_ram)
 text_application_ram
                0x00000000200013c0      0x1ac build/debug/sdk/platform/emlib/src/em_msc.o
                0x00000000200013c0                mscStatusWait
                0x0000000020001414                MSC_MassErase
                0x0000000020001450                MSC_ErasePage
                0x00000000200014a0                writeBurst
                0x00000000200014f4                MSC_WriteWord
                0x0000000020001580                . = ALIGN (0x20)
 *fill*         0x000000002000156c       0x14 
                0x0000000020001580                __vma_ramfuncs_end__ = .
                0x0000000020001580                __text_application_ram_end__ = .
                0x0000000008000180                __lma_ramfuncs_start__ = LOADADDR (text_application_ram)
                0x0000000008000340                __lma_ramfuncs_end__ = (LOADADDR (text_application_ram) + SIZEOF (text_application_ram))

.rodata         0x0000000008000340        0x0
                0x0000000008000340                __rodata_end__ = .

.text           0x0000000008000340     0xf1a4
                0x0000000008000340                linker_code_begin = .
 *(SORT_BY_ALIGNMENT(.text*))
 .text.Reset_Handler
                0x0000000008000340       0x88 build/debug/sdk/platform/Device/SiliconLabs/EFR32FG23/Source/startup_efr32fg23.o
                0x0000000008000340                Reset_Handler
 .text.deregister_tm_clones
                0x00000000080003c8       0x1c /home/ermenal/.silabs/slt/installs/conan/p/gcc-a442105b5c2637/p/bin/../lib/gcc/arm-none-eabi/12.2.1/thumb/v8-m.main+fp/hard/crtbegin.o
 .text.register_tm_clones
                0x00000000080003e4       0x28 /home/ermenal/.silabs/slt/installs/conan/p/gcc-a442105b5c2637/p/bin/../lib/gcc/arm-none-eabi/12.2.1/thumb/v8-m.main+fp/hard/crtbegin.o
 .text.__do_global_dtors_aux
                0x000000000800040c       0x28 /home/ermenal/.silabs/slt/installs/conan/p/gcc-a442105b5c2637/p/bin/../lib/gcc/arm-none-eabi/12.2.1/thumb/v8-m.main+fp/hard/crtbegin.o
 .text.frame_dummy
                0x0000000008000434       0x24 /home/ermenal/.silabs/slt/installs/conan/p/gcc-a442105b5c2637/p/bin/../lib/gcc/arm-none-eabi/12.2.1/thumb/v8-m.main+fp/hard/crtbegin.o
 .text          0x0000000008000458       0x7c /home/ermenal/.silabs/slt/installs/conan/p/gcc-a442105b5c2637/p/bin/../lib/gcc/arm-none-eabi/12.2.1/../../../../arm-none-eabi/lib/thumb/v8-m.main+fp/hard/crt0.o
                0x0000000008000458                _stack_init
                0x0000000008000460                _mainCRTStartup
                0x0000000008000460                _start
 .text.bootloader_getInfo
                0x00000000080004d4       0x30 build/debug/sdk/platform/bootloader/api/btl_interface.o
                0x00000000080004d4                bootloader_getInfo
 .text.bootloader_getResetReason
                0x0000000008000504       0x1c build/debug/sdk/platform/bootloader/api/btl_interface.o
                0x0000000008000504                bootloader_getResetReason
 .text.bootloader_rebootAndInstall
                0x0000000008000520       0x30 build/debug/sdk/platform/bootloader/api/btl_interface.o
                0x0000000008000520                bootloader_rebootAndInstall
 .text.bootloader_ppusatdnSaveReconfigureState
                0x0000000008000550       0xc4 build/debug/sdk/platform/bootloader/api/btl_interface.o
                0x0000000008000550                bootloader_ppusatdnSaveReconfigureState
 .text.bootloader_ppusatdnRestoreState
                0x0000000008000614       0x8c build/debug/sdk/platform/bootloader/api/btl_interface.o
                0x0000000008000614                bootloader_ppusatdnRestoreState
 .text.bootloader_init
                0x00000000080006a0       0x6c build/debug/sdk/platform/bootloader/api/btl_interface.o
                0x00000000080006a0                bootloader_init
 .text.bootloader_deinit
                0x000000000800070c       0x58 build/debug/sdk/platform/bootloader/api/btl_interface.o
                0x000000000800070c                bootloader_deinit
 .text.bootloader_initParser
                0x0000000008000764       0x3c build/debug/sdk/platform/bootloader/api/btl_interface.o
                0x0000000008000764                bootloader_initParser
 .text.bootloader_parseImageInfo
                0x00000000080007a0       0x78 build/debug/sdk/platform/bootloader/api/btl_interface.o
                0x00000000080007a0                bootloader_parseImageInfo
 .text.bootloader_verifyApplication
                0x0000000008000818       0x38 build/debug/sdk/platform/bootloader/api/btl_interface.o
                0x0000000008000818                bootloader_verifyApplication
 .text.disable_mpu
                0x0000000008000850       0x3c build/debug/sdk/platform/bootloader/api/btl_interface_nsc.o
 .text.bl_fatal_assert_action
                0x000000000800088c       0x30 build/debug/sdk/platform/bootloader/api/btl_interface_nsc.o
 .text.enable_mpu
                0x00000000080008bc       0x2c build/debug/sdk/platform/bootloader/api/btl_interface_nsc.o
 .text.bl_assert_tz_iovecs_in_ns.isra.0
                0x00000000080008e8       0x1c build/debug/sdk/platform/bootloader/api/btl_interface_nsc.o
 .text.bootloader_nsc_parseImageInfo
                0x0000000008000904       0xf0 build/debug/sdk/platform/bootloader/api/btl_interface_nsc.o
                0x0000000008000904                __acle_se_bootloader_nsc_parseImageInfo
 .text.bootloader_nsc_initVerifyImage
                0x00000000080009f4       0x84 build/debug/sdk/platform/bootloader/api/btl_interface_nsc.o
                0x00000000080009f4                __acle_se_bootloader_nsc_initVerifyImage
 .text.bootloader_nsc_continueVerifyImage
                0x0000000008000a78       0x80 build/debug/sdk/platform/bootloader/api/btl_interface_nsc.o
                0x0000000008000a78                __acle_se_bootloader_nsc_continueVerifyImage
 .text.verifyAddressRange
                0x0000000008000af8       0x28 build/debug/sdk/platform/bootloader/api/btl_interface_storage.o
 .text.bootloader_getStorageInfo
                0x0000000008000b20       0x40 build/debug/sdk/platform/bootloader/api/btl_interface_storage.o
                0x0000000008000b20                bootloader_getStorageInfo
 .text.bootloader_setImageToBootload
                0x0000000008000b60       0x4c build/debug/sdk/platform/bootloader/api/btl_interface_storage.o
                0x0000000008000b60                bootloader_setImageToBootload
 .text.bootloader_setImagesToBootload
                0x0000000008000bac       0x4c build/debug/sdk/platform/bootloader/api/btl_interface_storage.o
                0x0000000008000bac                bootloader_setImagesToBootload
 .text.bootloader_getImagesToBootload
                0x0000000008000bf8       0x4c build/debug/sdk/platform/bootloader/api/btl_interface_storage.o
                0x0000000008000bf8                bootloader_getImagesToBootload
 .text.bootloader_appendImageToBootloadList
                0x0000000008000c44       0x48 build/debug/sdk/platform/bootloader/api/btl_interface_storage.o
                0x0000000008000c44                bootloader_appendImageToBootloadList
 .text.bootloader_initVerifyImage
                0x0000000008000c8c       0x48 build/debug/sdk/platform/bootloader/api/btl_interface_storage.o
                0x0000000008000c8c                bootloader_initVerifyImage
 .text.bootloader_continueVerifyImage
                0x0000000008000cd4       0x4c build/debug/sdk/platform/bootloader/api/btl_interface_storage.o
                0x0000000008000cd4                bootloader_continueVerifyImage
 .text.bootloader_getImageInfo
                0x0000000008000d20       0x6c build/debug/sdk/platform/bootloader/api/btl_interface_storage.o
                0x0000000008000d20                bootloader_getImageInfo
 .text.bootloader_storageIsBusy
                0x0000000008000d8c       0x40 build/debug/sdk/platform/bootloader/api/btl_interface_storage.o
                0x0000000008000d8c                bootloader_storageIsBusy
 .text.bootloader_readRawStorage
                0x0000000008000dcc       0x80 build/debug/sdk/platform/bootloader/api/btl_interface_storage.o
                0x0000000008000dcc                bootloader_readRawStorage
 .text.bootloader_readStorage
                0x0000000008000e4c       0xac build/debug/sdk/platform/bootloader/api/btl_interface_storage.o
                0x0000000008000e4c                bootloader_readStorage
 .text.bootloader_writeRawStorage
                0x0000000008000ef8       0x98 build/debug/sdk/platform/bootloader/api/btl_interface_storage.o
                0x0000000008000ef8                bootloader_writeRawStorage
 .text.bootloader_writeStorage
                0x0000000008000f90       0xac build/debug/sdk/platform/bootloader/api/btl_interface_storage.o
                0x0000000008000f90                bootloader_writeStorage
 .text.bootloader_eraseRawStorage
                0x000000000800103c       0x9c build/debug/sdk/platform/bootloader/api/btl_interface_storage.o
                0x000000000800103c                bootloader_eraseRawStorage
 .text.bootloader_eraseStorageSlot
                0x00000000080010d8       0x7c build/debug/sdk/platform/bootloader/api/btl_interface_storage.o
                0x00000000080010d8                bootloader_eraseStorageSlot
 .text.flash_erasePage
                0x0000000008001154       0x1c build/debug/sdk/platform/bootloader/core/flash/btl_internal_flash.o
                0x0000000008001154                flash_erasePage
 .text.flash_writeBuffer
                0x0000000008001170       0x2c build/debug/sdk/platform/bootloader/core/flash/btl_internal_flash.o
                0x0000000008001170                flash_writeBuffer
 .text.CopyToRam
                0x000000000800119c       0x1c build/debug/sdk/platform/Device/SiliconLabs/EFR32FG23/Source/startup_efr32fg23.o
                0x000000000800119c                CopyToRam
 .text.SystemInit
                0x00000000080011b8       0x1c build/debug/sdk/platform/Device/SiliconLabs/EFR32FG23/Source/system_efr32fg23.o
                0x00000000080011b8                SystemInit
 .text.validateObjFragments
                0x00000000080011d4      0x244 build/debug/sdk/platform/emdrv/nvm3/src/nvm3.o
 .text.findObj  0x0000000008001418      0x154 build/debug/sdk/platform/emdrv/nvm3/src/nvm3.o
 .text.fifoScan
                0x000000000800156c       0x78 build/debug/sdk/platform/emdrv/nvm3/src/nvm3.o
 .text.initialize
                0x00000000080015e4      0x298 build/debug/sdk/platform/emdrv/nvm3/src/nvm3.o
 .text.repackWorker
                0x000000000800187c      0x154 build/debug/sdk/platform/emdrv/nvm3/src/nvm3.o
 .text.enumScanFifoCallback
                0x00000000080019d0       0x6c build/debug/sdk/platform/emdrv/nvm3/src/nvm3.o
 .text.fifoReadObj.constprop.0
                0x0000000008001a3c      0x164 build/debug/sdk/platform/emdrv/nvm3/src/nvm3.o
 .text.enumObjects
                0x0000000008001ba0       0x78 build/debug/sdk/platform/emdrv/nvm3/src/nvm3.o
 .text.counterIncFldSet.constprop.0
                0x0000000008001c18       0x60 build/debug/sdk/platform/emdrv/nvm3/src/nvm3.o
 .text.fifoWriteObj
                0x0000000008001c78      0x454 build/debug/sdk/platform/emdrv/nvm3/src/nvm3.o
 .text.repackFirstPageCallback
                0x00000000080020cc       0x84 build/debug/sdk/platform/emdrv/nvm3/src/nvm3.o
 .text.repackFirstPageScanCacheCallback
                0x0000000008002150       0xb4 build/debug/sdk/platform/emdrv/nvm3/src/nvm3.o
 .text.nvm3_open
                0x0000000008002204      0x19c build/debug/sdk/platform/emdrv/nvm3/src/nvm3.o
                0x0000000008002204                nvm3_open
 .text.nvm3_close
                0x00000000080023a0       0x30 build/debug/sdk/platform/emdrv/nvm3/src/nvm3.o
                0x00000000080023a0                nvm3_close
 .text.nvm3_readData
                0x00000000080023d0       0x80 build/debug/sdk/platform/emdrv/nvm3/src/nvm3.o
                0x00000000080023d0                nvm3_readData
 .text.nvm3_readPartialData
                0x0000000008002450       0x8c build/debug/sdk/platform/emdrv/nvm3/src/nvm3.o
                0x0000000008002450                nvm3_readPartialData
 .text.nvm3_readCounter
                0x00000000080024dc       0x68 build/debug/sdk/platform/emdrv/nvm3/src/nvm3.o
                0x00000000080024dc                nvm3_readCounter
 .text.nvm3_getObjectInfo
                0x0000000008002544       0x78 build/debug/sdk/platform/emdrv/nvm3/src/nvm3.o
                0x0000000008002544                nvm3_getObjectInfo
 .text.getMemInfo
                0x00000000080025bc       0x64 build/debug/sdk/platform/emdrv/nvm3/src/nvm3.o
 .text.fifoWriteWrapper
                0x0000000008002620       0xc0 build/debug/sdk/platform/emdrv/nvm3/src/nvm3.o
 .text.nvm3_writeData
                0x00000000080026e0       0x88 build/debug/sdk/platform/emdrv/nvm3/src/nvm3.o
                0x00000000080026e0                nvm3_writeData
 .text.fifoUpdateCounter.constprop.0
                0x0000000008002768      0x170 build/debug/sdk/platform/emdrv/nvm3/src/nvm3.o
 .text.nvm3_writeCounter
                0x00000000080028d8       0x88 build/debug/sdk/platform/emdrv/nvm3/src/nvm3.o
                0x00000000080028d8                nvm3_writeCounter
 .text.nvm3_incrementCounter
                0x0000000008002960       0x78 build/debug/sdk/platform/emdrv/nvm3/src/nvm3.o
                0x0000000008002960                nvm3_incrementCounter
 .text.nvm3_deleteObject
                0x00000000080029d8       0x68 build/debug/sdk/platform/emdrv/nvm3/src/nvm3.o
                0x00000000080029d8                nvm3_deleteObject
 .text.nvm3_setEraseCount
                0x0000000008002a40        0xc build/debug/sdk/platform/emdrv/nvm3/src/nvm3.o
                0x0000000008002a40                nvm3_setEraseCount
 .text.nvm3_cacheSet
                0x0000000008002a4c       0x9c build/debug/sdk/platform/emdrv/nvm3/src/nvm3_cache.o
                0x0000000008002a4c                nvm3_cacheSet
 .text.nvm3_cacheScan
                0x0000000008002ae8       0x44 build/debug/sdk/platform/emdrv/nvm3/src/nvm3_cache.o
                0x0000000008002ae8                nvm3_cacheScan
 .text.nvm3_lockBegin
                0x0000000008002b2c       0x10 build/debug/sdk/platform/emdrv/nvm3/src/nvm3_lock.o
                0x0000000008002b2c                nvm3_lockBegin
 .text.nvm3_lockEnd
                0x0000000008002b3c        0xc build/debug/sdk/platform/emdrv/nvm3/src/nvm3_lock.o
                0x0000000008002b3c                nvm3_lockEnd
 .text.nvm3_objHdrInit
                0x0000000008002b48       0x94 build/debug/sdk/platform/emdrv/nvm3/src/nvm3_object.o
                0x0000000008002b48                nvm3_objHdrInit
 .text.nvm3_objInit
                0x0000000008002bdc       0x2c build/debug/sdk/platform/emdrv/nvm3/src/nvm3_object.o
                0x0000000008002bdc                nvm3_objInit
 .text.nvm3_objTypeToGroup
                0x0000000008002c08       0x14 build/debug/sdk/platform/emdrv/nvm3/src/nvm3_object.o
                0x0000000008002c08                nvm3_objTypeToGroup
 .text.nvm3_pageHeaderWrite
                0x0000000008002c1c       0xe8 build/debug/sdk/platform/emdrv/nvm3/src/nvm3_page.o
                0x0000000008002c1c                nvm3_pageHeaderWrite
 .text.CMU_ClockEnable
                0x0000000008002d04       0x34 build/debug/sdk/platform/emlib/src/em_cmu.o
                0x0000000008002d04                CMU_ClockEnable
 .text.MSC_Init
                0x0000000008002d38       0x24 build/debug/sdk/platform/emlib/src/em_msc.o
                0x0000000008002d38                MSC_Init
 .text.MSC_Deinit
                0x0000000008002d5c       0x28 build/debug/sdk/platform/emlib/src/em_msc.o
                0x0000000008002d5c                MSC_Deinit
 .text.SYSTEM_ChipRevisionGet
                0x0000000008002d84       0x28 build/debug/sdk/platform/emlib/src/em_system.o
                0x0000000008002d84                SYSTEM_ChipRevisionGet
 .text.SYSTEM_GetFlashPageSize
                0x0000000008002dac       0x14 build/debug/sdk/platform/emlib/src/em_system.o
                0x0000000008002dac                SYSTEM_GetFlashPageSize
 .text.sl_se_aes_crypt_ecb
                0x0000000008002dc0       0xb0 build/debug/sdk/platform/security/sl_component/se_manager/src/sl_se_manager_cipher.o
                0x0000000008002dc0                sl_se_aes_crypt_ecb
 .text.sl_se_cmac
                0x0000000008002e70       0xbc build/debug/sdk/platform/security/sl_component/se_manager/src/sl_se_manager_cipher.o
                0x0000000008002e70                sl_se_cmac
 .text.sl_se_cmac_multipart_finish
                0x0000000008002f2c      0x108 build/debug/sdk/platform/security/sl_component/se_manager/src/sl_se_manager_cipher.o
                0x0000000008002f2c                sl_se_cmac_multipart_finish
 .text.sl_se_cmac_multipart_update
                0x0000000008003034      0x188 build/debug/sdk/platform/security/sl_component/se_manager/src/sl_se_manager_cipher.o
                0x0000000008003034                sl_se_cmac_multipart_update
 .text.sl_se_gcm_crypt_and_tag
                0x00000000080031bc      0x280 build/debug/sdk/platform/security/sl_component/se_manager/src/sl_se_manager_cipher.o
                0x00000000080031bc                sl_se_gcm_crypt_and_tag
 .text.sl_se_gcm_auth_decrypt
                0x000000000800343c      0x174 build/debug/sdk/platform/security/sl_component/se_manager/src/sl_se_manager_cipher.o
                0x000000000800343c                sl_se_gcm_auth_decrypt
 .text.sl_se_gcm_multipart_starts
                0x00000000080035b0      0x144 build/debug/sdk/platform/security/sl_component/se_manager/src/sl_se_manager_cipher.o
                0x00000000080035b0                sl_se_gcm_multipart_starts
 .text.sl_se_gcm_multipart_update
                0x00000000080036f4      0x344 build/debug/sdk/platform/security/sl_component/se_manager/src/sl_se_manager_cipher.o
                0x00000000080036f4                sl_se_gcm_multipart_update
 .text.sl_se_gcm_multipart_finish
                0x0000000008003a38      0x25c build/debug/sdk/platform/security/sl_component/se_manager/src/sl_se_manager_cipher.o
                0x0000000008003a38                sl_se_gcm_multipart_finish
 .text.sl_se_get_random
                0x0000000008003c94       0xd4 build/debug/sdk/platform/security/sl_component/se_manager/src/sl_se_manager_entropy.o
                0x0000000008003c94                sl_se_get_random
 .text.sl_se_ecdh_compute_shared_secret
                0x0000000008003d68      0x148 build/debug/sdk/platform/security/sl_component/se_manager/src/sl_se_manager_key_derivation.o
                0x0000000008003d68                sl_se_ecdh_compute_shared_secret
 .text.sli_se_get_auth_buffer
                0x0000000008003eb0       0x34 build/debug/sdk/platform/security/sl_component/se_manager/src/sl_se_manager_key_handling.o
                0x0000000008003eb0                sli_se_get_auth_buffer
 .text.sl_se_export_public_key
                0x0000000008003ee4       0xd4 build/debug/sdk/platform/security/sl_component/se_manager/src/sl_se_manager_key_handling.o
                0x0000000008003ee4                sl_se_export_public_key
 .text.set_cache
                0x0000000008003fb8       0x40 build/debug/sdk/platform/security/sl_component/sl_psa_driver/src/sl_psa_its_nvm3.o
 .text.derive_session_key.constprop.0
                0x0000000008003ff8       0xdc build/debug/sdk/platform/security/sl_component/sl_psa_driver/src/sl_psa_its_nvm3.o
 .text.sli_decrypt_its_file
                0x00000000080040d4      0x180 build/debug/sdk/platform/security/sl_component/sl_psa_driver/src/sl_psa_its_nvm3.o
 .text.set_tomb
                0x0000000008004254       0x54 build/debug/sdk/platform/security/sl_component/sl_psa_driver/src/sl_psa_its_nvm3.o
 .text.find_nvm3_id
                0x00000000080042a8      0x31c build/debug/sdk/platform/security/sl_component/sl_psa_driver/src/sl_psa_its_nvm3.o
 .text.sli_encrypt_its_file
                0x00000000080045c4      0x190 build/debug/sdk/platform/security/sl_component/sl_psa_driver/src/sl_psa_its_nvm3.o
                0x00000000080045c4                sli_encrypt_its_file
 .text.psa_its_set
                0x0000000008004754      0x10c build/debug/sdk/platform/security/sl_component/sl_psa_driver/src/sl_psa_its_nvm3.o
                0x0000000008004754                psa_its_set
 .text.psa_its_get
                0x0000000008004860      0x140 build/debug/sdk/platform/security/sl_component/sl_psa_driver/src/sl_psa_its_nvm3.o
                0x0000000008004860                psa_its_get
 .text.psa_its_remove
                0x00000000080049a0       0x94 build/debug/sdk/platform/security/sl_component/sl_psa_driver/src/sl_psa_its_nvm3.o
                0x00000000080049a0                psa_its_remove
 .text.aead_start
                0x0000000008004a34       0x7c build/debug/sdk/platform/security/sl_component/sl_psa_driver/src/sli_se_driver_aead.o
 .text.check_aead_parameters.constprop.0
                0x0000000008004ab0       0x94 build/debug/sdk/platform/security/sl_component/sl_psa_driver/src/sli_se_driver_aead.o
 .text.sli_se_driver_aead_encrypt_tag
                0x0000000008004b44      0x190 build/debug/sdk/platform/security/sl_component/sl_psa_driver/src/sli_se_driver_aead.o
                0x0000000008004b44                sli_se_driver_aead_encrypt_tag
 .text.sli_se_driver_aead_decrypt_tag
                0x0000000008004cd4      0x114 build/debug/sdk/platform/security/sl_component/sl_psa_driver/src/sli_se_driver_aead.o
                0x0000000008004cd4                sli_se_driver_aead_decrypt_tag
 .text.sli_se_driver_aead_encrypt_decrypt_setup
                0x0000000008004de8       0xe0 build/debug/sdk/platform/security/sl_component/sl_psa_driver/src/sli_se_driver_aead.o
                0x0000000008004de8                sli_se_driver_aead_encrypt_decrypt_setup
 .text.sli_se_driver_aead_set_nonce
                0x0000000008004ec8       0x48 build/debug/sdk/platform/security/sl_component/sl_psa_driver/src/sli_se_driver_aead.o
                0x0000000008004ec8                sli_se_driver_aead_set_nonce
 .text.sli_se_driver_aead_set_lengths
                0x0000000008004f10       0x50 build/debug/sdk/platform/security/sl_component/sl_psa_driver/src/sli_se_driver_aead.o
                0x0000000008004f10                sli_se_driver_aead_set_lengths
 .text.sli_se_driver_aead_update
                0x0000000008004f60       0xac build/debug/sdk/platform/security/sl_component/sl_psa_driver/src/sli_se_driver_aead.o
                0x0000000008004f60                sli_se_driver_aead_update
 .text.sli_se_driver_aead_finish
                0x000000000800500c       0xf0 build/debug/sdk/platform/security/sl_component/sl_psa_driver/src/sli_se_driver_aead.o
                0x000000000800500c                sli_se_driver_aead_finish
 .text.sli_se_driver_aead_verify
                0x00000000080050fc      0x114 build/debug/sdk/platform/security/sl_component/sl_psa_driver/src/sli_se_driver_aead.o
                0x00000000080050fc                sli_se_driver_aead_verify
 .text.sli_se_opaque_get_builtin_key
                0x0000000008005210       0xbc build/debug/sdk/platform/security/sl_component/sl_psa_driver/src/sli_se_driver_builtin_keys.o
                0x0000000008005210                sli_se_opaque_get_builtin_key
 .text.mbedtls_psa_platform_get_builtin_key
                0x00000000080052cc       0x48 build/debug/sdk/platform/security/sl_component/sl_psa_driver/src/sli_se_driver_builtin_keys.o
                0x00000000080052cc                mbedtls_psa_platform_get_builtin_key
 .text.sli_se_driver_key_agreement
                0x0000000008005314      0x1a4 build/debug/sdk/platform/security/sl_component/sl_psa_driver/src/sli_se_driver_key_derivation.o
                0x0000000008005314                sli_se_driver_key_agreement
 .text.sli_se_driver_validate_ecc_key
                0x00000000080054b8      0x224 build/debug/sdk/platform/security/sl_component/sl_psa_driver/src/sli_se_driver_key_management.o
 .text.sli_se_key_desc_from_psa_attributes
                0x00000000080056dc      0x13c build/debug/sdk/platform/security/sl_component/sl_psa_driver/src/sli_se_driver_key_management.o
                0x00000000080056dc                sli_se_key_desc_from_psa_attributes
 .text.sli_se_key_desc_from_input
                0x0000000008005818      0x228 build/debug/sdk/platform/security/sl_component/sl_psa_driver/src/sli_se_driver_key_management.o
                0x0000000008005818                sli_se_key_desc_from_input
 .text.sli_se_driver_mac_compute
                0x0000000008005a40       0xc8 build/debug/sdk/platform/security/sl_component/sl_psa_driver/src/sli_se_driver_mac.o
                0x0000000008005a40                sli_se_driver_mac_compute
 .text.sli_se_driver_mac_sign_setup
                0x0000000008005b08       0x48 build/debug/sdk/platform/security/sl_component/sl_psa_driver/src/sli_se_driver_mac.o
                0x0000000008005b08                sli_se_driver_mac_sign_setup
 .text.sli_se_driver_mac_update
                0x0000000008005b50       0x8c build/debug/sdk/platform/security/sl_component/sl_psa_driver/src/sli_se_driver_mac.o
                0x0000000008005b50                sli_se_driver_mac_update
 .text.sli_se_driver_mac_sign_finish
                0x0000000008005bdc       0xc4 build/debug/sdk/platform/security/sl_component/sl_psa_driver/src/sli_se_driver_mac.o
                0x0000000008005bdc                sli_se_driver_mac_sign_finish
 .text.sli_se_opaque_mac_sign_setup
                0x0000000008005ca0       0x78 build/debug/sdk/platform/security/sl_component/sl_psa_driver/src/sli_se_opaque_driver_mac.o
                0x0000000008005ca0                sli_se_opaque_mac_sign_setup
 .text.sli_se_transparent_driver_symmetric_key_from_context
                0x0000000008005d18       0x44 build/debug/sdk/platform/security/sl_component/sl_psa_driver/src/sli_se_transparent_driver_mac.o
 .text.sli_tz_iovecs_live_in_ns
                0x0000000008005d5c       0xe8 build/debug/sdk/platform/security/sl_component/sl_trustzone/src/sli_tz_iovec_check.o
                0x0000000008005d5c                sli_tz_iovecs_live_in_ns
 .text.sli_tz_nvm3_init_struct_points_to_ns
                0x0000000008005e44       0x18 build/debug/sdk/platform/security/sl_component/sl_trustzone/src/sli_tz_iovec_check.o
                0x0000000008005e44                sli_tz_nvm3_init_struct_points_to_ns
 .text.sli_tz_nvm3_handle_struct_points_to_ns
                0x0000000008005e5c       0x58 build/debug/sdk/platform/security/sl_component/sl_trustzone/src/sli_tz_iovec_check.o
                0x0000000008005e5c                sli_tz_nvm3_handle_struct_points_to_ns
 .text.sli_tz_s_interface_dispatch_crypto
                0x0000000008005eb4       0xd8 build/debug/sdk/platform/security/sl_component/sl_trustzone/src/sli_tz_s_interface.o
                0x0000000008005eb4                __acle_se_sli_tz_s_interface_dispatch_crypto
 .text.sli_tz_s_interface_dispatch_nvm3
                0x0000000008005f8c      0x180 build/debug/sdk/platform/security/sl_component/sl_trustzone/src/sli_tz_s_interface.o
                0x0000000008005f8c                __acle_se_sli_tz_s_interface_dispatch_nvm3
 .text.sli_tz_s_interface_dispatch_its
                0x000000000800610c       0xc0 build/debug/sdk/platform/security/sl_component/sl_trustzone/src/sli_tz_s_interface.o
                0x000000000800610c                __acle_se_sli_tz_s_interface_dispatch_its
 .text.sli_tz_s_interface_dispatch_simple
                0x00000000080061cc       0x88 build/debug/sdk/platform/security/sl_component/sl_trustzone/src/sli_tz_s_interface.o
                0x00000000080061cc                __acle_se_sli_tz_s_interface_dispatch_simple
 .text.sli_tz_s_interface_dispatch_simple_no_args
                0x0000000008006254       0x84 build/debug/sdk/platform/security/sl_component/sl_trustzone/src/sli_tz_s_interface.o
                0x0000000008006254                __acle_se_sli_tz_s_interface_dispatch_simple_no_args
 .text.__NVIC_SystemReset
                0x00000000080062d8       0x24 build/debug/sdk/platform/security/sl_component/sl_trustzone/src/sli_tz_secure_main.o
 .text.configure_sau_region
                0x00000000080062fc       0x34 build/debug/sdk/platform/security/sl_component/sl_trustzone/src/sli_tz_secure_main.o
 .text.prioritise_secure_exceptions
                0x0000000008006330       0x2c build/debug/sdk/platform/security/sl_component/sl_trustzone/src/sli_tz_secure_main.o
 .text.enable_fault_exceptions
                0x000000000800635c       0x1c build/debug/sdk/platform/security/sl_component/sl_trustzone/src/sli_tz_secure_main.o
 .text.enable_ns_fpu
                0x0000000008006378       0x20 build/debug/sdk/platform/security/sl_component/sl_trustzone/src/sli_tz_secure_main.o
 .text.enable_page_locks
                0x0000000008006398       0x38 build/debug/sdk/platform/security/sl_component/sl_trustzone/src/sli_tz_secure_main.o
 .text.check_se_version
                0x00000000080063d0       0x3c build/debug/sdk/platform/security/sl_component/sl_trustzone/src/sli_tz_secure_main.o
 .text.configure_sau
                0x000000000800640c       0x84 build/debug/sdk/platform/security/sl_component/sl_trustzone/src/sli_tz_secure_main.o
 .text.configure_mpu
                0x0000000008006490       0x74 build/debug/sdk/platform/security/sl_component/sl_trustzone/src/sli_tz_secure_main.o
 .text.configure_smu
                0x0000000008006504       0xc4 build/debug/sdk/platform/security/sl_component/sl_trustzone/src/sli_tz_secure_main.o
 .text.configure_interrupt_target_states
                0x00000000080065c8       0x40 build/debug/sdk/platform/security/sl_component/sl_trustzone/src/sli_tz_secure_main.o
 .text.start_ns_app
                0x0000000008006608       0x84 build/debug/sdk/platform/security/sl_component/sl_trustzone/src/sli_tz_secure_main.o
                0x0000000008006608                start_ns_app
 .text.sli_tz_msc_get_locked
                0x000000000800668c       0x10 build/debug/sdk/platform/security/sl_component/sl_trustzone/src/sli_tz_service_msc_s.o
                0x000000000800668c                sli_tz_msc_get_locked
 .text.sli_tz_msc_set_locked
                0x000000000800669c        0xc build/debug/sdk/platform/security/sl_component/sl_trustzone/src/sli_tz_service_msc_s.o
                0x000000000800669c                sli_tz_msc_set_locked
 .text.sli_tz_msc_set_unlocked
                0x00000000080066a8       0x10 build/debug/sdk/platform/security/sl_component/sl_trustzone/src/sli_tz_service_msc_s.o
                0x00000000080066a8                sli_tz_msc_set_unlocked
 .text.sli_tz_msc_get_readctrl
                0x00000000080066b8        0xc build/debug/sdk/platform/security/sl_component/sl_trustzone/src/sli_tz_service_msc_s.o
                0x00000000080066b8                sli_tz_msc_get_readctrl
 .text.sli_tz_msc_set_readctrl
                0x00000000080066c4        0xc build/debug/sdk/platform/security/sl_component/sl_trustzone/src/sli_tz_service_msc_s.o
                0x00000000080066c4                sli_tz_msc_set_readctrl
 .text.sli_tz_msc_set_pagelock
                0x00000000080066d0       0x20 build/debug/sdk/platform/security/sl_component/sl_trustzone/src/sli_tz_service_msc_s.o
                0x00000000080066d0                sli_tz_msc_set_pagelock
 .text.sli_tz_msc_get_pagelock
                0x00000000080066f0       0x20 build/debug/sdk/platform/security/sl_component/sl_trustzone/src/sli_tz_service_msc_s.o
                0x00000000080066f0                sli_tz_msc_get_pagelock
 .text.sli_tz_msc_get_userdata_size
                0x0000000008006710        0xc build/debug/sdk/platform/security/sl_component/sl_trustzone/src/sli_tz_service_msc_s.o
                0x0000000008006710                sli_tz_msc_get_userdata_size
 .text.sli_tz_msc_get_misclockword
                0x000000000800671c        0xc build/debug/sdk/platform/security/sl_component/sl_trustzone/src/sli_tz_service_msc_s.o
                0x000000000800671c                sli_tz_msc_get_misclockword
 .text.sli_tz_msc_set_misclockword
                0x0000000008006728        0xc build/debug/sdk/platform/security/sl_component/sl_trustzone/src/sli_tz_service_msc_s.o
                0x0000000008006728                sli_tz_msc_set_misclockword
 .text.sli_tz_nvm3_init_default
                0x0000000008006734       0x84 build/debug/sdk/platform/security/sl_component/sl_trustzone/src/sli_tz_service_nvm3_s.o
                0x0000000008006734                sli_tz_nvm3_init_default
 .text.sli_tz_nvm3_deinit_default
                0x00000000080067b8       0x30 build/debug/sdk/platform/security/sl_component/sl_trustzone/src/sli_tz_service_nvm3_s.o
                0x00000000080067b8                sli_tz_nvm3_deinit_default
 .text.sli_tz_nvm3_open
                0x00000000080067e8       0xac build/debug/sdk/platform/security/sl_component/sl_trustzone/src/sli_tz_service_nvm3_s.o
                0x00000000080067e8                sli_tz_nvm3_open
 .text.sli_tz_nvm3_close
                0x0000000008006894       0x4c build/debug/sdk/platform/security/sl_component/sl_trustzone/src/sli_tz_service_nvm3_s.o
                0x0000000008006894                sli_tz_nvm3_close
 .text.sli_tz_syscfg_read_chiprev_register
                0x00000000080068e0       0x18 build/debug/sdk/platform/security/sl_component/sl_trustzone/src/sli_tz_service_syscfg_s.o
                0x00000000080068e0                sli_tz_syscfg_read_chiprev_register
 .text.sli_tz_syscfg_read_dmem0retnctrl_register
                0x00000000080068f8        0xc build/debug/sdk/platform/security/sl_component/sl_trustzone/src/sli_tz_service_syscfg_s.o
                0x00000000080068f8                sli_tz_syscfg_read_dmem0retnctrl_register
 .text.sli_tz_syscfg_mask_dmem0retnctrl_register
                0x0000000008006904       0x14 build/debug/sdk/platform/security/sl_component/sl_trustzone/src/sli_tz_service_syscfg_s.o
                0x0000000008006904                sli_tz_syscfg_mask_dmem0retnctrl_register
 .text.sli_tz_syscfg_zero_dmem0retnctrl_register
                0x0000000008006918       0x10 build/debug/sdk/platform/security/sl_component/sl_trustzone/src/sli_tz_service_syscfg_s.o
                0x0000000008006918                sli_tz_syscfg_zero_dmem0retnctrl_register
 .text.sli_tz_syscfg_set_systicextclken_cfgsystic
                0x0000000008006928       0x14 build/debug/sdk/platform/security/sl_component/sl_trustzone/src/sli_tz_service_syscfg_s.o
                0x0000000008006928                sli_tz_syscfg_set_systicextclken_cfgsystic
 .text.sli_tz_syscfg_clear_systicextclken_cfgsystic
                0x000000000800693c       0x14 build/debug/sdk/platform/security/sl_component/sl_trustzone/src/sli_tz_service_syscfg_s.o
                0x000000000800693c                sli_tz_syscfg_clear_systicextclken_cfgsystic
 .text.sl_memory_init
                0x0000000008006950       0x20 build/debug/sdk/platform/service/memory_manager/src/sl_memory_manager.o
                0x0000000008006950                sl_memory_init
 .text.sl_memory_calloc
                0x0000000008006970       0x1c build/debug/sdk/platform/service/memory_manager/src/sl_memory_manager.o
                0x0000000008006970                sl_memory_calloc
 .text.sl_memory_get_heap_region
                0x000000000800698c       0x14 build/debug/sdk/platform/service/memory_manager/src/sl_memory_manager_region.o
                0x000000000800698c                sl_memory_get_heap_region
 .text.sli_memory_get_heap_handle
                0x00000000080069a0        0x8 build/debug/sdk/platform/service/memory_manager/src/sli_memory_manager_common.o
                0x00000000080069a0                sli_memory_get_heap_handle
 .text.ARM_MPU_Disable
                0x00000000080069a8       0x28 build/debug/sdk/platform/service/mpu/src/sl_mpu_s2.o
 .text.sl_mpu_disable_execute
                0x00000000080069d0       0xf0 build/debug/sdk/platform/service/mpu/src/sl_mpu_s2.o
                0x00000000080069d0                sl_mpu_disable_execute
 .text.mbedtls_platform_zeroize
                0x0000000008006ac0       0x18 build/debug/sdk/util/third_party/mbedtls/library/platform_util.o
                0x0000000008006ac0                mbedtls_platform_zeroize
 .text.psa_mac_key_can_do
                0x0000000008006ad8       0x40 build/debug/sdk/util/third_party/mbedtls/library/psa_crypto.o
 .text.psa_key_policy_algorithm_intersection
                0x0000000008006b18      0x49c build/debug/sdk/util/third_party/mbedtls/library/psa_crypto.o
 .text.psa_key_algorithm_permits
                0x0000000008006fb4      0x270 build/debug/sdk/util/third_party/mbedtls/library/psa_crypto.o
 .text.psa_aead_get_base_algorithm
                0x0000000008007224       0x38 build/debug/sdk/util/third_party/mbedtls/library/psa_crypto.o
 .text.psa_aead_check_algorithm
                0x000000000800725c       0xa4 build/debug/sdk/util/third_party/mbedtls/library/psa_crypto.o
 .text.psa_generate_random_internal
                0x0000000008007300       0x3c build/debug/sdk/util/third_party/mbedtls/library/psa_crypto.o
 .text.psa_get_and_lock_key_slot_with_policy
                0x000000000800733c       0xdc build/debug/sdk/util/third_party/mbedtls/library/psa_crypto.o
 .text.psa_mac_finalize_alg_and_key_validation.isra.0
                0x0000000008007418      0x188 build/debug/sdk/util/third_party/mbedtls/library/psa_crypto.o
 .text.psa_mac_compute_internal
                0x00000000080075a0       0xe4 build/debug/sdk/util/third_party/mbedtls/library/psa_crypto.o
 .text.psa_mac_setup
                0x0000000008007684       0xe4 build/debug/sdk/util/third_party/mbedtls/library/psa_crypto.o
 .text.psa_aead_setup
                0x0000000008007768      0x1c0 build/debug/sdk/util/third_party/mbedtls/library/psa_crypto.o
 .text.psa_aead_set_nonce_internal
                0x0000000008007928       0x5c build/debug/sdk/util/third_party/mbedtls/library/psa_crypto.o
 .text.psa_generate_key
                0x0000000008007984       0x18 build/debug/sdk/util/third_party/mbedtls/library/psa_crypto.o
                0x0000000008007984                psa_generate_key
 .text.mbedtls_psa_crypto_free
                0x000000000800799c       0x50 build/debug/sdk/util/third_party/mbedtls/library/psa_crypto.o
                0x000000000800799c                mbedtls_psa_crypto_free
 .text.psa_crypto_init
                0x00000000080079ec       0x84 build/debug/sdk/util/third_party/mbedtls/library/psa_crypto.o
                0x00000000080079ec                psa_crypto_init
 .text.psa_key_derivation_key_agreement
                0x0000000008007a70       0xdc build/debug/sdk/util/third_party/mbedtls/library/psa_crypto.o
                0x0000000008007a70                psa_key_derivation_key_agreement
 .text.psa_aead_encrypt
                0x0000000008007b4c      0x1c8 build/debug/sdk/util/third_party/mbedtls/library/psa_crypto.o
                0x0000000008007b4c                psa_aead_encrypt
 .text.psa_aead_decrypt
                0x0000000008007d14      0x1c8 build/debug/sdk/util/third_party/mbedtls/library/psa_crypto.o
                0x0000000008007d14                psa_aead_decrypt
 .text.psa_key_derivation_output_key
                0x0000000008007edc       0x18 build/debug/sdk/util/third_party/mbedtls/library/psa_crypto.o
                0x0000000008007edc                psa_key_derivation_output_key
 .text.mbedtls_cipher_values_from_psa
                0x0000000008007ef4       0x2c build/debug/sdk/util/third_party/mbedtls/library/psa_crypto_cipher.o
                0x0000000008007ef4                mbedtls_cipher_values_from_psa
 .text.psa_get_and_lock_key_slot_in_memory
                0x0000000008007f20       0x6c build/debug/sdk/util/third_party/mbedtls/library/psa_crypto_slot_management.o
 .text.psa_initialize_key_slots
                0x0000000008007f8c       0x10 build/debug/sdk/util/third_party/mbedtls/library/psa_crypto_slot_management.o
                0x0000000008007f8c                psa_initialize_key_slots
 .text.psa_wipe_all_key_slots
                0x0000000008007f9c       0x34 build/debug/sdk/util/third_party/mbedtls/library/psa_crypto_slot_management.o
                0x0000000008007f9c                psa_wipe_all_key_slots
 .text.psa_reserve_free_key_slot
                0x0000000008007fd0       0x80 build/debug/sdk/util/third_party/mbedtls/library/psa_crypto_slot_management.o
                0x0000000008007fd0                psa_reserve_free_key_slot
 .text.psa_get_and_lock_key_slot
                0x0000000008008050      0x18c build/debug/sdk/util/third_party/mbedtls/library/psa_crypto_slot_management.o
                0x0000000008008050                psa_get_and_lock_key_slot
 .text.psa_format_key_data_for_storage
                0x00000000080081dc       0x3c build/debug/sdk/util/third_party/mbedtls/library/psa_crypto_storage.o
                0x00000000080081dc                psa_format_key_data_for_storage
 .text.psa_parse_key_data_from_storage
                0x0000000008008218       0x88 build/debug/sdk/util/third_party/mbedtls/library/psa_crypto_storage.o
                0x0000000008008218                psa_parse_key_data_from_storage
 .text.tfm_crypto_operation_alloc
                0x00000000080082a0       0x64 build/debug/sdk/util/third_party/trusted-firmware-m/secure_fw/partitions/crypto/crypto_alloc.o
                0x00000000080082a0                tfm_crypto_operation_alloc
 .text.tfm_crypto_operation_release
                0x0000000008008304       0x80 build/debug/sdk/util/third_party/trusted-firmware-m/secure_fw/partitions/crypto/crypto_alloc.o
                0x0000000008008304                tfm_crypto_operation_release
 .text.tfm_crypto_operation_lookup
                0x0000000008008384       0x4c build/debug/sdk/util/third_party/trusted-firmware-m/secure_fw/partitions/crypto/crypto_alloc.o
                0x0000000008008384                tfm_crypto_operation_lookup
 .text.tfm_crypto_get_caller_id
                0x00000000080083d0        0xc build/debug/sdk/util/third_party/trusted-firmware-m/secure_fw/partitions/crypto/crypto_init_sl.o
                0x00000000080083d0                tfm_crypto_get_caller_id
 .text.cmse_check_address_range
                0x00000000080083dc       0xe4 /home/ermenal/.silabs/slt/installs/conan/p/gcc-a442105b5c2637/p/bin/../lib/gcc/arm-none-eabi/12.2.1/thumb/v8-m.main+fp/hard/libgcc.a(cmse.o)
                0x00000000080083dc                cmse_check_address_range
 .text.exit     0x00000000080084c0       0x24 /home/ermenal/.silabs/slt/installs/conan/p/gcc-a442105b5c2637/p/bin/../lib/gcc/arm-none-eabi/12.2.1/../../../../arm-none-eabi/lib/thumb/v8-m.main+fp/hard/libc_nano.a(libc_a-exit.o)
                0x00000000080084c0                exit
 .text.__libc_init_array
                0x00000000080084e4       0x48 /home/ermenal/.silabs/slt/installs/conan/p/gcc-a442105b5c2637/p/bin/../lib/gcc/arm-none-eabi/12.2.1/../../../../arm-none-eabi/lib/thumb/v8-m.main+fp/hard/libc_nano.a(libc_a-init.o)
                0x00000000080084e4                __libc_init_array
 .text.bootloader_parserContextSize
                0x000000000800852c       0x48 build/debug/sdk/platform/bootloader/api/btl_interface.o
                0x000000000800852c                bootloader_parserContextSize
 .text.bootloader_secureBootEnforced
                0x0000000008008574       0x18 build/debug/sdk/platform/bootloader/api/btl_interface.o
                0x0000000008008574                bootloader_secureBootEnforced
 .text.bootloader_getUpgradeLocation
                0x000000000800858c       0x48 build/debug/sdk/platform/bootloader/api/btl_interface.o
                0x000000000800858c                bootloader_getUpgradeLocation
 .text.bootloader_remainingApplicationUpgrades
                0x00000000080085d4       0x3e build/debug/sdk/platform/bootloader/api/btl_interface.o
                0x00000000080085d4                bootloader_remainingApplicationUpgrades
 .text.bootloader_getCertificateVersion
                0x0000000008008612       0x2e build/debug/sdk/platform/bootloader/api/btl_interface.o
                0x0000000008008612                bootloader_getCertificateVersion
 .text.bootloader_getPeripheralList
                0x0000000008008640       0x38 build/debug/sdk/platform/bootloader/api/btl_interface.o
                0x0000000008008640                bootloader_getPeripheralList
 .text.sli_bootloader_preHook
                0x0000000008008678        0x2 build/debug/sdk/platform/bootloader/api/btl_interface.o
                0x0000000008008678                sli_bootloader_preHook
 .text.sli_bootloader_postHook
                0x000000000800867a        0x2 build/debug/sdk/platform/bootloader/api/btl_interface.o
                0x000000000800867a                sli_bootloader_postHook
 .text.bootloader_nsc_getResetReason
                0x000000000800867c       0x82 build/debug/sdk/platform/bootloader/api/btl_interface_nsc.o
                0x000000000800867c                __acle_se_bootloader_nsc_getResetReason
 .text.bootloader_nsc_getInfo
                0x00000000080086fe       0xac build/debug/sdk/platform/bootloader/api/btl_interface_nsc.o
                0x00000000080086fe                __acle_se_bootloader_nsc_getInfo
 .text.bootloader_nsc_init
                0x00000000080087aa       0x78 build/debug/sdk/platform/bootloader/api/btl_interface_nsc.o
                0x00000000080087aa                __acle_se_bootloader_nsc_init
 .text.bootloader_nsc_deinit
                0x0000000008008822       0x78 build/debug/sdk/platform/bootloader/api/btl_interface_nsc.o
                0x0000000008008822                __acle_se_bootloader_nsc_deinit
 .text.bootloader_nsc_rebootAndInstall
                0x000000000800889a       0x72 build/debug/sdk/platform/bootloader/api/btl_interface_nsc.o
                0x000000000800889a                __acle_se_bootloader_nsc_rebootAndInstall
 .text.bootloader_nsc_parserContextSize
                0x000000000800890c       0x78 build/debug/sdk/platform/bootloader/api/btl_interface_nsc.o
                0x000000000800890c                __acle_se_bootloader_nsc_parserContextSize
 .text.bootloader_nsc_verifyApplication
                0x0000000008008984       0x78 build/debug/sdk/platform/bootloader/api/btl_interface_nsc.o
                0x0000000008008984                __acle_se_bootloader_nsc_verifyApplication
 .text.bootloader_nsc_secureBootEnforced
                0x00000000080089fc       0x78 build/debug/sdk/platform/bootloader/api/btl_interface_nsc.o
                0x00000000080089fc                __acle_se_bootloader_nsc_secureBootEnforced
 .text.bootloader_nsc_getUpgradeLocation
                0x0000000008008a74       0xaa build/debug/sdk/platform/bootloader/api/btl_interface_nsc.o
                0x0000000008008a74                __acle_se_bootloader_nsc_getUpgradeLocation
 .text.bootloader_nsc_remainingApplicationUpgrades
                0x0000000008008b1e       0x78 build/debug/sdk/platform/bootloader/api/btl_interface_nsc.o
                0x0000000008008b1e                __acle_se_bootloader_nsc_remainingApplicationUpgrades
 .text.bootloader_nsc_getCertificateVersion
                0x0000000008008b96       0xaa build/debug/sdk/platform/bootloader/api/btl_interface_nsc.o
                0x0000000008008b96                __acle_se_bootloader_nsc_getCertificateVersion
 .text.bootloader_nsc_getStorageInfo
                0x0000000008008c40       0xac build/debug/sdk/platform/bootloader/api/btl_interface_nsc.o
                0x0000000008008c40                __acle_se_bootloader_nsc_getStorageInfo
 .text.bootloader_nsc_getStorageSlotInfo
                0x0000000008008cec       0xb6 build/debug/sdk/platform/bootloader/api/btl_interface_nsc.o
                0x0000000008008cec                __acle_se_bootloader_nsc_getStorageSlotInfo
 .text.bootloader_nsc_readStorage
                0x0000000008008da2       0xc0 build/debug/sdk/platform/bootloader/api/btl_interface_nsc.o
                0x0000000008008da2                __acle_se_bootloader_nsc_readStorage
 .text.bootloader_nsc_writeStorage
                0x0000000008008e62       0xc0 build/debug/sdk/platform/bootloader/api/btl_interface_nsc.o
                0x0000000008008e62                __acle_se_bootloader_nsc_writeStorage
 .text.bootloader_nsc_eraseWriteStorage
                0x0000000008008f22       0xc0 build/debug/sdk/platform/bootloader/api/btl_interface_nsc.o
                0x0000000008008f22                __acle_se_bootloader_nsc_eraseWriteStorage
 .text.bootloader_nsc_eraseStorageSlot
                0x0000000008008fe2       0x78 build/debug/sdk/platform/bootloader/api/btl_interface_nsc.o
                0x0000000008008fe2                __acle_se_bootloader_nsc_eraseStorageSlot
 .text.bootloader_nsc_initChunkedEraseStorageSlot
                0x000000000800905a       0xb6 build/debug/sdk/platform/bootloader/api/btl_interface_nsc.o
                0x000000000800905a                __acle_se_bootloader_nsc_initChunkedEraseStorageSlot
 .text.bootloader_nsc_chunkedEraseStorageSlot
                0x0000000008009110       0xbe build/debug/sdk/platform/bootloader/api/btl_interface_nsc.o
                0x0000000008009110                __acle_se_bootloader_nsc_chunkedEraseStorageSlot
 .text.bootloader_nsc_setImageToBootload
                0x00000000080091ce       0x78 build/debug/sdk/platform/bootloader/api/btl_interface_nsc.o
                0x00000000080091ce                __acle_se_bootloader_nsc_setImageToBootload
 .text.bootloader_nsc_setImagesToBootload
                0x0000000008009246       0xa6 build/debug/sdk/platform/bootloader/api/btl_interface_nsc.o
                0x0000000008009246                __acle_se_bootloader_nsc_setImagesToBootload
 .text.bootloader_nsc_getImagesToBootload
                0x00000000080092ec       0xa6 build/debug/sdk/platform/bootloader/api/btl_interface_nsc.o
                0x00000000080092ec                __acle_se_bootloader_nsc_getImagesToBootload
 .text.bootloader_nsc_appendImageToBootloadList
                0x0000000008009392       0x78 build/debug/sdk/platform/bootloader/api/btl_interface_nsc.o
                0x0000000008009392                __acle_se_bootloader_nsc_appendImageToBootloadList
 .text.bootloader_nsc_verifyImage
                0x000000000800940a       0x7a build/debug/sdk/platform/bootloader/api/btl_interface_nsc.o
                0x000000000800940a                __acle_se_bootloader_nsc_verifyImage
 .text.bootloader_nsc_getImageInfo
                0x0000000008009484       0xc0 build/debug/sdk/platform/bootloader/api/btl_interface_nsc.o
                0x0000000008009484                __acle_se_bootloader_nsc_getImageInfo
 .text.bootloader_nsc_storageIsBusy
                0x0000000008009544       0x78 build/debug/sdk/platform/bootloader/api/btl_interface_nsc.o
                0x0000000008009544                __acle_se_bootloader_nsc_storageIsBusy
 .text.bootloader_nsc_getAllocatedDMAChannel
                0x00000000080095bc       0x78 build/debug/sdk/platform/bootloader/api/btl_interface_nsc.o
                0x00000000080095bc                __acle_se_bootloader_nsc_getAllocatedDMAChannel
 .text.bootloader_getStorageSlotInfo
                0x0000000008009634       0x26 build/debug/sdk/platform/bootloader/api/btl_interface_storage.o
                0x0000000008009634                bootloader_getStorageSlotInfo
 .text.bootloader_initChunkedEraseStorageSlot
                0x000000000800965a       0x28 build/debug/sdk/platform/bootloader/api/btl_interface_storage.o
                0x000000000800965a                bootloader_initChunkedEraseStorageSlot
 .text.bootloader_verifyImage
                0x0000000008009682       0x4e build/debug/sdk/platform/bootloader/api/btl_interface_storage.o
                0x0000000008009682                bootloader_verifyImage
 .text.bootloader_getAllocatedDMAChannel
                0x00000000080096d0       0x60 build/debug/sdk/platform/bootloader/api/btl_interface_storage.o
                0x00000000080096d0                bootloader_getAllocatedDMAChannel
 .text.bootloader_eraseWriteStorage
                0x0000000008009730       0xd0 build/debug/sdk/platform/bootloader/api/btl_interface_storage.o
                0x0000000008009730                bootloader_eraseWriteStorage
 .text.bootloader_chunkedEraseStorageSlot
                0x0000000008009800       0x36 build/debug/sdk/platform/bootloader/api/btl_interface_storage.o
                0x0000000008009800                bootloader_chunkedEraseStorageSlot
 .text._exit    0x0000000008009836        0x2 build/debug/sdk/platform/common/src/sl_syscalls.o
                0x0000000008009836                _exit
 .text.Default_Handler
                0x0000000008009838        0x2 build/debug/sdk/platform/Device/SiliconLabs/EFR32FG23/Source/startup_efr32fg23.o
                0x0000000008009838                ULFRCO_IRQHandler
                0x0000000008009838                SW2_IRQHandler
                0x0000000008009838                TIMER2_IRQHandler
                0x0000000008009838                DebugMon_Handler
                0x0000000008009838                USART0_TX_IRQHandler
                0x0000000008009838                IADC_IRQHandler
                0x0000000008009838                EUSART0_TX_IRQHandler
                0x0000000008009838                I2C0_IRQHandler
                0x0000000008009838                LFXO_IRQHandler
                0x0000000008009838                VDAC_IRQHandler
                0x0000000008009838                HardFault_Handler
                0x0000000008009838                SMU_SECURE_IRQHandler
                0x0000000008009838                SysTick_Handler
                0x0000000008009838                SYSRTC_SEQ_IRQHandler
                0x0000000008009838                EMUEFP_IRQHandler
                0x0000000008009838                EUSART2_TX_IRQHandler
                0x0000000008009838                PendSV_Handler
                0x0000000008009838                NMI_Handler
                0x0000000008009838                SYNTH_IRQHandler
                0x0000000008009838                HOSTMAILBOX_IRQHandler
                0x0000000008009838                HFXO0_IRQHandler
                0x0000000008009838                I2C1_IRQHandler
                0x0000000008009838                WDOG0_IRQHandler
                0x0000000008009838                TIMER3_IRQHandler
                0x0000000008009838                SYSCFG_IRQHandler
                0x0000000008009838                RFECA1_IRQHandler
                0x0000000008009838                EMUDG_IRQHandler
                0x0000000008009838                MSC_IRQHandler
                0x0000000008009838                DPLL0_IRQHandler
                0x0000000008009838                UsageFault_Handler
                0x0000000008009838                WDOG1_IRQHandler
                0x0000000008009838                M33CTI1_IRQHandler
                0x0000000008009838                TIMER4_IRQHandler
                0x0000000008009838                GPIO_EVEN_IRQHandler
                0x0000000008009838                LDMA_IRQHandler
                0x0000000008009838                SEMBTX_IRQHandler
                0x0000000008009838                SW0_IRQHandler
                0x0000000008009838                TIMER0_IRQHandler
                0x0000000008009838                LCD_IRQHandler
                0x0000000008009838                LETIMER0_IRQHandler
                0x0000000008009838                EUSART1_RX_IRQHandler
                0x0000000008009838                TIMER1_IRQHandler
                0x0000000008009838                HFRCO0_IRQHandler
                0x0000000008009838                SecureFault_Handler
                0x0000000008009838                BUFC_IRQHandler
                0x0000000008009838                DCDC_IRQHandler
                0x0000000008009838                MODEM_IRQHandler
                0x0000000008009838                Default_Handler
                0x0000000008009838                RAC_SEQ_IRQHandler
                0x0000000008009838                FRC_PRI_IRQHandler
                0x0000000008009838                EMU_IRQHandler
                0x0000000008009838                SW3_IRQHandler
                0x0000000008009838                KERNEL0_IRQHandler
                0x0000000008009838                FRC_IRQHandler
                0x0000000008009838                PCNT0_IRQHandler
                0x0000000008009838                KERNEL1_IRQHandler
                0x0000000008009838                AGC_IRQHandler
                0x0000000008009838                EUSART1_TX_IRQHandler
                0x0000000008009838                KEYSCAN_IRQHandler
                0x0000000008009838                HFRCOEM23_IRQHandler
                0x0000000008009838                BURTC_IRQHandler
                0x0000000008009838                SEMBRX_IRQHandler
                0x0000000008009838                RFECA0_IRQHandler
                0x0000000008009838                LFRCO_IRQHandler
                0x0000000008009838                ACMP0_IRQHandler
                0x0000000008009838                USART0_RX_IRQHandler
                0x0000000008009838                SVC_Handler
                0x0000000008009838                EUSART2_RX_IRQHandler
                0x0000000008009838                SMU_S_PRIVILEGED_IRQHandler
                0x0000000008009838                SW1_IRQHandler
                0x0000000008009838                CMU_IRQHandler
                0x0000000008009838                EUSART0_RX_IRQHandler
                0x0000000008009838                RAC_RSM_IRQHandler
                0x0000000008009838                SETAMPERHOST_IRQHandler
                0x0000000008009838                GPIO_ODD_IRQHandler
                0x0000000008009838                LESENSE_IRQHandler
                0x0000000008009838                AES_IRQHandler
                0x0000000008009838                M33CTI0_IRQHandler
                0x0000000008009838                ICACHE0_IRQHandler
                0x0000000008009838                SMU_NS_PRIVILEGED_IRQHandler
                0x0000000008009838                FPUEXH_IRQHandler
                0x0000000008009838                PROTIMER_IRQHandler
                0x0000000008009838                ACMP1_IRQHandler
                0x0000000008009838                BusFault_Handler
                0x0000000008009838                MPAHBRAM_IRQHandler
                0x0000000008009838                SYSRTC_APP_IRQHandler
 .text.CopyMemory
                0x000000000800983a       0x1a build/debug/sdk/platform/Device/SiliconLabs/EFR32FG23/Source/startup_efr32fg23.o
                0x000000000800983a                CopyMemory
 .text.pagesRepack
                0x0000000008009854       0x1a build/debug/sdk/platform/emdrv/nvm3/src/nvm3.o
 .text.thrHard  0x000000000800986e       0x20 build/debug/sdk/platform/emdrv/nvm3/src/nvm3.o
 .text.thrSoftMinimum
                0x000000000800988e       0x20 build/debug/sdk/platform/emdrv/nvm3/src/nvm3.o
 .text.scanPage
                0x00000000080098ae       0x32 build/debug/sdk/platform/emdrv/nvm3/src/nvm3.o
 .text.workBegin
                0x00000000080098e0       0x16 build/debug/sdk/platform/emdrv/nvm3/src/nvm3.o
 .text.findValidPageCnt
                0x00000000080098f6       0x3e build/debug/sdk/platform/emdrv/nvm3/src/nvm3.o
 .text.erasePage
                0x0000000008009934       0x22 build/debug/sdk/platform/emdrv/nvm3/src/nvm3.o
 .text.getPreviousGoodPage
                0x0000000008009956       0x42 build/debug/sdk/platform/emdrv/nvm3/src/nvm3.o
 .text.findCurrentEraseCnt
                0x0000000008009998       0x5e build/debug/sdk/platform/emdrv/nvm3/src/nvm3.o
 .text.eraseAllPages
                0x00000000080099f6       0x7a build/debug/sdk/platform/emdrv/nvm3/src/nvm3.o
 .text.getFirstObjAdrInNextGoodPage
                0x0000000008009a70       0x5a build/debug/sdk/platform/emdrv/nvm3/src/nvm3.o
 .text.getNextObj
                0x0000000008009aca       0x2c build/debug/sdk/platform/emdrv/nvm3/src/nvm3.o
 .text.getFreeSize
                0x0000000008009af6       0x66 build/debug/sdk/platform/emdrv/nvm3/src/nvm3.o
 .text.cacheUpdateCallback
                0x0000000008009b5c       0x12 build/debug/sdk/platform/emdrv/nvm3/src/nvm3.o
 .text.validateObj
                0x0000000008009b6e       0x24 build/debug/sdk/platform/emdrv/nvm3/src/nvm3.o
 .text.eraseFirstPageCallback
                0x0000000008009b92       0x2e build/debug/sdk/platform/emdrv/nvm3/src/nvm3.o
 .text.enumScanCacheCallback
                0x0000000008009bc0       0x36 build/debug/sdk/platform/emdrv/nvm3/src/nvm3.o
 .text.eraseFirstPageScanCacheCallback
                0x0000000008009bf6       0x1c build/debug/sdk/platform/emdrv/nvm3/src/nvm3.o
 .text.workEnd.isra.0
                0x0000000008009c12       0x10 build/debug/sdk/platform/emdrv/nvm3/src/nvm3.o
 .text.counterIdxToAdr.isra.0
                0x0000000008009c22       0x68 build/debug/sdk/platform/emdrv/nvm3/src/nvm3.o
 .text.counterIncFldGet
                0x0000000008009c8a       0x44 build/debug/sdk/platform/emdrv/nvm3/src/nvm3.o
 .text.readCounter
                0x0000000008009cce      0x19a build/debug/sdk/platform/emdrv/nvm3/src/nvm3.o
 .text.nvm3_enumObjects
                0x0000000008009e68       0x12 build/debug/sdk/platform/emdrv/nvm3/src/nvm3.o
                0x0000000008009e68                nvm3_enumObjects
 .text.nvm3_enumDeletedObjects
                0x0000000008009e7a       0x12 build/debug/sdk/platform/emdrv/nvm3/src/nvm3.o
                0x0000000008009e7a                nvm3_enumDeletedObjects
 .text.nvm3_eraseAll
                0x0000000008009e8c       0x36 build/debug/sdk/platform/emdrv/nvm3/src/nvm3.o
                0x0000000008009e8c                nvm3_eraseAll
 .text.nvm3_getEraseCount
                0x0000000008009ec2       0x46 build/debug/sdk/platform/emdrv/nvm3/src/nvm3.o
                0x0000000008009ec2                nvm3_getEraseCount
 .text.nvm3_repack
                0x0000000008009f08       0x42 build/debug/sdk/platform/emdrv/nvm3/src/nvm3.o
                0x0000000008009f08                nvm3_repack
 .text.nvm3_repackNeeded
                0x0000000008009f4a       0x34 build/debug/sdk/platform/emdrv/nvm3/src/nvm3.o
                0x0000000008009f4a                nvm3_repackNeeded
 .text.nvm3_resize
                0x0000000008009f7e      0x190 build/debug/sdk/platform/emdrv/nvm3/src/nvm3.o
                0x0000000008009f7e                nvm3_resize
 .text.nvm3_cacheClear
                0x000000000800a10e       0x24 build/debug/sdk/platform/emdrv/nvm3/src/nvm3_cache.o
                0x000000000800a10e                nvm3_cacheClear
 .text.nvm3_cacheOpen
                0x000000000800a132        0x8 build/debug/sdk/platform/emdrv/nvm3/src/nvm3_cache.o
                0x000000000800a132                nvm3_cacheOpen
 .text.nvm3_cacheDelete
                0x000000000800a13a       0x32 build/debug/sdk/platform/emdrv/nvm3/src/nvm3_cache.o
                0x000000000800a13a                nvm3_cacheDelete
 .text.nvm3_cacheGet
                0x000000000800a16c       0x34 build/debug/sdk/platform/emdrv/nvm3/src/nvm3_cache.o
                0x000000000800a16c                nvm3_cacheGet
 .text.nvm3_halFlashAccess
                0x000000000800a1a0        0x2 build/debug/sdk/platform/emdrv/nvm3/src/nvm3_hal_flash.o
 .text.nvm3_halFlashWriteWords
                0x000000000800a1a2       0x30 build/debug/sdk/platform/emdrv/nvm3/src/nvm3_hal_flash.o
 .text.nvm3_halFlashGetInfo
                0x000000000800a1d2       0x22 build/debug/sdk/platform/emdrv/nvm3/src/nvm3_hal_flash.o
 .text.nvm3_halFlashClose
                0x000000000800a1f4        0x4 build/debug/sdk/platform/emdrv/nvm3/src/nvm3_hal_flash.o
 .text.nvm3_halFlashOpen
                0x000000000800a1f8        0xa build/debug/sdk/platform/emdrv/nvm3/src/nvm3_hal_flash.o
 .text.nvm3_halFlashReadWords
                0x000000000800a202       0x2e build/debug/sdk/platform/emdrv/nvm3/src/nvm3_hal_flash.o
 .text.nvm3_halFlashPageErase
                0x000000000800a230       0x36 build/debug/sdk/platform/emdrv/nvm3/src/nvm3_hal_flash.o
 .text.nvm3_lockDisableExecute
                0x000000000800a266        0x2 build/debug/sdk/platform/emdrv/nvm3/src/nvm3_lock.o
                0x000000000800a266                nvm3_lockDisableExecute
 .text.nvm3_objHdrValidateSmall
                0x000000000800a268       0x2a build/debug/sdk/platform/emdrv/nvm3/src/nvm3_object.o
                0x000000000800a268                nvm3_objHdrValidateSmall
 .text.nvm3_objHdrValidateLarge
                0x000000000800a292       0x36 build/debug/sdk/platform/emdrv/nvm3/src/nvm3_object.o
                0x000000000800a292                nvm3_objHdrValidateLarge
 .text.nvm3_objHdrGetErased
                0x000000000800a2c8        0xa build/debug/sdk/platform/emdrv/nvm3/src/nvm3_object.o
                0x000000000800a2c8                nvm3_objHdrGetErased
 .text.nvm3_objHdrGetFragTyp
                0x000000000800a2d2       0x10 build/debug/sdk/platform/emdrv/nvm3/src/nvm3_object.o
                0x000000000800a2d2                nvm3_objHdrGetFragTyp
 .text.nvm3_objHdrGetKey
                0x000000000800a2e2        0x8 build/debug/sdk/platform/emdrv/nvm3/src/nvm3_object.o
                0x000000000800a2e2                nvm3_objHdrGetKey
 .text.nvm3_objHdrGetHdrIsLarge
                0x000000000800a2ea       0x10 build/debug/sdk/platform/emdrv/nvm3/src/nvm3_object.o
                0x000000000800a2ea                nvm3_objHdrGetHdrIsLarge
 .text.nvm3_objHdrGetHdrLen
                0x000000000800a2fa        0xe build/debug/sdk/platform/emdrv/nvm3/src/nvm3_object.o
                0x000000000800a2fa                nvm3_objHdrGetHdrLen
 .text.nvm3_objHdrGetDatLen
                0x000000000800a308       0x1e build/debug/sdk/platform/emdrv/nvm3/src/nvm3_object.o
                0x000000000800a308                nvm3_objHdrGetDatLen
 .text.nvm3_objHdrGetType
                0x000000000800a326        0x8 build/debug/sdk/platform/emdrv/nvm3/src/nvm3_object.o
                0x000000000800a326                nvm3_objHdrGetType
 .text.nvm3_objGroupToType
                0x000000000800a32e       0x1a build/debug/sdk/platform/emdrv/nvm3/src/nvm3_object.o
                0x000000000800a32e                nvm3_objGroupToType
 .text.nvm3_pageSetBad
                0x000000000800a348       0x26 build/debug/sdk/platform/emdrv/nvm3/src/nvm3_page.o
                0x000000000800a348                nvm3_pageSetBad
 .text.nvm3_pageSetEip
                0x000000000800a36e       0x3e build/debug/sdk/platform/emdrv/nvm3/src/nvm3_page.o
                0x000000000800a36e                nvm3_pageSetEip
 .text.nvm3_pageGetEraseCnt
                0x000000000800a3ac       0x52 build/debug/sdk/platform/emdrv/nvm3/src/nvm3_page.o
                0x000000000800a3ac                nvm3_pageGetEraseCnt
 .text.nvm3_pageGetState
                0x000000000800a3fe       0x4a build/debug/sdk/platform/emdrv/nvm3/src/nvm3_page.o
                0x000000000800a3fe                nvm3_pageGetState
 .text.nvm3_pageStateIsGood
                0x000000000800a448        0xa build/debug/sdk/platform/emdrv/nvm3/src/nvm3_page.o
                0x000000000800a448                nvm3_pageStateIsGood
 .text.nvm3_pageStateIsInvalid
                0x000000000800a452        0xc build/debug/sdk/platform/emdrv/nvm3/src/nvm3_page.o
                0x000000000800a452                nvm3_pageStateIsInvalid
 .text.nvm3_pageGetFirstObj
                0x000000000800a45e        0x4 build/debug/sdk/platform/emdrv/nvm3/src/nvm3_page.o
                0x000000000800a45e                nvm3_pageGetFirstObj
 .text.nvm3_pageErase
                0x000000000800a462       0x34 build/debug/sdk/platform/emdrv/nvm3/src/nvm3_page.o
                0x000000000800a462                nvm3_pageErase
 .text.nvm3_utilsComputeBergerCode
                0x000000000800a496       0x3c build/debug/sdk/platform/emdrv/nvm3/src/nvm3_utils.o
                0x000000000800a496                nvm3_utilsComputeBergerCode
 .text.sl_se_init
                0x000000000800a4d2        0x4 build/debug/sdk/platform/security/sl_component/se_manager/src/sl_se_manager.o
                0x000000000800a4d2                sl_se_init
 .text.sl_se_deinit_command_context
                0x000000000800a4d6        0xa build/debug/sdk/platform/security/sl_component/se_manager/src/sl_se_manager.o
                0x000000000800a4d6                sl_se_deinit_command_context
 .text.sli_key_get_size
                0x000000000800a4e0       0x56 build/debug/sdk/platform/security/sl_component/se_manager/src/sl_se_manager_key_handling.o
                0x000000000800a4e0                sli_key_get_size
 .text.sli_key_get_storage_size
                0x000000000800a536       0x72 build/debug/sdk/platform/security/sl_component/se_manager/src/sl_se_manager_key_handling.o
                0x000000000800a536                sli_key_get_storage_size
 .text.sli_key_check_equivalent
                0x000000000800a5a8       0xb6 build/debug/sdk/platform/security/sl_component/se_manager/src/sl_se_manager_key_handling.o
                0x000000000800a5a8                sli_key_check_equivalent
 .text.sli_se_key_to_keyspec
                0x000000000800a65e      0x1ce build/debug/sdk/platform/security/sl_component/se_manager/src/sl_se_manager_key_handling.o
                0x000000000800a65e                sli_se_key_to_keyspec
 .text.sli_se_get_key_input_output
                0x000000000800a82c       0x54 build/debug/sdk/platform/security/sl_component/se_manager/src/sl_se_manager_key_handling.o
                0x000000000800a82c                sli_se_get_key_input_output
 .text.sl_se_generate_key
                0x000000000800a880       0xea build/debug/sdk/platform/security/sl_component/se_manager/src/sl_se_manager_key_handling.o
                0x000000000800a880                sl_se_generate_key
 .text.sl_se_import_key
                0x000000000800a96a       0x90 build/debug/sdk/platform/security/sl_component/se_manager/src/sl_se_manager_key_handling.o
                0x000000000800a96a                sl_se_import_key
 .text.sl_se_export_key
                0x000000000800a9fa       0x90 build/debug/sdk/platform/security/sl_component/se_manager/src/sl_se_manager_key_handling.o
                0x000000000800a9fa                sl_se_export_key
 .text.sli_se_mailbox_command_add_input
                0x000000000800aa8a       0x14 build/debug/sdk/platform/security/sl_component/se_manager/src/sli_se_manager_mailbox.o
                0x000000000800aa8a                sli_se_mailbox_command_add_input
 .text.sli_psa_key_is_unconditionally_copyable
                0x000000000800aa9e       0x10 build/debug/sdk/platform/security/sl_component/sl_mbedtls_support/src/sli_psa_crypto.o
                0x000000000800aa9e                sli_psa_key_is_unconditionally_copyable
 .text.psa_extend_key_usage_flags
                0x000000000800aaae       0x1a build/debug/sdk/platform/security/sl_component/sl_psa_driver/src/sl_psa_its_nvm3.o
 .text.object_lives_in_s
                0x000000000800aac8       0x24 build/debug/sdk/platform/security/sl_component/sl_psa_driver/src/sl_psa_its_nvm3.o
 .text.psa_its_get_info
                0x000000000800aaec       0x48 build/debug/sdk/platform/security/sl_component/sl_psa_driver/src/sl_psa_its_nvm3.o
                0x000000000800aaec                psa_its_get_info
 .text.sli_psa_its_encrypted
                0x000000000800ab34        0x4 build/debug/sdk/platform/security/sl_component/sl_psa_driver/src/sl_psa_its_nvm3.o
                0x000000000800ab34                sli_psa_its_encrypted
 .text.sli_se_transparent_driver_init
                0x000000000800ab38       0x12 build/debug/sdk/platform/security/sl_component/sl_psa_driver/src/sli_psa_driver_init.o
                0x000000000800ab38                sli_se_transparent_driver_init
 .text.sli_se_opaque_driver_init
                0x000000000800ab4a        0x4 build/debug/sdk/platform/security/sl_component/sl_psa_driver/src/sli_psa_driver_init.o
                0x000000000800ab4a                sli_se_opaque_driver_init
 .text.mbedtls_psa_external_get_random
                0x000000000800ab4e       0x38 build/debug/sdk/platform/security/sl_component/sl_psa_driver/src/sli_psa_trng.o